<html>
<body>
<pre>
<h1>µVision Build Log</h1>
<h2>Tool Versions:</h2>
IDE-Version: ¦ÌVision V5.38.0.0
Copyright (C) 2022 ARM Ltd and ARM Germany GmbH. All rights reserved.
License Information: 1 1, 1, LIC=VGXG8-3HY33-8TX3P-M5YGQ-VLY2T-MPC3D
 
Tool Versions:
Toolchain:       MDK-ARM Plus  Version: 5.38.0.0
Toolchain Path:  D:\keil_v5\ARM\ARMCC\Bin
C Compiler:      Armcc.exe V5.06 update 6 (build 750)
Assembler:       Armasm.exe V5.06 update 6 (build 750)
Linker/Locator:  ArmLink.exe V5.06 update 6 (build 750)
Library Manager: ArmAr.exe V5.06 update 6 (build 750)
Hex Converter:   FromElf.exe V5.06 update 6 (build 750)
CPU DLL:         SARMCM3.DLL V5.38.0.0
Dialog DLL:      DARMCM1.DLL V1.19.6.0
Target DLL:      STLink\ST-LINKIII-KEIL_SWO.dll V3.1.0.0
Dialog DLL:      TARMCM1.DLL V1.14.6.0
 
<h2>Project:</h2>
D:\kaihuibishe\cjm´úÂë\Cjm_1.02£¨real£©\Project\Templete.uvprojx
Project File Date:  04/03/2025

<h2>Output:</h2>
*** Using Compiler 'V5.06 update 6 (build 750)', folder: 'D:\keil_v5\ARM\ARMCC\Bin'
Build target 'HT32'
compiling abs_lora.c...
linking...
Program Size: Code=11092 RO-data=352 RW-data=36 ZI-data=764  
FromELF: creating hex file...
After Build - User command #1: fromelf --bin -o ..\Output\Project.axf.bin ..\Output\Project.axf
"..\Output\Project.axf" - 0 Error(s), 0 Warning(s).

<h2>Software Packages used:</h2>

Package Vendor: Holtek
                https://mcu.holtek.com.tw/pack/Holtek.HT32_DFP.1.0.62.pack
                Holtek.HT32_DFP.1.0.62
                Holtek HT32 Family Support

<h2>Collection of Component include folders:</h2>
  D:/keil_v5/pack/Holtek/HT32_DFP/1.0.62/ARM/INC/Holtek/HT32F5xxxx

<h2>Collection of Component Files used:</h2>
Build Time Elapsed:  00:00:02
</pre>
</body>
</html>
