Component: ARM Compiler 5.06 update 6 (build 750) Tool: armlink [4d35ed]

==============================================================================

Section Cross References

    syscall_mem.o(i.calloc) refers (Special) to hguard.o(.text) for __use_no_heap
    syscall_mem.o(i.calloc) refers to kservice.o(i.rt_calloc) for rt_calloc
    syscall_mem.o(i.free) refers (Special) to hguard.o(.text) for __use_no_heap
    syscall_mem.o(i.free) refers to kservice.o(i.rt_free) for rt_free
    syscall_mem.o(i.malloc) refers (Special) to hguard.o(.text) for __use_no_heap
    syscall_mem.o(i.malloc) refers to kservice.o(i.rt_malloc) for rt_malloc
    syscall_mem.o(i.realloc) refers (Special) to hguard.o(.text) for __use_no_heap
    syscall_mem.o(i.realloc) refers to kservice.o(i.rt_realloc) for rt_realloc
    syscalls.o(i._sys_close) refers (Special) to use_no_semi.o(.text) for __use_no_semihosting_swi
    syscalls.o(i._sys_command_string) refers (Special) to use_no_semi.o(.text) for __use_no_semihosting_swi
    syscalls.o(i._sys_ensure) refers (Special) to use_no_semi.o(.text) for __use_no_semihosting_swi
    syscalls.o(i._sys_exit) refers (Special) to use_no_semi.o(.text) for __use_no_semihosting_swi
    syscalls.o(i._sys_exit) refers to cstdlib.o(i.__rt_libc_exit) for __rt_libc_exit
    syscalls.o(i._sys_flen) refers (Special) to use_no_semi.o(.text) for __use_no_semihosting_swi
    syscalls.o(i._sys_istty) refers (Special) to use_no_semi.o(.text) for __use_no_semihosting_swi
    syscalls.o(i._sys_open) refers (Special) to use_no_semi.o(.text) for __use_no_semihosting_swi
    syscalls.o(i._sys_open) refers to strcmp.o(.text) for strcmp
    syscalls.o(i._sys_open) refers to syscalls.o(.constdata) for __stdin_name
    syscalls.o(i._sys_read) refers (Special) to use_no_semi.o(.text) for __use_no_semihosting_swi
    syscalls.o(i._sys_seek) refers (Special) to use_no_semi.o(.text) for __use_no_semihosting_swi
    syscalls.o(i._sys_tmpnam) refers (Special) to use_no_semi.o(.text) for __use_no_semihosting_swi
    syscalls.o(i._sys_tmpnam) refers to kstdio.o(i.rt_snprintf) for rt_snprintf
    syscalls.o(i._sys_write) refers (Special) to use_no_semi.o(.text) for __use_no_semihosting_swi
    syscalls.o(i._sys_write) refers to kservice.o(i.rt_console_get_device) for rt_console_get_device
    syscalls.o(i._sys_write) refers to device.o(i.rt_device_write) for rt_device_write
    syscalls.o(i._ttywrch) refers (Special) to use_no_semi.o(.text) for __use_no_semihosting_swi
    syscalls.o(i._ttywrch) refers to kservice.o(i.rt_kprintf) for rt_kprintf
    syscalls.o(i.remove) refers (Special) to use_no_semi.o(.text) for __use_no_semihosting_swi
    syscalls.o(.constdata) refers (Special) to use_no_semi.o(.text) for __use_no_semihosting_swi
    cstdlib.o(i.__rt_libc_exit) refers to thread.o(i.rt_thread_self) for rt_thread_self
    cstdlib.o(i.__rt_libc_exit) refers to thread.o(i.rt_thread_control) for rt_thread_control
    cstdlib.o(i.itoa) refers to cstdlib.o(i.ltoa) for ltoa
    cstdlib.o(i.ltoa) refers to aeabi_sdiv.o(.text) for __aeabi_uidivmod
    cstdlib.o(i.system) refers to kstring.o(i.rt_strlen) for rt_strlen
    cstdlib.o(i.system) refers to msh.o(i.msh_exec) for msh_exec
    cstdlib.o(i.ultoa) refers to aeabi_sdiv.o(.text) for __aeabi_uidivmod
    cstdlib.o(i.utoa) refers to cstdlib.o(i.ultoa) for ultoa
    cstring.o(i.bcmp) refers to kstring.o(i.rt_memcmp) for rt_memcmp
    cstring.o(i.bcopy) refers to kstring.o(i.rt_memcpy) for rt_memcpy
    cstring.o(i.bzero) refers to kstring.o(i.rt_memset) for rt_memset
    cstring.o(i.index) refers to strchr.o(.text) for strchr
    cstring.o(i.rindex) refers to strrchr.o(.text) for strrchr
    cstring.o(i.strcasecmp) refers to tolower.o(.text) for tolower
    cstring.o(i.strdup) refers to strlen.o(.text) for strlen
    cstring.o(i.strdup) refers to syscall_mem.o(i.malloc) for malloc
    cstring.o(i.strdup) refers to strcpy.o(.text) for strcpy
    cstring.o(i.strncasecmp) refers to tolower.o(.text) for tolower
    cstring.o(i.strndup) refers to cstring.o(i.strnlen) for strnlen
    cstring.o(i.strndup) refers to syscall_mem.o(i.malloc) for malloc
    cstring.o(i.strndup) refers to kstring.o(i.rt_memcpy) for rt_memcpy
    cstring.o(i.strtok_r) refers to strchr.o(.text) for strchr
    ctime.o(i.__isleap) refers to aeabi_sdiv.o(.text) for __aeabi_idivmod
    ctime.o(i.asctime) refers to ctime.o(i.asctime_r) for asctime_r
    ctime.o(i.asctime) refers to ctime.o(.bss) for buf
    ctime.o(i.asctime_r) refers to kerrno.o(i.rt_set_errno) for rt_set_errno
    ctime.o(i.asctime_r) refers to kstring.o(i.rt_memset) for rt_memset
    ctime.o(i.asctime_r) refers to kstring.o(i.rt_strlen) for rt_strlen
    ctime.o(i.asctime_r) refers to ctime.o(i.num2str) for num2str
    ctime.o(i.asctime_r) refers to aeabi_sdiv.o(.text) for __aeabi_idivmod
    ctime.o(i.asctime_r) refers to ctime.o(.constdata) for days
    ctime.o(i.clock) refers to clock.o(i.rt_tick_get) for rt_tick_get
[...]
    rt_hw_backtrace_frame_get                0x00007cf5   Thumb Code     8  kservice.o(i.rt_hw_backtrace_frame_get)
    rt_hw_backtrace_frame_unwind             0x00007cfd   Thumb Code     8  kservice.o(i.rt_hw_backtrace_frame_unwind)
    rt_hw_board_clock_init                   0x00007d05   Thumb Code     2  board.o(i.rt_hw_board_clock_init)
    rt_hw_board_init                         0x00007d09   Thumb Code    30  drv_common.o(i.rt_hw_board_init)
    rt_hw_console_output                     0x00007d39   Thumb Code     2  kservice.o(i.rt_hw_console_output)
    rt_hw_cpu_reset                          0x00007d3d   Thumb Code     8  cpuport.o(i.rt_hw_cpu_reset)
    rt_hw_hard_fault_exception               0x00007d4d   Thumb Code    88  cpuport.o(i.rt_hw_hard_fault_exception)
    rt_hw_pin_init                           0x00007e41   Thumb Code    18  drv_gpio.o(i.rt_hw_pin_init)
    rt_hw_serial_isr                         0x00007e5d   Thumb Code   224  dev_serial.o(i.rt_hw_serial_isr)
    rt_hw_serial_register                    0x00007f3d   Thumb Code    72  dev_serial.o(i.rt_hw_serial_register)
    rt_hw_stack_init                         0x00007f9d   Thumb Code    58  cpuport.o(i.rt_hw_stack_init)
    rt_hw_systick_init                       0x00007fdd   Thumb Code    56  drv_common.o(i.rt_hw_systick_init)
    rt_hw_usart_init                         0x00008019   Thumb Code    88  drv_usart.o(i.rt_hw_usart_init)
    rt_interrupt_enter                       0x00008081   Thumb Code    50  irq.o(i.rt_interrupt_enter)
    rt_interrupt_get_nest                    0x000080bd   Thumb Code    40  irq.o(i.rt_interrupt_get_nest)
    rt_interrupt_leave                       0x000080e9   Thumb Code    50  irq.o(i.rt_interrupt_leave)
    rt_kprintf                               0x00008125   Thumb Code    52  kservice.o(i.rt_kprintf)
    rt_malloc                                0x00008221   Thumb Code    54  kservice.o(i.rt_malloc)
    rt_memcpy                                0x00008261   Thumb Code    98  kstring.o(i.rt_memcpy)
    rt_memmove                               0x000082c3   Thumb Code    66  kstring.o(i.rt_memmove)
    rt_memory_info                           0x00008305   Thumb Code    66  kservice.o(i.rt_memory_info)
    rt_memset                                0x0000834d   Thumb Code   102  kstring.o(i.rt_memset)
    rt_mutex_drop_thread                     0x000083b3   Thumb Code   142  ipc.o(i.rt_mutex_drop_thread)
    rt_mutex_init                            0x00008441   Thumb Code    64  ipc.o(i.rt_mutex_init)
    rt_mutex_release                         0x00008481   Thumb Code   290  ipc.o(i.rt_mutex_release)
    rt_mutex_take                            0x000085a9   Thumb Code    18  ipc.o(i.rt_mutex_take)
    rt_object_allocate                       0x000085bd   Thumb Code   108  object.o(i.rt_object_allocate)
    rt_object_delete                         0x0000862d   Thumb Code    72  object.o(i.rt_object_delete)
    rt_object_detach                         0x00008679   Thumb Code    66  object.o(i.rt_object_detach)
    rt_object_find                           0x000086c1   Thumb Code    34  object.o(i.rt_object_find)
    rt_object_for_each                       0x000086e9   Thumb Code   104  object.o(i.rt_object_for_each)
    rt_object_get_information                0x00008751   Thumb Code    44  object.o(i.rt_object_get_information)
    rt_object_get_type                       0x00008781   Thumb Code    10  object.o(i.rt_object_get_type)
    rt_object_init                           0x0000878d   Thumb Code    84  object.o(i.rt_object_init)
    rt_object_is_systemobject                0x000087e5   Thumb Code    20  object.o(i.rt_object_is_systemobject)
    rt_pin_get                               0x000087f9   Thumb Code    32  dev_pin.o(i.rt_pin_get)
    rt_pin_mode                              0x0000881d   Thumb Code    22  dev_pin.o(i.rt_pin_mode)
    rt_pin_read                              0x00008839   Thumb Code    18  dev_pin.o(i.rt_pin_read)
    rt_pin_write                             0x00008851   Thumb Code    22  dev_pin.o(i.rt_pin_write)
    rt_sched_insert_thread                   0x0000886d   Thumb Code   146  scheduler_up.o(i.rt_sched_insert_thread)
    rt_sched_lock                            0x00008909   Thumb Code    24  scheduler_up.o(i.rt_sched_lock)
    rt_sched_remove_thread                   0x00008921   Thumb Code    78  scheduler_up.o(i.rt_sched_remove_thread)
    rt_sched_thread_bind_cpu                 0x00008979   Thumb Code     8  scheduler_up.o(i.rt_sched_thread_bind_cpu)
    rt_sched_thread_change_priority          0x00008981   Thumb Code    66  scheduler_comm.o(i.rt_sched_thread_change_priority)
    rt_sched_thread_close                    0x000089c3   Thumb Code    12  scheduler_comm.o(i.rt_sched_thread_close)
    rt_sched_thread_get_curr_prio            0x000089cf   Thumb Code     8  scheduler_comm.o(i.rt_sched_thread_get_curr_prio)
    rt_sched_thread_get_init_prio            0x000089d7   Thumb Code     8  scheduler_comm.o(i.rt_sched_thread_get_init_prio)
    rt_sched_thread_get_stat                 0x000089df   Thumb Code    12  scheduler_comm.o(i.rt_sched_thread_get_stat)
    rt_sched_thread_init_ctx                 0x000089eb   Thumb Code    26  scheduler_comm.o(i.rt_sched_thread_init_ctx)
    rt_sched_thread_init_priv                0x00008a05   Thumb Code    34  scheduler_up.o(i.rt_sched_thread_init_priv)
    rt_sched_thread_is_suspended             0x00008a27   Thumb Code    14  scheduler_comm.o(i.rt_sched_thread_is_suspended)
    rt_sched_thread_ready                    0x00008a35   Thumb Code    78  scheduler_comm.o(i.rt_sched_thread_ready)
    rt_sched_thread_startup                  0x00008a83   Thumb Code    18  scheduler_up.o(i.rt_sched_thread_startup)
    rt_sched_thread_timer_start              0x00008a95   Thumb Code    20  scheduler_comm.o(i.rt_sched_thread_timer_start)
    rt_sched_thread_timer_stop               0x00008aa9   Thumb Code    46  scheduler_comm.o(i.rt_sched_thread_timer_stop)
    rt_sched_thread_yield                    0x00008ad7   Thumb Code    22  scheduler_comm.o(i.rt_sched_thread_yield)
    rt_sched_tick_increase                   0x00008aed   Thumb Code    64  scheduler_comm.o(i.rt_sched_tick_increase)
    rt_sched_unlock                          0x00008b2d   Thumb Code    14  scheduler_up.o(i.rt_sched_unlock)
    rt_sched_unlock_n_resched                0x00008b3b   Thumb Code    26  scheduler_up.o(i.rt_sched_unlock_n_resched)
    rt_schedule                              0x00008b55   Thumb Code   294  scheduler_up.o(i.rt_schedule)
    rt_sem_init                              0x00008c95   Thumb Code    36  ipc.o(i.rt_sem_init)
    rt_sem_release                           0x00008cbd   Thumb Code   122  ipc.o(i.rt_sem_release)
    rt_sem_take                              0x00008d3d   Thumb Code    18  ipc.o(i.rt_sem_take)
    rt_set_errno                             0x000090c5   Thumb Code    42  kerrno.o(i.rt_set_errno)
    rt_show_version                          0x000090f5   Thumb Code    42  kservice.o(i.rt_show_version)
    rt_smem_alloc                            0x000091b9   Thumb Code   286  mem.o(i.rt_smem_alloc)
    rt_smem_free                             0x000092d7   Thumb Code    72  mem.o(i.rt_smem_free)
    rt_smem_init                             0x00009321   Thumb Code   182  mem.o(i.rt_smem_init)
    rt_snprintf                              0x0000941d   Thumb Code    42  kstdio.o(i.rt_snprintf)
    rt_spin_lock                             0x00009465   Thumb Code    14  cpu_up.o(i.rt_spin_lock)
    rt_spin_lock_init                        0x00009473   Thumb Code     2  cpu_up.o(i.rt_spin_lock_init)
    rt_spin_lock_irqsave                     0x00009475   Thumb Code    22  cpu_up.o(i.rt_spin_lock_irqsave)
    rt_spin_unlock                           0x0000948b   Thumb Code    22  cpu_up.o(i.rt_spin_unlock)
    rt_spin_unlock_irqrestore                0x000094a1   Thumb Code    30  cpu_up.o(i.rt_spin_unlock_irqrestore)
    rt_strcmp                                0x000094bf   Thumb Code    30  kstring.o(i.rt_strcmp)
    rt_strerror                              0x000094dd   Thumb Code    42  kerrno.o(i.rt_strerror)
    rt_strlen                                0x00009515   Thumb Code    20  kstring.o(i.rt_strlen)
    rt_strncmp                               0x00009529   Thumb Code    42  kstring.o(i.rt_strncmp)
    rt_strncpy                               0x00009553   Thumb Code    56  kstring.o(i.rt_strncpy)
    rt_susp_list_dequeue                     0x0000958b   Thumb Code    64  ipc.o(i.rt_susp_list_dequeue)
    rt_susp_list_enqueue                     0x000095cb   Thumb Code   108  ipc.o(i.rt_susp_list_enqueue)
    rt_susp_list_print                       0x00009639   Thumb Code    56  ipc.o(i.rt_susp_list_print)
    rt_system_heap_init                      0x0000967d   Thumb Code    16  kservice.o(i.rt_system_heap_init)
    rt_system_heap_init_generic              0x0000968d   Thumb Code    46  kservice.o(i.rt_system_heap_init_generic)
    rt_system_scheduler_init                 0x000096d5   Thumb Code    36  scheduler_up.o(i.rt_system_scheduler_init)
    rt_system_scheduler_start                0x00009705   Thumb Code    38  scheduler_up.o(i.rt_system_scheduler_start)
    rt_system_timer_init                     0x0000972d   Thumb Code    30  timer.o(i.rt_system_timer_init)
    rt_system_timer_thread_init              0x00009755   Thumb Code     2  timer.o(i.rt_system_timer_thread_init)
    rt_thread_close                          0x00009757   Thumb Code    68  thread.o(i.rt_thread_close)
    rt_thread_control                        0x0000979b   Thumb Code   126  thread.o(i.rt_thread_control)
    rt_thread_create                         0x00009819   Thumb Code    80  thread.o(i.rt_thread_create)
    rt_thread_defunct_dequeue                0x00009869   Thumb Code    74  defunct.o(i.rt_thread_defunct_dequeue)
    rt_thread_defunct_enqueue                0x000098bd   Thumb Code    42  defunct.o(i.rt_thread_defunct_enqueue)
    rt_thread_defunct_init                   0x000098f1   Thumb Code    10  defunct.o(i.rt_thread_defunct_init)
    rt_thread_delete                         0x00009901   Thumb Code    24  thread.o(i.rt_thread_delete)
    rt_thread_detach                         0x00009919   Thumb Code    24  thread.o(i.rt_thread_detach)
    rt_thread_idle_init                      0x00009931   Thumb Code   100  idle.o(i.rt_thread_idle_init)
    rt_thread_init                           0x000099ad   Thumb Code    54  thread.o(i.rt_thread_init)
    rt_thread_mdelay                         0x000099e3   Thumb Code    20  thread.o(i.rt_thread_mdelay)
    rt_thread_resume                         0x000099f9   Thumb Code    78  thread.o(i.rt_thread_resume)
    rt_thread_self                           0x00009a4d   Thumb Code    10  thread.o(i.rt_thread_self)
    rt_thread_startup                        0x00009a57   Thumb Code    26  thread.o(i.rt_thread_startup)
    rt_thread_suspend_to_list                0x00009a71   Thumb Code   128  thread.o(i.rt_thread_suspend_to_list)
    rt_thread_suspend_with_flag              0x00009af5   Thumb Code    20  thread.o(i.rt_thread_suspend_with_flag)
    rt_tick_from_millisecond                 0x00009b09   Thumb Code    16  clock.o(i.rt_tick_from_millisecond)
    rt_tick_get                              0x00009b19   Thumb Code    24  clock.o(i.rt_tick_get)
    rt_tick_increase                         0x00009b35   Thumb Code    44  clock.o(i.rt_tick_increase)
    rt_timer_check                           0x00009b69   Thumb Code    16  timer.o(i.rt_timer_check)
    rt_timer_control                         0x00009b81   Thumb Code   166  timer.o(i.rt_timer_control)
    rt_timer_create                          0x00009c2d   Thumb Code    46  timer.o(i.rt_timer_create)
    rt_timer_detach                          0x00009c5d   Thumb Code    62  timer.o(i.rt_timer_detach)
    rt_timer_init                            0x00009ca1   Thumb Code    38  timer.o(i.rt_timer_init)
    rt_timer_start                           0x00009cc9   Thumb Code    98  timer.o(i.rt_timer_start)
    rt_timer_stop                            0x00009d35   Thumb Code    94  timer.o(i.rt_timer_stop)
    rt_vsnprintf                             0x00009d9d   Thumb Code  1096  rt_vsnprintf_tiny.o(i.rt_vsnprintf)
    rtthread_startup                         0x0000a1fd   Thumb Code    46  components.o(i.rtthread_startup)
    _get_lc_ctype                            0x0000a3c9   Thumb Code    44  lc_ctype_c.o(locale$$code)
    _get_lc_numeric                          0x0000a3f5   Thumb Code    44  lc_numeric_c.o(locale$$code)
    _printf_fp_dec                           0x0000a421   Thumb Code    16  printf1.o(x$fpl$printf1)
    _printf_fp_hex                           0x0000a431   Thumb Code    16  printf2.o(x$fpl$printf2)
    __I$use$fp                               0x0000a440   Number         0  usenofp.o(x$fpl$usenofp)
    __lowest_bit_bitmap                      0x0000a838   Data         256  kservice.o(.constdata)
    __fsym_pin_name                          0x0000af17   Data           4  dev_pin.o(.rodata.name)
    __fsym_pin_desc                          0x0000af1b   Data          13  dev_pin.o(.rodata.name)
    __fsym_reboot_name                       0x0000af28   Data           7  drv_common.o(.rodata.name)
    __fsym_reboot_desc                       0x0000af2f   Data          14  drv_common.o(.rodata.name)
    __fsym_clear_name                        0x0000af3d   Data           6  cmd.o(.rodata.name)
    __fsym_clear_desc                        0x0000af43   Data          26  cmd.o(.rodata.name)
    __fsym_version_name                      0x0000af5d   Data           8  cmd.o(.rodata.name)
    __fsym_version_desc                      0x0000af65   Data          35  cmd.o(.rodata.name)
    __fsym_list_name                         0x0000af88   Data           5  cmd.o(.rodata.name)
    __fsym_list_desc                         0x0000af8d   Data          13  cmd.o(.rodata.name)
    __fsym_help_name                         0x0000af9a   Data           5  msh.o(.rodata.name)
    __fsym_help_desc                         0x0000af9f   Data          21  msh.o(.rodata.name)
    __fsym_ps_name                           0x0000afb4   Data           3  msh.o(.rodata.name)
    __fsym_ps_desc                           0x0000afb7   Data          27  msh.o(.rodata.name)
    __fsym_free_name                         0x0000afd2   Data           5  msh.o(.rodata.name)
    __fsym_free_desc                         0x0000afd7   Data          36  msh.o(.rodata.name)
    __fsym_backtrace_name                    0x0000affb   Data          10  kservice.o(.rodata.name)
    __fsym_backtrace_desc                    0x0000b005   Data          28  kservice.o(.rodata.name)
    __rt_init_rti_start                      0x0000b024   Data           4  components.o(.rti_fn.0)
    __rt_init_rti_board_start                0x0000b028   Data           4  components.o(.rti_fn.0.end)
    __rt_init_rt_hw_pin_init                 0x0000b02c   Data           4  drv_gpio.o(.rti_fn.1)
    __rt_init_rt_hw_usart_init               0x0000b030   Data           4  drv_usart.o(.rti_fn.1)
    __rt_init_rti_board_end                  0x0000b034   Data           4  components.o(.rti_fn.1.end)
    __rt_init_finsh_system_init              0x0000b038   Data           4  shell.o(.rti_fn.6)
    __rt_init_rti_end                        0x0000b03c   Data           4  components.o(.rti_fn.6.end)
    FSymTab$$Base                            0x0000b040   Number         0  dev_pin.o(FSymTab)
    __fsym_pin                               0x0000b040   Data          16  dev_pin.o(FSymTab)
    __fsym_reboot                            0x0000b050   Data          16  drv_common.o(FSymTab)
    __fsym_clear                             0x0000b060   Data          16  cmd.o(FSymTab)
    __fsym_version                           0x0000b070   Data          16  cmd.o(FSymTab)
    __fsym_list                              0x0000b080   Data          16  cmd.o(FSymTab)
    __fsym_help                              0x0000b090   Data          16  msh.o(FSymTab)
    __fsym_ps                                0x0000b0a0   Data          16  msh.o(FSymTab)
    __fsym_free                              0x0000b0b0   Data          16  msh.o(FSymTab)
    __fsym_backtrace                         0x0000b0c0   Data          16  kservice.o(FSymTab)
    FSymTab$$Limit                           0x0000b0d0   Number         0  kservice.o(FSymTab)
    Region$$Table$$Base                      0x0000b0d0   Number         0  anon$$obj.o(Region$$Table)
    Region$$Table$$Limit                     0x0000b0f0   Number         0  anon$$obj.o(Region$$Table)
    __ctype                                  0x0000b0fd   Data           0  lc_ctype_c.o(locale$$data)
    _syscall_table_begin                     0x200001fc   Data           4  shell.o(.data)
    _syscall_table_end                       0x20000200   Data           4  shell.o(.data)
    shell                                    0x20000204   Data           4  shell.o(.data)
    rt_interrupt_nest                        0x20000238   Data           4  irq.o(.data)
    rt_object_trytake_hook                   0x2000034c   Data           4  object.o(.data)
    rt_object_take_hook                      0x20000350   Data           4  object.o(.data)
    rt_object_put_hook                       0x20000354   Data           4  object.o(.data)
    rt_thread_ready_priority_group           0x20000358   Data           4  scheduler_up.o(.data)
    rt_current_priority                      0x2000035e   Data           1  scheduler_up.o(.data)
    rt_interrupt_from_thread                 0x20000404   Data           4  cpuport.o(.data)
    rt_interrupt_to_thread                   0x20000408   Data           4  cpuport.o(.data)
    rt_thread_switch_interrupt_flag          0x2000040c   Data           4  cpuport.o(.data)
    SystemCoreClock                          0x20000410   Data           4  system_ht32f5xxxx_01.o(.data)
    app_close_alarm_flag                     0x20000420   Data           1  main.o(.data)
    abs_key_station                          0x20000422   Data           6  abs_key.o(.data)
    bsp_asr_check_flag                       0x20000428   Data           1  bsp_asr.o(.data)
    bsp_asr_cancel_flag                      0x20000429   Data           1  bsp_asr.o(.data)
    rt_thread_priority_table                 0x2000084c   Data         256  scheduler_up.o(.bss)
    app_data_struction                       0x2000094c   Data          16  app_data.o(.bss)
    app_lcd_temperature                      0x2000095c   Data          96  app_data.o(.bss)
    app_lcd_humi                             0x200009bc   Data          96  app_data.o(.bss)
    app_lcd_co                               0x20000a1c   Data          96  app_data.o(.bss)
    abs_lota_struction                       0x20000a7c   Data          16  abs_lora.o(.bss)
    s_bsp_lora_rx                            0x20000a8c   Data         208  bsp_lora.o(.bss)
    __libspace_start                         0x20000b5c   Data          96  libspace.o(.bss)
    __temporary_stack_top$libspace           0x20000bbc   Data           0  libspace.o(.bss)
    __HT_check_heap                          0x20000bc0   Data           0  startup_ht32f5xxxx_01.o(HEAP)
    __HT_check_sp                            0x20000bc0   Data           0  startup_ht32f5xxxx_01.o(STACK)
    Image$$RW_IRAM1$$ZI$$Limit               0x20000dc0   Number         0  anon$$obj.o ABSOLUTE



==============================================================================

Memory Map of the image

  Image Entry point : 0x0000017d

  Load Region LR_IROM1 (Base: 0x00000000, Size: 0x0000b648, Max: 0x0001fe00, ABSOLUTE, COMPRESSED[0x0000b340])

    Execution Region ER_IROM1 (Exec base: 0x00000000, Load base: 0x00000000, Size: 0x0000b21c, Max: 0x0001fe00, ABSOLUTE)

    Exec Addr    Load Addr    Size         Type   Attr      Idx    E Section Name        Object

    0x00000000   0x00000000   0x0000017c   Code   RO         1798    RESET               startup_ht32f5xxxx_01.o
    0x0000017c   0x0000017c   0x00000008   Code   RO         8749  * !!!main             c_p.l(__main.o)
    0x00000184   0x00000184   0x0000003c   Code   RO         9182    !!!scatter          c_p.l(__scatter.o)
    0x000001c0   0x000001c0   0x0000001c   Code   RO         9184    !!handler_zi        c_p.l(__scatter_zi.o)
    0x000001dc   0x000001dc   0x00000002   Code   RO         8863    .ARM.Collect$$_printf_percent$$00000000  c_p.l(_printf_percent.o)
    0x000001de   0x000001de   0x0000000a   Code   RO         8852    .ARM.Collect$$_printf_percent$$00000001  c_p.l(_printf_n.o)
    0x000001e8   0x000001e8   0x0000000a   Code   RO         8854    .ARM.Collect$$_printf_percent$$00000002  c_p.l(_printf_p.o)
    0x000001f2   0x000001f2   0x0000000a   Code   RO         8859    .ARM.Collect$$_printf_percent$$00000003  c_p.l(_printf_f.o)
    0x000001fc   0x000001fc   0x0000000a   Code   RO         8860    .ARM.Collect$$_printf_percent$$00000004  c_p.l(_printf_e.o)
    0x00000206   0x00000206   0x0000000a   Code   RO         8861    .ARM.Collect$$_printf_percent$$00000005  c_p.l(_printf_g.o)
    0x00000210   0x00000210   0x0000000a   Code   RO         8862    .ARM.Collect$$_printf_percent$$00000006  c_p.l(_printf_a.o)
    0x0000021a   0x0000021a   0x0000000a   Code   RO         8867    .ARM.Collect$$_printf_percent$$00000007  c_p.l(_printf_ll.o)
    0x00000224   0x00000224   0x0000000a   Code   RO         8856    .ARM.Collect$$_printf_percent$$00000008  c_p.l(_printf_i.o)
    0x0000022e   0x0000022e   0x0000000a   Code   RO         8857    .ARM.Collect$$_printf_percent$$00000009  c_p.l(_printf_d.o)
    0x00000238   0x00000238   0x0000000a   Code   RO         8858    .ARM.Collect$$_printf_percent$$0000000A  c_p.l(_printf_u.o)
    0x00000242   0x00000242   0x0000000a   Code   RO         8855    .ARM.Collect$$_printf_percent$$0000000B  c_p.l(_printf_o.o)
    0x0000024c   0x0000024c   0x0000000a   Code   RO         8853    .ARM.Collect$$_printf_percent$$0000000C  c_p.l(_printf_x.o)
    0x00000256   0x00000256   0x0000000a   Code   RO         8864    .ARM.Collect$$_printf_percent$$0000000D  c_p.l(_printf_lli.o)
    0x00000260   0x00000260   0x0000000a   Code   RO         8865    .ARM.Collect$$_printf_percent$$0000000E  c_p.l(_printf_lld.o)
    0x0000026a   0x0000026a   0x0000000a   Code   RO         8866    .ARM.Collect$$_printf_percent$$0000000F  c_p.l(_printf_llu.o)
    0x00000274   0x00000274   0x0000000a   Code   RO         8871    .ARM.Collect$$_printf_percent$$00000010  c_p.l(_printf_llo.o)
    0x0000027e   0x0000027e   0x0000000a   Code   RO         8872    .ARM.Collect$$_printf_percent$$00000011  c_p.l(_printf_llx.o)
    0x00000288   0x00000288   0x0000000a   Code   RO         8868    .ARM.Collect$$_printf_percent$$00000012  c_p.l(_printf_l.o)
    0x00000292   0x00000292   0x0000000a   Code   RO         8850    .ARM.Collect$$_printf_percent$$00000013  c_p.l(_printf_c.o)
    0x0000029c   0x0000029c   0x0000000a   Code   RO         8851    .ARM.Collect$$_printf_percent$$00000014  c_p.l(_printf_s.o)
    0x000002a6   0x000002a6   0x0000000a   Code   RO         8869    .ARM.Collect$$_printf_percent$$00000015  c_p.l(_printf_lc.o)
    0x000002b0   0x000002b0   0x0000000a   Code   RO         8870    .ARM.Collect$$_printf_percent$$00000016  c_p.l(_printf_ls.o)
    0x000002ba   0x000002ba   0x00000004   Code   RO         8938    .ARM.Collect$$_printf_percent$$00000017  c_p.l(_printf_percent_end.o)
    0x000002be   0x000002be   0x00000002   Code   RO         9042    .ARM.Collect$$libinit$$00000000  c_p.l(libinit.o)
    0x000002c0   0x000002c0   0x00000000   Code   RO         8953    .ARM.Collect$$libinit$$00000002  c_p.l(libinit2.o)
    0x000002c0   0x000002c0   0x00000000   Code   RO         8955    .ARM.Collect$$libinit$$00000004  c_p.l(libinit2.o)
    0x000002c0   0x000002c0   0x00000000   Code   RO         8958    .ARM.Collect$$libinit$$0000000A  c_p.l(libinit2.o)
    0x000002c0   0x000002c0   0x00000000   Code   RO         8960    .ARM.Collect$$libinit$$0000000C  c_p.l(libinit2.o)
    0x000002c0   0x000002c0   0x00000000   Code   RO         8962    .ARM.Collect$$libinit$$0000000E  c_p.l(libinit2.o)
    0x000002c0   0x000002c0   0x00000006   Code   RO         8963    .ARM.Collect$$libinit$$0000000F  c_p.l(libinit2.o)
    0x000002c6   0x000002c6   0x00000000   Code   RO         8965    .ARM.Collect$$libinit$$00000011  c_p.l(libinit2.o)
    0x000002c6   0x000002c6   0x0000000c   Code   RO         8966    .ARM.Collect$$libinit$$00000012  c_p.l(libinit2.o)
    0x000002d2   0x000002d2   0x00000000   Code   RO         8967    .ARM.Collect$$libinit$$00000013  c_p.l(libinit2.o)
    0x000002d2   0x000002d2   0x00000000   Code   RO         8969    .ARM.Collect$$libinit$$00000015  c_p.l(libinit2.o)
    0x000002d2   0x000002d2   0x0000000a   Code   RO         8970    .ARM.Collect$$libinit$$00000016  c_p.l(libinit2.o)
    0x000002dc   0x000002dc   0x00000000   Code   RO         8971    .ARM.Collect$$libinit$$00000017  c_p.l(libinit2.o)
    0x000002dc   0x000002dc   0x00000000   Code   RO         8973    .ARM.Collect$$libinit$$00000019  c_p.l(libinit2.o)
    0x000002dc   0x000002dc   0x00000000   Code   RO         8975    .ARM.Collect$$libinit$$0000001B  c_p.l(libinit2.o)
    0x000002dc   0x000002dc   0x00000000   Code   RO         8977    .ARM.Collect$$libinit$$0000001D  c_p.l(libinit2.o)
    0x000002dc   0x000002dc   0x00000000   Code   RO         8979    .ARM.Collect$$libinit$$0000001F  c_p.l(libinit2.o)
    0x000002dc   0x000002dc   0x00000000   Code   RO         8981    .ARM.Collect$$libinit$$00000021  c_p.l(libinit2.o)
    0x000002dc   0x000002dc   0x00000000   Code   RO         8983    .ARM.Collect$$libinit$$00000023  c_p.l(libinit2.o)
    0x000002dc   0x000002dc   0x00000000   Code   RO         8985    .ARM.Collect$$libinit$$00000025  c_p.l(libinit2.o)
    0x000002dc   0x000002dc   0x00000000   Code   RO         8989    .ARM.Collect$$libinit$$0000002C  c_p.l(libinit2.o)
    0x000002dc   0x000002dc   0x00000000   Code   RO         8991    .ARM.Collect$$libinit$$0000002E  c_p.l(libinit2.o)
    0x000002dc   0x000002dc   0x00000000   Code   RO         8993    .ARM.Collect$$libinit$$00000030  c_p.l(libinit2.o)
    0x000002dc   0x000002dc   0x00000000   Code   RO         8995    .ARM.Collect$$libinit$$00000032  c_p.l(libinit2.o)
    0x000002dc   0x000002dc   0x00000002   Code   RO         8996    .ARM.Collect$$libinit$$00000033  c_p.l(libinit2.o)
    0x000002de   0x000002de   0x00000002   Code   RO         9113    .ARM.Collect$$libshutdown$$00000000  c_p.l(libshutdown.o)
    0x000002e0   0x000002e0   0x00000000   Code   RO         9141    .ARM.Collect$$libshutdown$$00000002  c_p.l(libshutdown2.o)
    0x000002e0   0x000002e0   0x00000000   Code   RO         9143    .ARM.Collect$$libshutdown$$00000004  c_p.l(libshutdown2.o)
    0x000002e0   0x000002e0   0x00000000   Code   RO         9146    .ARM.Collect$$libshutdown$$00000007  c_p.l(libshutdown2.o)
    0x000002e0   0x000002e0   0x00000000   Code   RO         9149    .ARM.Collect$$libshutdown$$0000000A  c_p.l(libshutdown2.o)
    0x000002e0   0x000002e0   0x00000000   Code   RO         9151    .ARM.Collect$$libshutdown$$0000000C  c_p.l(libshutdown2.o)
    0x000002e0   0x000002e0   0x00000000   Code   RO         9154    .ARM.Collect$$libshutdown$$0000000F  c_p.l(libshutdown2.o)
    0x000002e0   0x000002e0   0x00000002   Code   RO         9155    .ARM.Collect$$libshutdown$$00000010  c_p.l(libshutdown2.o)
    0x000002e2   0x000002e2   0x00000000   Code   RO         8767    .ARM.Collect$$rtentry$$00000000  c_p.l(__rtentry.o)
    0x000002e2   0x000002e2   0x00000000   Code   RO         8905    .ARM.Collect$$rtentry$$00000002  c_p.l(__rtentry2.o)
    0x000002e2   0x000002e2   0x00000006   Code   RO         8917    .ARM.Collect$$rtentry$$00000004  c_p.l(__rtentry4.o)
    0x000002e8   0x000002e8   0x00000000   Code   RO         8907    .ARM.Collect$$rtentry$$00000009  c_p.l(__rtentry2.o)
    0x000002e8   0x000002e8   0x00000004   Code   RO         8908    .ARM.Collect$$rtentry$$0000000A  c_p.l(__rtentry2.o)
    0x000002ec   0x000002ec   0x00000000   Code   RO         8910    .ARM.Collect$$rtentry$$0000000C  c_p.l(__rtentry2.o)
    0x000002ec   0x000002ec   0x00000008   Code   RO         8911    .ARM.Collect$$rtentry$$0000000D  c_p.l(__rtentry2.o)
    0x000002f4   0x000002f4   0x00000002   Code   RO         9060    .ARM.Collect$$rtexit$$00000000  c_p.l(rtexit.o)
    0x000002f6   0x000002f6   0x00000000   Code   RO         9085    .ARM.Collect$$rtexit$$00000002  c_p.l(rtexit2.o)
    0x000002f6   0x000002f6   0x00000004   Code   RO         9086    .ARM.Collect$$rtexit$$00000003  c_p.l(rtexit2.o)
    0x000002fa   0x000002fa   0x00000006   Code   RO         9087    .ARM.Collect$$rtexit$$00000004  c_p.l(rtexit2.o)
    0x00000300   0x00000300   0x00000038   Code   RO         8733    .emb_text           c_p.l(rt_memcpy.o)
    0x00000338   0x00000338   0x000000e0   Code   RO         4393    .text               context_rvds.o
    0x00000418   0x00000418   0x00000002   Code   RO         8701    .text               c_p.l(use_no_semi.o)
    0x0000041a   0x0000041a   0x00000002   PAD
    0x0000041c   0x0000041c   0x00000010   Code   RO         8703    .text               c_p.l(rt_ctype_table.o)
    0x0000042c   0x0000042c   0x00000024   Code   RO         8709    .text               c_p.l(vsprintf.o)
    0x00000450   0x00000450   0x0000001a   Code   RO         8711    .text               c_p.l(atoi.o)
    0x0000046a   0x0000046a   0x00000076   Code   RO         8713    .text               c_p.l(strtoul.o)
    0x000004e0   0x000004e0   0x00000014   Code   RO         8719    .text               c_p.l(strchr.o)
    0x000004f4   0x000004f4   0x00000028   Code   RO         8721    .text               c_p.l(strstr.o)
    0x0000051c   0x0000051c   0x0000005a   Code   RO         8723    .text               c_p.l(memcmp.o)
    0x00000576   0x00000576   0x00000002   PAD
    0x00000578   0x00000578   0x0000004c   Code   RO         8725    .text               c_p.l(strcpy.o)
    0x000005c4   0x000005c4   0x00000044   Code   RO         8729    .text               c_p.l(strlen.o)
    0x00000608   0x00000608   0x000000a0   Code   RO         8731    .text               c_p.l(strncmp.o)
    0x000006a8   0x000006a8   0x00000040   Code   RO         8737    .text               c_p.l(rt_memclr.o)
    0x000006e8   0x000006e8   0x0000006c   Code   RO         8739    .text               c_p.l(strncpy.o)
    0x00000754   0x00000754   0x00000088   Code   RO         8741    .text               c_p.l(strcmp.o)
    0x000007dc   0x000007dc   0x0000015a   Code   RO         8743    .text               c_p.l(aeabi_sdiv.o)
    0x00000936   0x00000936   0x00000006   Code   RO         8747    .text               c_p.l(heapauxi.o)
    0x0000093c   0x0000093c   0x00000008   Code   RO         8775    .text               c_p.l(rt_locale_intlibspace.o)
    0x00000944   0x00000944   0x00000008   Code   RO         8780    .text               c_p.l(rt_errno_addr_intlibspace.o)
    0x0000094c   0x0000094c   0x0000004e   Code   RO         8784    .text               c_p.l(_printf_pad.o)
    0x0000099a   0x0000099a   0x00000024   Code   RO         8786    .text               c_p.l(_printf_truncate.o)
    0x000009be   0x000009be   0x00000052   Code   RO         8788    .text               c_p.l(_printf_str.o)
    0x00000a10   0x00000a10   0x0000006c   Code   RO         8790    .text               c_p.l(_printf_dec.o)
    0x00000a7c   0x00000a7c   0x00000026   Code   RO         8792    .text               c_p.l(_printf_charcount.o)
    0x00000aa2   0x00000aa2   0x00000002   PAD
    0x00000aa4   0x00000aa4   0x00000030   Code   RO         8794    .text               c_p.l(_printf_char_common.o)
    0x00000ad4   0x00000ad4   0x0000000a   Code   RO         8796    .text               c_p.l(_sputc.o)
    0x00000ade   0x00000ade   0x00000002   PAD
    0x00000ae0   0x00000ae0   0x000000bc   Code   RO         8798    .text               c_p.l(_printf_wctomb.o)
    0x00000b9c   0x00000b9c   0x00000070   Code   RO         8801    .text               c_p.l(_printf_longlong_dec.o)
    0x00000c0c   0x00000c0c   0x00000070   Code   RO         8807    .text               c_p.l(_printf_oct_int_ll.o)
    0x00000c7c   0x00000c7c   0x00000098   Code   RO         8827    .text               c_p.l(_printf_hex_int_ll_ptr.o)
    0x00000d14   0x00000d14   0x00000188   Code   RO         8847    .text               c_p.l(__printf_flags_ss_wp.o)
    0x00000e9c   0x00000e9c   0x000000a6   Code   RO         8873    .text               c_p.l(_strtoul.o)
    0x00000f42   0x00000f42   0x00000002   PAD
    0x00000f44   0x00000f44   0x00000070   Code   RO         8879    .text               c_p.l(strtol.o)
    0x00000fb4   0x00000fb4   0x00000008   Code   RO         8901    .text               c_p.l(libspace.o)
    0x00000fbc   0x00000fbc   0x0000007a   Code   RO         8921    .text               c_p.l(lludiv10.o)
    0x00001036   0x00001036   0x000000b0   Code   RO         8925    .text               c_p.l(_printf_intcommon.o)
    0x000010e6   0x000010e6   0x00000002   PAD
    0x000010e8   0x000010e8   0x00000418   Code   RO         8927    .text               c_p.l(_printf_fp_dec.o)
    0x00001500   0x00001500   0x000002d8   Code   RO         8929    .text               c_p.l(_printf_fp_hex.o)
    0x000017d8   0x000017d8   0x0000002e   Code   RO         8934    .text               c_p.l(_printf_char.o)
    0x00001806   0x00001806   0x0000002e   Code   RO         8936    .text               c_p.l(_printf_wchar.o)
    0x00001834   0x00001834   0x0000001e   Code   RO         8939    .text               c_p.l(_chval.o)
    0x00001852   0x00001852   0x00000040   Code   RO         8945    .text               c_p.l(_wcrtomb.o)
    0x00001892   0x00001892   0x00000028   Code   RO         8950    .text               c_p.l(rtudiv10.o)
    0x000018ba   0x000018ba   0x0000003e   Code   RO         9011    .text               c_p.l(sys_stackheap_outer.o)
    0x000018f8   0x000018f8   0x00000088   Code   RO         9018    .text               c_p.l(_printf_fp_infnan.o)
    0x00001980   0x00001980   0x000000d8   Code   RO         9022    .text               c_p.l(bigflt0.o)
    0x00001a58   0x00001a58   0x00000580   Code   RO         9025    .text               c_p.l(btod.o)
    0x00001fd8   0x00001fd8   0x00000010   Code   RO         9029    .text               c_p.l(exit.o)
    0x00001fe8   0x00001fe8   0x00000056   Code   RO         9180    .text               c_p.l(__dczerorl2.o)
    0x0000203e   0x0000203e   0x0000000a   Code   RO         2419    i.$Sub$$main        components.o
    0x00002048   0x00002048   0x0000003c   Code   RO         4593    i.AFIO_EXTISourceConfig  ht32f5xxxx_gpio.o
    0x00002084   0x00002084   0x00000064   Code   RO         4594    i.AFIO_GPxConfig    ht32f5xxxx_gpio.o
    0x000020e8   0x000020e8   0x0000008a   Code   RO         7960    i.Abs_Kay_Scan      abs_key.o
    0x00002172   0x00002172   0x00000002   PAD
    0x00002174   0x00002174   0x00000064   Code   RO         7794    i.Abs_Lora_EnterAT  abs_lora.o
    0x000021d8   0x000021d8   0x000000f0   Code   RO         7795    i.Abs_Lora_Getdata  abs_lora.o
    0x000022c8   0x000022c8   0x0000002a   Code   RO         7796    i.Abs_Lora_Init     abs_lora.o
    0x000022f2   0x000022f2   0x00000002   PAD
    0x000022f4   0x000022f4   0x00000304   Code   RO         7797    i.Abs_Lora_SetAT    abs_lora.o
    0x000025f8   0x000025f8   0x00000038   Code   RO         7798    i.Abs_Lora_Wakeup   abs_lora.o
    0x00002630   0x00002630   0x000001dc   Code   RO         7742    i.App_Data_Update   app_data.o
    0x0000280c   0x0000280c   0x000000f0   Code   RO         7415    i.Asr_Thread_Enter  main.o
    0x000028fc   0x000028fc   0x00000074   Code   RO         8662    i.Bsp_Alarm_Config  bsp_alarm.o
    0x00002970   0x00002970   0x00000030   Code   RO         8663    i.Bsp_Alarm_Off     bsp_alarm.o
    0x000029a0   0x000029a0   0x00000030   Code   RO         8664    i.Bsp_Alarm_On      bsp_alarm.o
    0x000029d0   0x000029d0   0x00000100   Code   RO         8322    i.Bsp_Asr_Exit_Config  bsp_asr.o
    0x00002ad0   0x00002ad0   0x0000009c   Code   RO         8323    i.Bsp_Asr_Gpio_Config  bsp_asr.o
    0x00002b6c   0x00002b6c   0x0000000c   Code   RO         8324    i.Bsp_Asr_Init      bsp_asr.o
    0x00002b78   0x00002b78   0x00000044   Code   RO         8325    i.Bsp_Asr_Off       bsp_asr.o
    0x00002bbc   0x00002bbc   0x00000040   Code   RO         8326    i.Bsp_Asr_On        bsp_asr.o
    0x00002bfc   0x00002bfc   0x0000007c   Code   RO         8144    i.Bsp_Ht32led_Config  bsp_ht32led.o
    0x00002c78   0x00002c78   0x00000030   Code   RO         8145    i.Bsp_Ht32led_Off   bsp_ht32led.o
    0x00002ca8   0x00002ca8   0x00000034   Code   RO         8146    i.Bsp_Ht32led_On    bsp_ht32led.o
    0x00002cdc   0x00002cdc   0x00000050   Code   RO         8506    i.Bsp_Key_Config    bsp_key.o
    0x00002d2c   0x00002d2c   0x00000014   Code   RO         8507    i.Bsp_Key_Read      bsp_key.o
    0x00002d40   0x00002d40   0x0000001c   Code   RO         8180    i.Bsp_Lora_Clear_Struct  bsp_lora.o
    0x00002d5c   0x00002d5c   0x00000054   Code   RO         8181    i.Bsp_Lora_Printf   bsp_lora.o
    0x00002db0   0x00002db0   0x00000024   Code   RO         8182    i.Bsp_Lora_Res      bsp_lora.o
    0x00002dd4   0x00002dd4   0x00000050   Code   RO         8183    i.Bsp_Lora_Res_Config  bsp_lora.o
    0x00002e24   0x00002e24   0x0000001c   Code   RO         8184    i.Bsp_Lora_SendArray  bsp_lora.o
    0x00002e40   0x00002e40   0x000000a8   Code   RO         8186    i.Bsp_Lora_Send_Cmd  bsp_lora.o
    0x00002ee8   0x00002ee8   0x00000020   Code   RO         8187    i.Bsp_Lora_Sendbyte  bsp_lora.o
    0x00002f08   0x00002f08   0x0000000c   Code   RO         8188    i.Bsp_Lora_Switch_Overflag  bsp_lora.o
    0x00002f14   0x00002f14   0x000000a8   Code   RO         8189    i.Bsp_Lora_Usart_Config  bsp_lora.o
    0x00002fbc   0x00002fbc   0x000000ac   Code   RO         8536    i.Bsp_Y100_Config   bsp_y100.o
    0x00003068   0x00003068   0x00000054   Code   RO         8537    i.Bsp_Y100_Printf   bsp_y100.o
    0x000030bc   0x000030bc   0x0000006c   Code   RO         4868    i.CKCU_GetClocksFrequency  ht32f5xxxx_ckcu.o
    0x00003128   0x00003128   0x00000068   Code   RO         4870    i.CKCU_GetPLLFrequency  ht32f5xxxx_ckcu.o
    0x00003190   0x00003190   0x00000034   Code   RO         4871    i.CKCU_GetPeripFrequency  ht32f5xxxx_ckcu.o
    0x000031c4   0x000031c4   0x00000040   Code   RO         4886    i.CKCU_PeripClockConfig  ht32f5xxxx_ckcu.o
    0x00003204   0x00003204   0x0000003e   Code   RO         1857    i.EXTI0_1_IRQHandler  drv_gpio.o
    0x00003242   0x00003242   0x0000003e   Code   RO         1858    i.EXTI2_3_IRQHandler  drv_gpio.o
    0x00003280   0x00003280   0x00000048   Code   RO         8327    i.EXTI4_15_IRQHandler  bsp_asr.o
    0x000032c8   0x000032c8   0x00000014   Code   RO         6923    i.EXTI_ClearEdgeFlag  ht32f5xxxx_exti.o
    0x000032dc   0x000032dc   0x0000001c   Code   RO         6926    i.EXTI_GetEdgeFlag  ht32f5xxxx_exti.o
    0x000032f8   0x000032f8   0x00000030   Code   RO         6927    i.EXTI_GetEdgeStatus  ht32f5xxxx_exti.o
    0x00003328   0x00003328   0x00000020   Code   RO         6930    i.EXTI_Init         ht32f5xxxx_exti.o
    0x00003348   0x00003348   0x00000028   Code   RO         6931    i.EXTI_IntConfig    ht32f5xxxx_exti.o
    0x00003370   0x00003370   0x00000004   Code   RO         4595    i.GPIO_ClearOutBits  ht32f5xxxx_gpio.o
    0x00003374   0x00003374   0x00000014   Code   RO         4597    i.GPIO_DirectionConfig  ht32f5xxxx_gpio.o
    0x00003388   0x00003388   0x00000038   Code   RO         4599    i.GPIO_DriveConfig  ht32f5xxxx_gpio.o
    0x000033c0   0x000033c0   0x00000014   Code   RO         4601    i.GPIO_InputConfig  ht32f5xxxx_gpio.o
    0x000033d4   0x000033d4   0x0000003e   Code   RO         4606    i.GPIO_PullResistorConfig  ht32f5xxxx_gpio.o
    0x00003412   0x00003412   0x00000012   Code   RO         4607    i.GPIO_ReadInBit    ht32f5xxxx_gpio.o
    0x00003424   0x00003424   0x00000004   Code   RO         4611    i.GPIO_SetOutBits   ht32f5xxxx_gpio.o
    0x00003428   0x00003428   0x0000000c   Code   RO         4612    i.GPIO_WriteOutBits  ht32f5xxxx_gpio.o
    0x00003434   0x00003434   0x00000038   Code   RO         7416    i.Key_Time_Interrupt  main.o
    0x0000346c   0x0000346c   0x00000064   Code   RO         7417    i.Lora_Thread_Enter  main.o
    0x000034d0   0x000034d0   0x00000024   Code   RO         5829    i.SYSTICK_ClockSourceConfig  ht32_cm0plus_misc.o
    0x000034f4   0x000034f4   0x00000030   Code   RO         5830    i.SYSTICK_CounterCmd  ht32_cm0plus_misc.o
    0x00003524   0x00003524   0x00000024   Code   RO         5831    i.SYSTICK_IntConfig  ht32_cm0plus_misc.o
    0x00003548   0x00003548   0x0000000c   Code   RO         5832    i.SYSTICK_SetReloadValue  ht32_cm0plus_misc.o
    0x00003554   0x00003554   0x00000010   Code   RO         1804    i.SysTick_Handler   drv_common.o
    0x00003564   0x00003564   0x00000178   Code   RO         7278    i.SystemInit        system_ht32f5xxxx_01.o
    0x000036dc   0x000036dc   0x00000044   Code   RO         8190    i.UART0_IRQHandler  bsp_lora.o
    0x00003720   0x00003720   0x0000001c   Code   RO         8541    i.UART1_IRQHandler  bsp_y100.o
    0x0000373c   0x0000373c   0x00000024   Code   RO         8274    i.USART0_IRQHandler  bsp_debug.o
    0x00003760   0x00003760   0x00000018   Code   RO         1942    i.USART1_IRQHandler  drv_usart.o
    0x00003778   0x00003778   0x00000012   Code   RO         5498    i.USART_GetFlagStatus  ht32f5xxxx_usart.o
    0x0000378a   0x0000378a   0x00000002   PAD
    0x0000378c   0x0000378c   0x00000080   Code   RO         5501    i.USART_Init        ht32f5xxxx_usart.o
    0x0000380c   0x0000380c   0x00000014   Code   RO         5502    i.USART_IntConfig   ht32f5xxxx_usart.o
    0x00003820   0x00003820   0x00000008   Code   RO         5511    i.USART_ReceiveData  ht32f5xxxx_usart.o
    0x00003828   0x00003828   0x00000004   Code   RO         5512    i.USART_SendData    ht32f5xxxx_usart.o
    0x0000382c   0x0000382c   0x0000001e   Code   RO         5523    i.USART_TxRxCmd     ht32f5xxxx_usart.o
    0x0000384a   0x0000384a   0x00000030   Code   RO         9027    i.__ARM_common_ll_muluu  c_p.l(btod.o)
    0x0000387a   0x0000387a   0x0000001c   Code   RO         1606    i.__ARM_common_switch8  dev_serial.o
    0x00003896   0x00003896   0x00000002   PAD
    0x00003898   0x00003898   0x0000002c   Code   RO         9053    i.__ARM_fpclassify  m_ps.l(fpclassify.o)
    0x000038c4   0x000038c4   0x0000005c   Code   RO         3159    i.__rt_ffs          kservice.o
    0x00003920   0x00003920   0x0000001a   Code   RO          244    i.__rt_libc_exit    cstdlib.o
    0x0000393a   0x0000393a   0x00000034   Code   RO         2609    i._check_and_update_prio  ipc.o
    0x0000396e   0x0000396e   0x00000002   PAD
    0x00003970   0x00003970   0x00000020   Code   RO         3160    i._heap_lock        kservice.o
    0x00003990   0x00003990   0x00000018   Code   RO         3161    i._heap_unlock      kservice.o
    0x000039a8   0x000039a8   0x00000010   Code   RO         2610    i._ipc_object_init  ipc.o
    0x000039b8   0x000039b8   0x0000000e   Code   RO         8840    i._is_digit         c_p.l(__printf_wp.o)
    0x000039c6   0x000039c6   0x00000026   Code   RO         3162    i._kputs            kservice.o
    0x000039ec   0x000039ec   0x00000022   Code   RO         3528    i._match_name       object.o
    0x00003a0e   0x00003a0e   0x0000006c   Code   RO         2148    i._msh_exec_cmd     msh.o
    0x00003a7a   0x00003a7a   0x00000002   PAD
    0x00003a7c   0x00003a7c   0x00000090   Code   RO         1418    i._pin_cmd          dev_pin.o
    0x00003b0c   0x00003b0c   0x0000000c   Code   RO         1419    i._pin_cmd_conv     dev_pin.o
    0x00003b18   0x00003b18   0x00000060   Code   RO         1420    i._pin_cmd_get      dev_pin.o
    0x00003b78   0x00003b78   0x000000f8   Code   RO         1421    i._pin_cmd_mode     dev_pin.o
    0x00003c70   0x00003c70   0x00000180   Code   RO         1422    i._pin_cmd_print_usage  dev_pin.o
    0x00003df0   0x00003df0   0x0000009c   Code   RO         1423    i._pin_cmd_read     dev_pin.o
    0x00003e8c   0x00003e8c   0x000000b8   Code   RO         1424    i._pin_cmd_write    dev_pin.o
    0x00003f44   0x00003f44   0x00000024   Code   RO         1425    i._pin_control      dev_pin.o
    0x00003f68   0x00003f68   0x0000002a   Code   RO         1426    i._pin_read         dev_pin.o
    0x00003f92   0x00003f92   0x0000002a   Code   RO         1427    i._pin_write        dev_pin.o
    0x00003fbc   0x00003fbc   0x000001f8   Code   RO         2617    i._rt_mutex_take    ipc.o
    0x000041b4   0x000041b4   0x000000e8   Code   RO         2618    i._rt_sem_take      ipc.o
    0x0000429c   0x0000429c   0x00000028   Code   RO         3750    i._scheduler_get_highest_priority_thread  scheduler_up.o
    0x000042c4   0x000042c4   0x00000020   Code   RO         2619    i._sem_object_init  ipc.o
    0x000042e4   0x000042e4   0x00000014   Code   RO         1540    i._serial_check_buffer_size  dev_serial.o
    0x000042f8   0x000042f8   0x0000007a   Code   RO         1541    i._serial_int_rx    dev_serial.o
    0x00004372   0x00004372   0x00000064   Code   RO         1542    i._serial_int_tx    dev_serial.o
    0x000043d6   0x000043d6   0x00000044   Code   RO         1543    i._serial_poll_tx   dev_serial.o
    0x0000441a   0x0000441a   0x0000000c   Code   RO          103    i._sys_exit         syscalls.o
    0x00004426   0x00004426   0x00000028   Code   RO         3876    i._thread_detach    thread.o
    0x0000444e   0x0000444e   0x00000062   Code   RO         3877    i._thread_detach_from_mutex  thread.o
    0x000044b0   0x000044b0   0x0000002c   Code   RO         3878    i._thread_exit      thread.o
    0x000044dc   0x000044dc   0x0000003c   Code   RO         2620    i._thread_get_mutex_priority  ipc.o
    0x00004518   0x00004518   0x00000088   Code   RO         3879    i._thread_init      thread.o
    0x000045a0   0x000045a0   0x00000032   Code   RO         3880    i._thread_set_suspend_state  thread.o
    0x000045d2   0x000045d2   0x0000006a   Code   RO         3881    i._thread_sleep     thread.o
    0x0000463c   0x0000463c   0x00000042   Code   RO         3882    i._thread_timeout   thread.o
    0x0000467e   0x0000467e   0x000000b6   Code   RO         2621    i._thread_update_priority  ipc.o
    0x00004734   0x00004734   0x000000f4   Code   RO         4042    i._timer_check      timer.o
    0x00004828   0x00004828   0x0000003c   Code   RO         4043    i._timer_init       timer.o
    0x00004864   0x00004864   0x0000001c   Code   RO         4045    i._timer_remove     timer.o
    0x00004880   0x00004880   0x00000104   Code   RO         4046    i._timer_start      timer.o
    0x00004984   0x00004984   0x00000020   Code   RO         1859    i.bit2bitno         drv_gpio.o
    0x000049a4   0x000049a4   0x00000014   Code   RO         2032    i.clear             cmd.o
    0x000049b8   0x000049b8   0x000000ec   Code   RO         3163    i.cmd_backtrace     kservice.o
    0x00004aa4   0x00004aa4   0x00000080   Code   RO         2149    i.cmd_free          msh.o
    0x00004b24   0x00004b24   0x000000ac   Code   RO         2033    i.cmd_list          cmd.o
    0x00004bd0   0x00004bd0   0x0000000e   Code   RO         2150    i.cmd_ps            msh.o
    0x00004bde   0x00004bde   0x00000002   PAD
    0x00004be0   0x00004be0   0x00000078   Code   RO         2251    i.finsh_get_prompt  shell.o
    0x00004c58   0x00004c58   0x0000005c   Code   RO         2253    i.finsh_getchar     shell.o
    0x00004cb4   0x00004cb4   0x00000018   Code   RO         2254    i.finsh_rx_ind      shell.o
    0x00004ccc   0x00004ccc   0x000000bc   Code   RO         2255    i.finsh_set_device  shell.o
    0x00004d88   0x00004d88   0x00000024   Code   RO         2258    i.finsh_set_prompt_mode  shell.o
    0x00004dac   0x00004dac   0x00000014   Code   RO         2259    i.finsh_system_function_init  shell.o
    0x00004dc0   0x00004dc0   0x000000a0   Code   RO         2260    i.finsh_system_init  shell.o
    0x00004e60   0x00004e60   0x00000508   Code   RO         2261    i.finsh_thread_entry  shell.o
    0x00005368   0x00005368   0x00000024   Code   RO         1860    i.get_pin           drv_gpio.o
    0x0000538c   0x0000538c   0x00000160   Code   RO         1943    i.ht32_configure    drv_usart.o
    0x000054ec   0x000054ec   0x00000074   Code   RO         1944    i.ht32_control      drv_usart.o
    0x00005560   0x00005560   0x0000000a   Code   RO         1945    i.ht32_dma_transmit  drv_usart.o
    0x0000556a   0x0000556a   0x00000022   Code   RO         1946    i.ht32_getc         drv_usart.o
    0x0000558c   0x0000558c   0x000000b0   Code   RO         1861    i.ht32_pin_attach_irq  drv_gpio.o
    0x0000563c   0x0000563c   0x00000074   Code   RO         1862    i.ht32_pin_detach_irq  drv_gpio.o
    0x000056b0   0x000056b0   0x00000390   Code   RO         1863    i.ht32_pin_irq_enable  drv_gpio.o
    0x00005a40   0x00005a40   0x000001b0   Code   RO         1864    i.ht32_pin_mode     drv_gpio.o
    0x00005bf0   0x00005bf0   0x00000028   Code   RO         1865    i.ht32_pin_read     drv_gpio.o
    0x00005c18   0x00005c18   0x00000034   Code   RO         1866    i.ht32_pin_write    drv_gpio.o
    0x00005c4c   0x00005c4c   0x0000001e   Code   RO         1947    i.ht32_putc         drv_usart.o
    0x00005c6a   0x00005c6a   0x00000002   PAD
    0x00005c6c   0x00005c6c   0x0000005c   Code   RO         1778    i.ht32_usart_gpio_init  ht32_msp.o
    0x00005cc8   0x00005cc8   0x00000024   Code   RO         2571    i.idle_thread_entry  idle.o
    0x00005cec   0x00005cec   0x0000013c   Code   RO         2034    i.list_device       cmd.o
    0x00005e28   0x00005e28   0x0000015c   Code   RO         2035    i.list_event        cmd.o
    0x00005f84   0x00005f84   0x00000028   Code   RO         2036    i.list_find_init    cmd.o
    0x00005fac   0x00005fac   0x000000aa   Code   RO         2037    i.list_get_next     cmd.o
    0x00006056   0x00006056   0x00000002   PAD
    0x00006058   0x00006058   0x0000016c   Code   RO         2038    i.list_mailbox      cmd.o
    0x000061c4   0x000061c4   0x0000013c   Code   RO         2039    i.list_memheap      cmd.o
    0x00006300   0x00006300   0x00000188   Code   RO         2040    i.list_mempool      cmd.o
    0x00006488   0x00006488   0x0000015c   Code   RO         2041    i.list_msgqueue     cmd.o
    0x000065e4   0x000065e4   0x000001a8   Code   RO         2042    i.list_mutex        cmd.o
    0x0000678c   0x0000678c   0x00000150   Code   RO         2043    i.list_sem          cmd.o
    0x000068dc   0x000068dc   0x00000230   Code   RO         2044    i.list_thread       cmd.o
    0x00006b0c   0x00006b0c   0x000001c8   Code   RO         2045    i.list_timer        cmd.o
    0x00006cd4   0x00006cd4   0x000001b0   Code   RO         7418    i.main              main.o
    0x00006e84   0x00006e84   0x0000000e   Code   RO         2420    i.main_thread_entry  components.o
    0x00006e92   0x00006e92   0x00000002   PAD
    0x00006e94   0x00006e94   0x0000008c   Code   RO         2151    i.msh_auto_complete  msh.o
    0x00006f20   0x00006f20   0x00000038   Code   RO         2152    i.msh_cmd_opt_id_get  msh.o
    0x00006f58   0x00006f58   0x000000a0   Code   RO         2153    i.msh_exec          msh.o
    0x00006ff8   0x00006ff8   0x0000002e   Code   RO         2154    i.msh_get_argc      msh.o
    0x00007026   0x00007026   0x00000002   PAD
    0x00007028   0x00007028   0x00000040   Code   RO         2155    i.msh_get_cmd       msh.o
    0x00007068   0x00007068   0x0000005c   Code   RO         2156    i.msh_get_cmd_opt   msh.o
    0x000070c4   0x000070c4   0x00000064   Code   RO         2157    i.msh_help          msh.o
    0x00007128   0x00007128   0x00000040   Code   RO         2006    i.msh_isint         msh_parse.o
    0x00007168   0x00007168   0x00000078   Code   RO         2158    i.msh_opt_auto_complete  msh.o
    0x000071e0   0x000071e0   0x0000007c   Code   RO         2159    i.msh_opt_complete  msh.o
    0x0000725c   0x0000725c   0x00000034   Code   RO         2160    i.msh_opt_help      msh.o
    0x00007290   0x00007290   0x00000030   Code   RO         2161    i.msh_opt_list_dump  msh.o
    0x000072c0   0x000072c0   0x000000f8   Code   RO         2162    i.msh_split         msh.o
    0x000073b8   0x000073b8   0x0000001c   Code   RO         2046    i.object_split      cmd.o
    0x000073d4   0x000073d4   0x00000028   Code   RO         1867    i.pin_irq_hdr       drv_gpio.o
    0x000073fc   0x000073fc   0x0000006a   Code   RO         3379    i.plug_holes        mem.o
    0x00007466   0x00007466   0x00000002   PAD
    0x00007468   0x00007468   0x00000260   Code   RO         4240    i.print_number      rt_vsnprintf_tiny.o
    0x000076c8   0x000076c8   0x0000000c   Code   RO         1806    i.reboot            drv_common.o
    0x000076d4   0x000076d4   0x00000030   Code   RO         2421    i.rt_application_init  components.o
    0x00007704   0x00007704   0x00000038   Code   RO         3164    i.rt_backtrace      kservice.o
    0x0000773c   0x0000773c   0x00000074   Code   RO         3166    i.rt_backtrace_frame  kservice.o
    0x000077b0   0x000077b0   0x0000002a   Code   RO         3167    i.rt_backtrace_thread  kservice.o
    0x000077da   0x000077da   0x00000028   Code   RO         3169    i.rt_calloc         kservice.o
    0x00007802   0x00007802   0x00000010   Code   RO          654    i.rt_completion_done  completion_comm.o
    0x00007812   0x00007812   0x00000006   Code   RO          747    i.rt_completion_init  completion_up.o
    0x00007818   0x00007818   0x00000012   Code   RO          655    i.rt_completion_wait  completion_comm.o
    0x0000782a   0x0000782a   0x00000002   PAD
    0x0000782c   0x0000782c   0x000000b4   Code   RO          748    i.rt_completion_wait_flags  completion_up.o
    0x000078e0   0x000078e0   0x00000060   Code   RO          750    i.rt_completion_wakeup_by_errno  completion_up.o
    0x00007940   0x00007940   0x0000001c   Code   RO         2422    i.rt_components_board_init  components.o
    0x0000795c   0x0000795c   0x0000001c   Code   RO         2423    i.rt_components_init  components.o
    0x00007978   0x00007978   0x0000000c   Code   RO         3170    i.rt_console_get_device  kservice.o
    0x00007984   0x00007984   0x00000038   Code   RO         3171    i.rt_console_set_device  kservice.o
    0x000079bc   0x000079bc   0x00000014   Code   RO         2486    i.rt_cpu_index      cpu_up.o
    0x000079d0   0x000079d0   0x00000008   Code   RO         2487    i.rt_cpu_self       cpu_up.o
    0x000079d8   0x000079d8   0x0000000c   Code   RO         3751    i.rt_critical_level  scheduler_up.o
    0x000079e4   0x000079e4   0x00000044   Code   RO         2536    i.rt_defunct_execute  defunct.o
    0x00007a28   0x00007a28   0x0000004a   Code   RO          570    i.rt_device_close   device.o
    0x00007a72   0x00007a72   0x0000000e   Code   RO          574    i.rt_device_find    device.o
    0x00007a80   0x00007a80   0x000000a8   Code   RO          576    i.rt_device_open    device.o
    0x00007b28   0x00007b28   0x00000048   Code   RO         1428    i.rt_device_pin_register  dev_pin.o
    0x00007b70   0x00007b70   0x00000044   Code   RO          577    i.rt_device_read    device.o
    0x00007bb4   0x00007bb4   0x00000038   Code   RO          578    i.rt_device_register  device.o
    0x00007bec   0x00007bec   0x00000012   Code   RO          579    i.rt_device_set_rx_indicate  device.o
    0x00007bfe   0x00007bfe   0x00000044   Code   RO          582    i.rt_device_write   device.o
    0x00007c42   0x00007c42   0x00000002   PAD
    0x00007c44   0x00007c44   0x00000028   Code   RO         3752    i.rt_enter_critical  scheduler_up.o
    0x00007c6c   0x00007c6c   0x00000044   Code   RO         3753    i.rt_exit_critical  scheduler_up.o
    0x00007cb0   0x00007cb0   0x0000000a   Code   RO         3754    i.rt_exit_critical_safe  scheduler_up.o
    0x00007cba   0x00007cba   0x00000002   PAD
    0x00007cbc   0x00007cbc   0x00000038   Code   RO         3172    i.rt_free           kservice.o
    0x00007cf4   0x00007cf4   0x00000008   Code   RO         3175    i.rt_hw_backtrace_frame_get  kservice.o
    0x00007cfc   0x00007cfc   0x00000008   Code   RO         3176    i.rt_hw_backtrace_frame_unwind  kservice.o
    0x00007d04   0x00007d04   0x00000002   Code   RO         1613    i.rt_hw_board_clock_init  board.o
    0x00007d06   0x00007d06   0x00000002   PAD
    0x00007d08   0x00007d08   0x00000030   Code   RO         1807    i.rt_hw_board_init  drv_common.o
    0x00007d38   0x00007d38   0x00000002   Code   RO         3177    i.rt_hw_console_output  kservice.o
    0x00007d3a   0x00007d3a   0x00000002   PAD
    0x00007d3c   0x00007d3c   0x00000010   Code   RO         4397    i.rt_hw_cpu_reset   cpuport.o
    0x00007d4c   0x00007d4c   0x000000f4   Code   RO         4398    i.rt_hw_hard_fault_exception  cpuport.o
    0x00007e40   0x00007e40   0x0000001c   Code   RO         1868    i.rt_hw_pin_init    drv_gpio.o
    0x00007e5c   0x00007e5c   0x000000e0   Code   RO         1544    i.rt_hw_serial_isr  dev_serial.o
    0x00007f3c   0x00007f3c   0x00000060   Code   RO         1545    i.rt_hw_serial_register  dev_serial.o
    0x00007f9c   0x00007f9c   0x00000040   Code   RO         4399    i.rt_hw_stack_init  cpuport.o
    0x00007fdc   0x00007fdc   0x0000003c   Code   RO         1808    i.rt_hw_systick_init  drv_common.o
    0x00008018   0x00008018   0x00000068   Code   RO         1948    i.rt_hw_usart_init  drv_usart.o
    0x00008080   0x00008080   0x0000003c   Code   RO         3112    i.rt_interrupt_enter  irq.o
    0x000080bc   0x000080bc   0x0000002c   Code   RO         3114    i.rt_interrupt_get_nest  irq.o
    0x000080e8   0x000080e8   0x0000003c   Code   RO         3115    i.rt_interrupt_leave  irq.o
    0x00008124   0x00008124   0x00000038   Code   RO         3182    i.rt_kprintf        kservice.o
    0x0000815c   0x0000815c   0x00000006   Code   RO         2631    i.rt_list_init      ipc.o
    0x00008162   0x00008162   0x00000006   Code   RO         3755    i.rt_list_init      scheduler_up.o
    0x00008168   0x00008168   0x00000006   Code   RO         4047    i.rt_list_init      timer.o
    0x0000816e   0x0000816e   0x0000000e   Code   RO         2632    i.rt_list_insert_after  ipc.o
    0x0000817c   0x0000817c   0x0000000e   Code   RO         3531    i.rt_list_insert_after  object.o
    0x0000818a   0x0000818a   0x0000000e   Code   RO         4048    i.rt_list_insert_after  timer.o
    0x00008198   0x00008198   0x0000000e   Code   RO         2633    i.rt_list_insert_before  ipc.o
    0x000081a6   0x000081a6   0x00000010   Code   RO         2047    i.rt_list_isempty   cmd.o
    0x000081b6   0x000081b6   0x00000010   Code   RO         2634    i.rt_list_isempty   ipc.o
    0x000081c6   0x000081c6   0x00000010   Code   RO         4049    i.rt_list_isempty   timer.o
    0x000081d6   0x000081d6   0x00000014   Code   RO         2048    i.rt_list_len       cmd.o
    0x000081ea   0x000081ea   0x00000012   Code   RO         2635    i.rt_list_remove    ipc.o
    0x000081fc   0x000081fc   0x00000012   Code   RO         3532    i.rt_list_remove    object.o
    0x0000820e   0x0000820e   0x00000012   Code   RO         4050    i.rt_list_remove    timer.o
    0x00008220   0x00008220   0x00000040   Code   RO         3184    i.rt_malloc         kservice.o
    0x00008260   0x00008260   0x00000062   Code   RO         4264    i.rt_memcpy         kstring.o
    0x000082c2   0x000082c2   0x00000042   Code   RO         4265    i.rt_memmove        kstring.o
    0x00008304   0x00008304   0x00000048   Code   RO         3187    i.rt_memory_info    kservice.o
    0x0000834c   0x0000834c   0x00000066   Code   RO         4266    i.rt_memset         kstring.o
    0x000083b2   0x000083b2   0x0000008e   Code   RO         2670    i.rt_mutex_drop_thread  ipc.o
    0x00008440   0x00008440   0x00000040   Code   RO         2672    i.rt_mutex_init     ipc.o
    0x00008480   0x00008480   0x00000128   Code   RO         2673    i.rt_mutex_release  ipc.o
    0x000085a8   0x000085a8   0x00000012   Code   RO         2675    i.rt_mutex_take     ipc.o
    0x000085ba   0x000085ba   0x00000002   PAD
    0x000085bc   0x000085bc   0x00000070   Code   RO         3533    i.rt_object_allocate  object.o
    0x0000862c   0x0000862c   0x0000004c   Code   RO         3535    i.rt_object_delete  object.o
    0x00008678   0x00008678   0x00000048   Code   RO         3536    i.rt_object_detach  object.o
    0x000086c0   0x000086c0   0x00000028   Code   RO         3538    i.rt_object_find    object.o
    0x000086e8   0x000086e8   0x00000068   Code   RO         3539    i.rt_object_for_each  object.o
    0x00008750   0x00008750   0x00000030   Code   RO         3540    i.rt_object_get_information  object.o
    0x00008780   0x00008780   0x0000000a   Code   RO         3544    i.rt_object_get_type  object.o
    0x0000878a   0x0000878a   0x00000002   PAD
    0x0000878c   0x0000878c   0x00000058   Code   RO         3545    i.rt_object_init    object.o
    0x000087e4   0x000087e4   0x00000014   Code   RO         3546    i.rt_object_is_systemobject  object.o
    0x000087f8   0x000087f8   0x00000024   Code   RO         1432    i.rt_pin_get        dev_pin.o
    0x0000881c   0x0000881c   0x0000001c   Code   RO         1434    i.rt_pin_mode       dev_pin.o
    0x00008838   0x00008838   0x00000018   Code   RO         1435    i.rt_pin_read       dev_pin.o
    0x00008850   0x00008850   0x0000001c   Code   RO         1436    i.rt_pin_write      dev_pin.o
    0x0000886c   0x0000886c   0x0000009c   Code   RO         3756    i.rt_sched_insert_thread  scheduler_up.o
    0x00008908   0x00008908   0x00000018   Code   RO         3757    i.rt_sched_lock     scheduler_up.o
    0x00008920   0x00008920   0x00000058   Code   RO         3758    i.rt_sched_remove_thread  scheduler_up.o
    0x00008978   0x00008978   0x00000008   Code   RO         3759    i.rt_sched_thread_bind_cpu  scheduler_up.o
    0x00008980   0x00008980   0x00000042   Code   RO         3669    i.rt_sched_thread_change_priority  scheduler_comm.o
    0x000089c2   0x000089c2   0x0000000c   Code   RO         3670    i.rt_sched_thread_close  scheduler_comm.o
    0x000089ce   0x000089ce   0x00000008   Code   RO         3671    i.rt_sched_thread_get_curr_prio  scheduler_comm.o
    0x000089d6   0x000089d6   0x00000008   Code   RO         3672    i.rt_sched_thread_get_init_prio  scheduler_comm.o
    0x000089de   0x000089de   0x0000000c   Code   RO         3673    i.rt_sched_thread_get_stat  scheduler_comm.o
    0x000089ea   0x000089ea   0x0000001a   Code   RO         3674    i.rt_sched_thread_init_ctx  scheduler_comm.o
    0x00008a04   0x00008a04   0x00000022   Code   RO         3760    i.rt_sched_thread_init_priv  scheduler_up.o
    0x00008a26   0x00008a26   0x0000000e   Code   RO         3675    i.rt_sched_thread_is_suspended  scheduler_comm.o
    0x00008a34   0x00008a34   0x0000004e   Code   RO         3676    i.rt_sched_thread_ready  scheduler_comm.o
    0x00008a82   0x00008a82   0x00000012   Code   RO         3761    i.rt_sched_thread_startup  scheduler_up.o
    0x00008a94   0x00008a94   0x00000014   Code   RO         3677    i.rt_sched_thread_timer_start  scheduler_comm.o
    0x00008aa8   0x00008aa8   0x0000002e   Code   RO         3678    i.rt_sched_thread_timer_stop  scheduler_comm.o
    0x00008ad6   0x00008ad6   0x00000016   Code   RO         3679    i.rt_sched_thread_yield  scheduler_comm.o
    0x00008aec   0x00008aec   0x00000040   Code   RO         3680    i.rt_sched_tick_increase  scheduler_comm.o
    0x00008b2c   0x00008b2c   0x0000000e   Code   RO         3762    i.rt_sched_unlock   scheduler_up.o
    0x00008b3a   0x00008b3a   0x0000001a   Code   RO         3763    i.rt_sched_unlock_n_resched  scheduler_up.o
    0x00008b54   0x00008b54   0x00000140   Code   RO         3764    i.rt_schedule       scheduler_up.o
    0x00008c94   0x00008c94   0x00000028   Code   RO         2683    i.rt_sem_init       ipc.o
    0x00008cbc   0x00008cbc   0x00000080   Code   RO         2684    i.rt_sem_release    ipc.o
    0x00008d3c   0x00008d3c   0x00000012   Code   RO         2685    i.rt_sem_take       ipc.o
    0x00008d4e   0x00008d4e   0x00000088   Code   RO         1546    i.rt_serial_close   dev_serial.o
    0x00008dd6   0x00008dd6   0x000000a8   Code   RO         1547    i.rt_serial_control  dev_serial.o
    0x00008e7e   0x00008e7e   0x00000034   Code   RO         1548    i.rt_serial_init    dev_serial.o
    0x00008eb2   0x00008eb2   0x00000164   Code   RO         1549    i.rt_serial_open    dev_serial.o
    0x00009016   0x00009016   0x00000076   Code   RO         1550    i.rt_serial_read    dev_serial.o
    0x0000908c   0x0000908c   0x00000036   Code   RO         1551    i.rt_serial_write   dev_serial.o
    0x000090c2   0x000090c2   0x00000002   PAD
    0x000090c4   0x000090c4   0x00000030   Code   RO         4209    i.rt_set_errno      kerrno.o
    0x000090f4   0x000090f4   0x000000c4   Code   RO         3191    i.rt_show_version   kservice.o
    0x000091b8   0x000091b8   0x0000011e   Code   RO         3380    i.rt_smem_alloc     mem.o
    0x000092d6   0x000092d6   0x00000048   Code   RO         3382    i.rt_smem_free      mem.o
    0x0000931e   0x0000931e   0x00000002   PAD
    0x00009320   0x00009320   0x000000fc   Code   RO         3383    i.rt_smem_init      mem.o
    0x0000941c   0x0000941c   0x0000002a   Code   RO         4177    i.rt_snprintf       kstdio.o
    0x00009446   0x00009446   0x0000001e   Code   RO         2361    i.rt_soft_atomic_add  clock.o
    0x00009464   0x00009464   0x0000000e   Code   RO         2488    i.rt_spin_lock      cpu_up.o
    0x00009472   0x00009472   0x00000002   Code   RO         2489    i.rt_spin_lock_init  cpu_up.o
    0x00009474   0x00009474   0x00000016   Code   RO         2490    i.rt_spin_lock_irqsave  cpu_up.o
    0x0000948a   0x0000948a   0x00000016   Code   RO         2491    i.rt_spin_unlock    cpu_up.o
    0x000094a0   0x000094a0   0x0000001e   Code   RO         2492    i.rt_spin_unlock_irqrestore  cpu_up.o
    0x000094be   0x000094be   0x0000001e   Code   RO         4268    i.rt_strcmp         kstring.o
    0x000094dc   0x000094dc   0x00000038   Code   RO         4210    i.rt_strerror       kerrno.o
    0x00009514   0x00009514   0x00000014   Code   RO         4271    i.rt_strlen         kstring.o
    0x00009528   0x00009528   0x0000002a   Code   RO         4272    i.rt_strncmp        kstring.o
    0x00009552   0x00009552   0x00000038   Code   RO         4273    i.rt_strncpy        kstring.o
    0x0000958a   0x0000958a   0x00000040   Code   RO         2689    i.rt_susp_list_dequeue  ipc.o
    0x000095ca   0x000095ca   0x0000006c   Code   RO         2690    i.rt_susp_list_enqueue  ipc.o
    0x00009636   0x00009636   0x00000002   PAD
    0x00009638   0x00009638   0x00000044   Code   RO         2691    i.rt_susp_list_print  ipc.o
    0x0000967c   0x0000967c   0x00000010   Code   RO         3192    i.rt_system_heap_init  kservice.o
    0x0000968c   0x0000968c   0x00000048   Code   RO         3193    i.rt_system_heap_init_generic  kservice.o
    0x000096d4   0x000096d4   0x00000030   Code   RO         3767    i.rt_system_scheduler_init  scheduler_up.o
    0x00009704   0x00009704   0x00000026   Code   RO         3768    i.rt_system_scheduler_start  scheduler_up.o
    0x0000972a   0x0000972a   0x00000002   PAD
    0x0000972c   0x0000972c   0x00000028   Code   RO         4051    i.rt_system_timer_init  timer.o
    0x00009754   0x00009754   0x00000002   Code   RO         4052    i.rt_system_timer_thread_init  timer.o
    0x00009756   0x00009756   0x00000044   Code   RO         3883    i.rt_thread_close   thread.o
    0x0000979a   0x0000979a   0x0000007e   Code   RO         3884    i.rt_thread_control  thread.o
    0x00009818   0x00009818   0x00000050   Code   RO         3885    i.rt_thread_create  thread.o
    0x00009868   0x00009868   0x00000054   Code   RO         2537    i.rt_thread_defunct_dequeue  defunct.o
    0x000098bc   0x000098bc   0x00000034   Code   RO         2538    i.rt_thread_defunct_enqueue  defunct.o
    0x000098f0   0x000098f0   0x00000010   Code   RO         2539    i.rt_thread_defunct_init  defunct.o
    0x00009900   0x00009900   0x00000018   Code   RO         3888    i.rt_thread_delete  thread.o
    0x00009918   0x00009918   0x00000018   Code   RO         3889    i.rt_thread_detach  thread.o
    0x00009930   0x00009930   0x0000007c   Code   RO         2574    i.rt_thread_idle_init  idle.o
    0x000099ac   0x000099ac   0x00000036   Code   RO         3892    i.rt_thread_init    thread.o
    0x000099e2   0x000099e2   0x00000014   Code   RO         3893    i.rt_thread_mdelay  thread.o
    0x000099f6   0x000099f6   0x00000002   PAD
    0x000099f8   0x000099f8   0x00000054   Code   RO         3894    i.rt_thread_resume  thread.o
    0x00009a4c   0x00009a4c   0x0000000a   Code   RO         3896    i.rt_thread_self    thread.o
    0x00009a56   0x00009a56   0x0000001a   Code   RO         3897    i.rt_thread_startup  thread.o
    0x00009a70   0x00009a70   0x00000084   Code   RO         3900    i.rt_thread_suspend_to_list  thread.o
    0x00009af4   0x00009af4   0x00000014   Code   RO         3901    i.rt_thread_suspend_with_flag  thread.o
    0x00009b08   0x00009b08   0x00000010   Code   RO         2362    i.rt_tick_from_millisecond  clock.o
    0x00009b18   0x00009b18   0x0000001c   Code   RO         2363    i.rt_tick_get       clock.o
    0x00009b34   0x00009b34   0x00000034   Code   RO         2365    i.rt_tick_increase  clock.o
    0x00009b68   0x00009b68   0x00000018   Code   RO         4053    i.rt_timer_check    timer.o
    0x00009b80   0x00009b80   0x000000ac   Code   RO         4054    i.rt_timer_control  timer.o
    0x00009c2c   0x00009c2c   0x0000002e   Code   RO         4055    i.rt_timer_create   timer.o
    0x00009c5a   0x00009c5a   0x00000002   PAD
    0x00009c5c   0x00009c5c   0x00000044   Code   RO         4057    i.rt_timer_detach   timer.o
    0x00009ca0   0x00009ca0   0x00000026   Code   RO         4060    i.rt_timer_init     timer.o
    0x00009cc6   0x00009cc6   0x00000002   PAD
    0x00009cc8   0x00009cc8   0x0000006c   Code   RO         4062    i.rt_timer_start    timer.o
    0x00009d34   0x00009d34   0x00000068   Code   RO         4063    i.rt_timer_stop     timer.o
    0x00009d9c   0x00009d9c   0x00000450   Code   RO         4241    i.rt_vsnprintf      rt_vsnprintf_tiny.o
    0x0000a1ec   0x0000a1ec   0x00000004   Code   RO         2424    i.rti_board_end     components.o
    0x0000a1f0   0x0000a1f0   0x00000004   Code   RO         2425    i.rti_board_start   components.o
    0x0000a1f4   0x0000a1f4   0x00000004   Code   RO         2426    i.rti_end           components.o
    0x0000a1f8   0x0000a1f8   0x00000004   Code   RO         2427    i.rti_start         components.o
    0x0000a1fc   0x0000a1fc   0x0000002e   Code   RO         2428    i.rtthread_startup  components.o
    0x0000a22a   0x0000a22a   0x00000002   PAD
    0x0000a22c   0x0000a22c   0x00000034   Code   RO         2263    i.shell_auto_complete  shell.o
    0x0000a260   0x0000a260   0x00000030   Code   RO         2264    i.shell_handle_history  shell.o
    0x0000a290   0x0000a290   0x000000be   Code   RO         2265    i.shell_push_history  shell.o
    0x0000a34e   0x0000a34e   0x00000024   Code   RO         4242    i.skip_atoi         rt_vsnprintf_tiny.o
    0x0000a372   0x0000a372   0x00000024   Code   RO         2163    i.str_common        msh.o
    0x0000a396   0x0000a396   0x00000028   Code   RO         1949    i.usart_isr         drv_usart.o
    0x0000a3be   0x0000a3be   0x0000000a   Code   RO         2049    i.version           cmd.o
    0x0000a3c8   0x0000a3c8   0x0000002c   Code   RO         8886    locale$$code        c_p.l(lc_ctype_c.o)
    0x0000a3f4   0x0000a3f4   0x0000002c   Code   RO         8948    locale$$code        c_p.l(lc_numeric_c.o)
    0x0000a420   0x0000a420   0x00000010   Code   RO         8892    x$fpl$printf1       fz_ps.l(printf1.o)
    0x0000a430   0x0000a430   0x00000010   Code   RO         8894    x$fpl$printf2       fz_ps.l(printf2.o)
    0x0000a440   0x0000a440   0x00000000   Code   RO         8900    x$fpl$usenofp       fz_ps.l(usenofp.o)
    0x0000a440   0x0000a440   0x00000360   Data   RO         1869    .constdata          drv_gpio.o
    0x0000a7a0   0x0000a7a0   0x0000001c   Data   RO         1950    .constdata          drv_usart.o
    0x0000a7bc   0x0000a7bc   0x0000007c   Data   RO         2050    .constdata          cmd.o
    0x0000a838   0x0000a838   0x00000100   Data   RO         3195    .constdata          kservice.o
    0x0000a938   0x0000a938   0x00000022   Data   RO         4243    .constdata          rt_vsnprintf_tiny.o
    0x0000a95a   0x0000a95a   0x00000002   PAD
    0x0000a95c   0x0000a95c   0x00000008   Data   RO         8799    .constdata          c_p.l(_printf_wctomb.o)
    0x0000a964   0x0000a964   0x00000028   Data   RO         8828    .constdata          c_p.l(_printf_hex_int_ll_ptr.o)
    0x0000a98c   0x0000a98c   0x00000011   Data   RO         8848    .constdata          c_p.l(__printf_flags_ss_wp.o)
    0x0000a99d   0x0000a99d   0x00000026   Data   RO         8930    .constdata          c_p.l(_printf_fp_hex.o)
    0x0000a9c3   0x0000a9c3   0x00000001   PAD
    0x0000a9c4   0x0000a9c4   0x00000094   Data   RO         9023    .constdata          c_p.l(bigflt0.o)
    0x0000aa58   0x0000aa58   0x00000098   Data   RO         1438    .conststring        dev_pin.o
    0x0000aaf0   0x0000aaf0   0x00000007   Data   RO         1951    .conststring        drv_usart.o
    0x0000aaf7   0x0000aaf7   0x00000001   PAD
    0x0000aaf8   0x0000aaf8   0x000002f0   Data   RO         2051    .conststring        cmd.o
    0x0000ade8   0x0000ade8   0x00000072   Data   RO         3196    .conststring        kservice.o
    0x0000ae5a   0x0000ae5a   0x00000002   PAD
    0x0000ae5c   0x0000ae5c   0x00000078   Data   RO         4211    .conststring        kerrno.o
    0x0000aed4   0x0000aed4   0x00000043   Data   RO         7744    .conststring        app_data.o
    0x0000af17   0x0000af17   0x00000011   Data   RO         1439    .rodata.name        dev_pin.o
    0x0000af28   0x0000af28   0x00000015   Data   RO         1809    .rodata.name        drv_common.o
    0x0000af3d   0x0000af3d   0x0000005d   Data   RO         2053    .rodata.name        cmd.o
    0x0000af9a   0x0000af9a   0x00000061   Data   RO         2164    .rodata.name        msh.o
    0x0000affb   0x0000affb   0x00000026   Data   RO         3198    .rodata.name        kservice.o
    0x0000b021   0x0000b021   0x00000003   PAD
    0x0000b024   0x0000b024   0x00000004   Data   RO         2429    .rti_fn.0           components.o
    0x0000b028   0x0000b028   0x00000004   Data   RO         2430    .rti_fn.0.end       components.o
    0x0000b02c   0x0000b02c   0x00000004   Data   RO         1871    .rti_fn.1           drv_gpio.o
    0x0000b030   0x0000b030   0x00000004   Data   RO         1953    .rti_fn.1           drv_usart.o
    0x0000b034   0x0000b034   0x00000004   Data   RO         2431    .rti_fn.1.end       components.o
    0x0000b038   0x0000b038   0x00000004   Data   RO         2268    .rti_fn.6           shell.o
    0x0000b03c   0x0000b03c   0x00000004   Data   RO         2432    .rti_fn.6.end       components.o
    0x0000b040   0x0000b040   0x00000010   Data   RO         1440    FSymTab             dev_pin.o
    0x0000b050   0x0000b050   0x00000010   Data   RO         1810    FSymTab             drv_common.o
    0x0000b060   0x0000b060   0x00000030   Data   RO         2054    FSymTab             cmd.o
    0x0000b090   0x0000b090   0x00000030   Data   RO         2165    FSymTab             msh.o
    0x0000b0c0   0x0000b0c0   0x00000010   Data   RO         3199    FSymTab             kservice.o
    0x0000b0d0   0x0000b0d0   0x00000020   Data   RO         9178    Region$$Table       anon$$obj.o
    0x0000b0f0   0x0000b0f0   0x00000110   Data   RO         8885    locale$$data        c_p.l(lc_ctype_c.o)
    0x0000b200   0x0000b200   0x0000001c   Data   RO         8947    locale$$data        c_p.l(lc_numeric_c.o)


    Execution Region RW_IRAM1 (Exec base: 0x20000000, Load base: 0x0000b21c, Size: 0x00000dc0, Max: 0x00004000, ABSOLUTE, COMPRESSED[0x00000124])

    Exec Addr    Load Addr    Size         Type   Attr      Idx    E Section Name        Object

    0x20000000   COMPRESSED   0x00000004   Data   RW          751    .data               completion_up.o
    0x20000004   COMPRESSED   0x00000004   Data   RW         1552    .data               dev_serial.o
    0x20000008   COMPRESSED   0x00000100   Data   RW         1870    .data               drv_gpio.o
    0x20000108   COMPRESSED   0x00000070   Data   RW         1952    .data               drv_usart.o
    0x20000178   COMPRESSED   0x00000084   Data   RW         2052    .data               cmd.o
    0x200001fc   COMPRESSED   0x00000014   Data   RW         2267    .data               shell.o
    0x20000210   COMPRESSED   0x00000008   Data   RW         2369    .data               clock.o
    0x20000218   COMPRESSED   0x00000008   Data   RW         2493    .data               cpu_up.o
    0x20000220   COMPRESSED   0x0000000c   Data   RW         2540    .data               defunct.o
    0x2000022c   COMPRESSED   0x00000004   Data   RW         2577    .data               idle.o
    0x20000230   COMPRESSED   0x0000000c   Data   RW         3117    .data               irq.o
    0x2000023c   COMPRESSED   0x00000018   Data   RW         3197    .data               kservice.o
    0x20000254   COMPRESSED   0x00000104   Data   RW         3550    .data               object.o
    0x20000358   COMPRESSED   0x00000010   Data   RW         3770    .data               scheduler_up.o
    0x20000368   COMPRESSED   0x00000008   Data   RW         3903    .data               thread.o
    0x20000370   COMPRESSED   0x00000018   Data   RW         4064    .data               timer.o
    0x20000388   COMPRESSED   0x0000007c   Data   RW         4212    .data               kerrno.o
    0x20000404   COMPRESSED   0x0000000c   Data   RW         4400    .data               cpuport.o
    0x20000410   COMPRESSED   0x00000004   Data   RW         7279    .data               system_ht32f5xxxx_01.o
    0x20000414   COMPRESSED   0x0000000d   Data   RW         7419    .data               main.o
    0x20000421   COMPRESSED   0x00000001   PAD
    0x20000422   COMPRESSED   0x00000006   Data   RW         7961    .data               abs_key.o
    0x20000428   COMPRESSED   0x00000002   Data   RW         8328    .data               bsp_asr.o
    0x2000042a   COMPRESSED   0x00000002   PAD
    0x2000042c        -       0x00000048   Zero   RW         1437    .bss                dev_pin.o
    0x20000474        -       0x00000081   Zero   RW         2266    .bss                shell.o
    0x200004f5   COMPRESSED   0x00000003   PAD
    0x200004f8        -       0x000002a4   Zero   RW         2576    .bss                idle.o
    0x2000079c        -       0x000000b0   Zero   RW         3194    .bss                kservice.o
    0x2000084c        -       0x00000100   Zero   RW         3769    .bss                scheduler_up.o
    0x2000094c        -       0x00000130   Zero   RW         7743    .bss                app_data.o
    0x20000a7c        -       0x00000010   Zero   RW         7799    .bss                abs_lora.o
    0x20000a8c        -       0x000000d0   Zero   RW         8191    .bss                bsp_lora.o
    0x20000b5c        -       0x00000060   Zero   RW         8902    .bss                c_p.l(libspace.o)
    0x20000bbc   COMPRESSED   0x00000004   PAD
    0x20000bc0        -       0x00000000   Zero   RW         1797    HEAP                startup_ht32f5xxxx_01.o
    0x20000bc0        -       0x00000200   Zero   RW         1796    STACK               startup_ht32f5xxxx_01.o


==============================================================================

Image component sizes


      Code (inc. data)   RO Data    RW Data    ZI Data      Debug   Object Name

         0          0          0          0          0        544   abs_ht32led.o
       138          0          0          6          0       1717   abs_key.o
      1210        434          0          0         16       5342   abs_lora.o
         0          0          0          0          0      38442   abs_y100.o
       476        228         67          0        304       1897   app_data.o
         2          0          0          0          0      44691   board.o
       212         14          0          0          0       2034   bsp_alarm.o
       628         34          0          2          0      12481   bsp_asr.o
        36          0          0          0          0        480   bsp_debug.o
       224         14          0          0          0       1512   bsp_ht32led.o
       100         10          0          0          0        932   bsp_key.o
       704         90          0          0        208      14562   bsp_lora.o
       284         18          0          0          0       1879   bsp_y100.o
       126         12          0          8          0       5068   clock.o
      4336       1504       1017        132          0      18691   cmd.o
        34          0          0          0          0      19114   completion_comm.o
       282         10          0          4          0       3344   completion_up.o
       190         30         16          0          0       5392   components.o
       224         32          0          0          0        772   context_rvds.o
       118         10          0          8          0       4096   cpu_up.o
       324        170          0         12          0       3424   cpuport.o
        26          0          0          0          0        605   cstdlib.o
       220         26          0         12          0       5946   defunct.o
      1532        624        185          0         72      12210   dev_pin.o
      1542         40          0          4          0      10439   dev_serial.o
       466          4          0          0          0       4988   device.o
       136         22         37          0          0       2916   drv_common.o
      1988         96        868        256          0      17862   drv_gpio.o
       710         42         39        112          0      14012   drv_usart.o
       132         18          0          0          0       2426   ht32_cm0plus_misc.o
        92         10          0          0          0        983   ht32_msp.o
       328         36          0          0          0       5358   ht32f5xxxx_ckcu.o
       168         20          0          0          0       6438   ht32f5xxxx_exti.o
       356         12          0          0          0       7911   ht32f5xxxx_gpio.o
       208          4          0          0          0       5418   ht32f5xxxx_usart.o
       160         28          0          4        676       1878   idle.o
      2092         48          0          0          0      17958   ipc.o
       164         24          0         12          0       5002   irq.o
       104         20        120        124          0       1865   kerrno.o
      1294        414        424         24        176      13964   kservice.o
        42          0          0          0          0        698   kstdio.o
       414          0          0          0          0       4831   kstring.o
       828        356          0         13          0      55191   main.o
       716         70          0          0          0       4718   mem.o
      1536        278        145          0          0      13114   msh.o
        64          0          0          0          0        624   msh_parse.o
       636         28          0        260          0      11615   object.o
      1748         16         34          0          0       4631   rt_vsnprintf_tiny.o
       376          0          0          0          0       9631   scheduler_comm.o
       950         80          0         16        256      13759   scheduler_up.o
      2218        224          4         20        129      10459   shell.o
       380        252          0          0        512        856   startup_ht32f5xxxx_01.o
         0          0          0          0          0      23350   syscall_mem.o
        12          0          0          0          0        536   syscalls.o
       376         22          0          4          0       2327   system_ht32f5xxxx_01.o
      1208         20          0          8          0      15985   thread.o
      1248         90          0         24          0      14039   timer.o

    ----------------------------------------------------------------------
     34172       5534       2996       1068       2352     510957   Object Totals
         0          0         32          0          0          0   (incl. Generated)
        54          0          8          3          3          0   (incl. Padding)

    ----------------------------------------------------------------------

      Code (inc. data)   RO Data    RW Data    ZI Data      Debug   Library Member Name

        86          0          0          0          0          0   __dczerorl2.o
         8          0          0          0          0         68   __main.o
       392          6         17          0          0         76   __printf_flags_ss_wp.o
        14          0          0          0          0         60   __printf_wp.o
         0          0          0          0          0          0   __rtentry.o
        12          0          0          0          0          0   __rtentry2.o
         6          0          0          0          0          0   __rtentry4.o
        60          8          0          0          0          0   __scatter.o
        28          0          0          0          0          0   __scatter_zi.o
        30          0          0          0          0         60   _chval.o
        10          0          0          0          0          0   _printf_a.o
        10          0          0          0          0          0   _printf_c.o
        46          0          0          0          0        100   _printf_char.o
        48          6          0          0          0         88   _printf_char_common.o
        38          0          0          0          0         60   _printf_charcount.o
        10          0          0          0          0          0   _printf_d.o
       108         18          0          0          0         76   _printf_dec.o
        10          0          0          0          0          0   _printf_e.o
        10          0          0          0          0          0   _printf_f.o
      1048         14          0          0          0        176   _printf_fp_dec.o
       728         10         38          0          0         84   _printf_fp_hex.o
       136         16          0          0          0         76   _printf_fp_infnan.o
        10          0          0          0          0          0   _printf_g.o
       152          4         40          0          0        148   _printf_hex_int_ll_ptr.o
        10          0          0          0          0          0   _printf_i.o
       176          0          0          0          0         84   _printf_intcommon.o
        10          0          0          0          0          0   _printf_l.o
        10          0          0          0          0          0   _printf_lc.o
        10          0          0          0          0          0   _printf_ll.o
        10          0          0          0          0          0   _printf_lld.o
        10          0          0          0          0          0   _printf_lli.o
        10          0          0          0          0          0   _printf_llo.o
        10          0          0          0          0          0   _printf_llu.o
        10          0          0          0          0          0   _printf_llx.o
       112         18          0          0          0         76   _printf_longlong_dec.o
        10          0          0          0          0          0   _printf_ls.o
        10          0          0          0          0          0   _printf_n.o
        10          0          0          0          0          0   _printf_o.o
       112         10          0          0          0        112   _printf_oct_int_ll.o
        10          0          0          0          0          0   _printf_p.o
        78          0          0          0          0        100   _printf_pad.o
         2          0          0          0          0          0   _printf_percent.o
         4          0          0          0          0          0   _printf_percent_end.o
        10          0          0          0          0          0   _printf_s.o
        82          0          0          0          0         72   _printf_str.o
        36          0          0          0          0         76   _printf_truncate.o
        10          0          0          0          0          0   _printf_u.o
        46          0          0          0          0        100   _printf_wchar.o
       188          6          8          0          0         80   _printf_wctomb.o
        10          0          0          0          0          0   _printf_x.o
        10          0          0          0          0         60   _sputc.o
       166          0          0          0          0         84   _strtoul.o
        64          0          0          0          0         72   _wcrtomb.o
       346          0          0          0          0         92   aeabi_sdiv.o
        26          0          0          0          0         72   atoi.o
       216          6        148          0          0         80   bigflt0.o
      1456         30          0          0          0        336   btod.o
        16          0          0          0          0         68   exit.o
         6          0          0          0          0        136   heapauxi.o
        44         10        272          0          0         76   lc_ctype_c.o
        44         10         28          0          0         76   lc_numeric_c.o
         2          0          0          0          0          0   libinit.o
        30          0          0          0          0          0   libinit2.o
         2          0          0          0          0          0   libshutdown.o
         2          0          0          0          0          0   libshutdown2.o
         8          4          0          0         96         68   libspace.o
       122          0          0          0          0         72   lludiv10.o
        90          0          0          0          0         68   memcmp.o
        16          4          0          0          0         76   rt_ctype_table.o
         8          4          0          0          0         68   rt_errno_addr_intlibspace.o
         8          4          0          0          0         68   rt_locale_intlibspace.o
        64          0          0          0          0        108   rt_memclr.o
        56          0          0          0          0         68   rt_memcpy.o
         2          0          0          0          0          0   rtexit.o
        10          0          0          0          0          0   rtexit2.o
        40          0          0          0          0         60   rtudiv10.o
        20          0          0          0          0         60   strchr.o
       136          4          0          0          0         72   strcmp.o
        76          6          0          0          0         72   strcpy.o
        68          6          0          0          0         72   strlen.o
       160          6          0          0          0         76   strncmp.o
       108          4          0          0          0         76   strncpy.o
        40          0          0          0          0         72   strstr.o
       112          4          0          0          0         76   strtol.o
       118          0          0          0          0         84   strtoul.o
        62          0          0          0          0         80   sys_stackheap_outer.o
         2          0          0          0          0         68   use_no_semi.o
        36          4          0          0          0         68   vsprintf.o
        16          4          0          0          0         76   printf1.o
        16          4          0          0          0         76   printf2.o
         0          0          0          0          0          0   usenofp.o
        44          4          0          0          0         60   fpclassify.o

    ----------------------------------------------------------------------
      7876        234        552          0        100       4668   Library Totals
        12          0          1          0          4          0   (incl. Padding)

    ----------------------------------------------------------------------

      Code (inc. data)   RO Data    RW Data    ZI Data      Debug   Library Name

      7788        222        551          0         96       4456   c_p.l
        32          8          0          0          0        152   fz_ps.l
        44          4          0          0          0         60   m_ps.l

    ----------------------------------------------------------------------
      7876        234        552          0        100       4668   Library Totals

    ----------------------------------------------------------------------

==============================================================================


      Code (inc. data)   RO Data    RW Data    ZI Data      Debug   

     42048       5768       3548       1068       2452     497857   Grand Totals
     42048       5768       3548        292       2452     497857   ELF Image Totals (compressed)
     42048       5768       3548        292          0          0   ROM Totals

==============================================================================

    Total RO  Size (Code + RO Data)                45596 (  44.53kB)
    Total RW  Size (RW Data + ZI Data)              3520 (   3.44kB)
    Total ROM Size (Code + RO Data + RW Data)      45888 (  44.81kB)

==============================================================================

