Component: ARM Compiler 5.06 update 6 (build 750) Tool: armlink [4d35ed]

==============================================================================

Section Cross References

    main.o(i.BFTM0_IRQHandler) refers to ht32f5xxxx_bftm.o(i.BFTM_GetFlagStatus) for BFTM_GetFlagStatus
    main.o(i.BFTM0_IRQHandler) refers to ht32f5xxxx_bftm.o(i.BFTM_ClearFlag) for BFTM_ClearFlag
    main.o(i.BFTM0_IRQHandler) refers to main.o(.data) for .data
    main.o(i.BFTM0_IRQHandler) refers to bsp_ld2410b.o(.data) for bsp_ld24108_target_state_2
    main.o(i.main) refers to system_ht32f5xxxx_01.o(i.SystemInit) for SystemInit
    main.o(i.main) refers to bsp_ht32led.o(i.Bsp_Ht32led_Config) for Bsp_Ht32led_Config
    main.o(i.main) refers to abs_delay.o(i.Abs_Delay_init) for Abs_Delay_init
    main.o(i.main) refers to bsp_debug.o(i.Bsp_Debug_Config) for Bsp_Debug_Config
    main.o(i.main) refers to bsp_ld2410b.o(i.Bsp_LD2410B_Init) for Bsp_LD2410B_Init
    main.o(i.main) refers to bsp_mq7.o(i.Bsp_MQ7_Init) for Bsp_MQ7_Init
    main.o(i.main) refers to bsp_dht11.o(i.Bsp_DHT11_Init) for Bsp_DHT11_Init
    main.o(i.main) refers to bsp_bftm0.o(i.Bsp_Bftm0_Config) for Bsp_Bftm0_Config
    main.o(i.main) refers to bsp_ht32led.o(i.Bsp_Ht32led_On) for Bsp_Ht32led_On
    main.o(i.main) refers to abs_lora.o(i.Abs_Lora_Init) for Abs_Lora_Init
    main.o(i.main) refers to app_data.o(i.App_Data_collect) for App_Data_collect
    main.o(i.main) refers to bsp_debug.o(i.Bsp_Debug_Printf) for Bsp_Debug_Printf
    main.o(i.main) refers to bsp_ld2410b.o(.bss) for MainData_HLK_2410s
    main.o(i.main) refers to bsp_ld2410b.o(.data) for bsp_ld24108_target_state_2
    ht32f5xxxx_01_it.o(i.HardFault_Handler) refers to ht32f5xxxx_01_it.o(.data) for .data
    system_ht32f5xxxx_01.o(i.SystemCoreClockUpdate) refers to system_ht32f5xxxx_01.o(.data) for .data
    startup_ht32f5xxxx_01.o(RESET) refers to startup_ht32f5xxxx_01.o(STACK) for __initial_sp
    startup_ht32f5xxxx_01.o(RESET) refers to ht32f5xxxx_01_it.o(i.NMI_Handler) for NMI_Handler
    startup_ht32f5xxxx_01.o(RESET) refers to ht32f5xxxx_01_it.o(i.HardFault_Handler) for HardFault_Handler
    startup_ht32f5xxxx_01.o(RESET) refers to ht32f5xxxx_01_it.o(i.SVC_Handler) for SVC_Handler
    startup_ht32f5xxxx_01.o(RESET) refers to ht32f5xxxx_01_it.o(i.PendSV_Handler) for PendSV_Handler
    startup_ht32f5xxxx_01.o(RESET) refers to ht32f5xxxx_01_it.o(i.SysTick_Handler) for SysTick_Handler
    startup_ht32f5xxxx_01.o(RESET) refers to main.o(i.BFTM0_IRQHandler) for BFTM0_IRQHandler
    startup_ht32f5xxxx_01.o(RESET) refers to bsp_debug.o(i.USART0_IRQHandler) for USART0_IRQHandler
    startup_ht32f5xxxx_01.o(RESET) refers to bsp_lora.o(i.UART0_IRQHandler) for UART0_IRQHandler
    startup_ht32f5xxxx_01.o(RESET) refers to bsp_ld2410b.o(i.UART1_IRQHandler) for UART1_IRQHandler
    startup_ht32f5xxxx_01.o(RESET) refers to system_ht32f5xxxx_01.o(i.SystemInit) for SystemInit
    startup_ht32f5xxxx_01.o(RESET) refers to entry.o(.ARM.Collect$$$$00000000) for __main
    ht32_usbd_core.o(i.USBDCore_GetStatus) refers to ht32_usbd_core.o(.data) for .data
    ht32_usbd_core.o(i.USBDCore_IRQHandler) refers to ht32f5xxxx_usbd.o(i.USBD_GetINT) for USBD_GetINT
    ht32_usbd_core.o(i.USBDCore_IRQHandler) refers to ht32f5xxxx_usbd.o(i.USBD_ClearINT) for USBD_ClearINT
    ht32_usbd_core.o(i.USBDCore_IRQHandler) refers to ht32f5xxxx_usbd.o(i.USBD_PowerOff) for USBD_PowerOff
    ht32_usbd_core.o(i.USBDCore_IRQHandler) refers to ht32f5xxxx_usbd.o(i.USBD_DeInit) for USBD_DeInit
    ht32_usbd_core.o(i.USBDCore_IRQHandler) refers to ht32f5xxxx_usbd.o(i.USBD_PowerOn) for USBD_PowerOn
    ht32_usbd_core.o(i.USBDCore_IRQHandler) refers to ht32f5xxxx_usbd.o(i.USBD_EPTInit) for USBD_EPTInit
    ht32_usbd_core.o(i.USBDCore_IRQHandler) refers to ht32f5xxxx_usbd.o(i.USBD_EnableINT) for USBD_EnableINT
    ht32_usbd_core.o(i.USBDCore_IRQHandler) refers to ht32f5xxxx_usbd.o(i.USBD_EPTGetINT) for USBD_EPTGetINT
    ht32_usbd_core.o(i.USBDCore_IRQHandler) refers to ht32f5xxxx_usbd.o(i.USBD_ReadSETUPData) for USBD_ReadSETUPData
    ht32_usbd_core.o(i.USBDCore_IRQHandler) refers to ht32_usbd_core.o(i._USBDCore_Setup) for _USBDCore_Setup
    ht32_usbd_core.o(i.USBDCore_IRQHandler) refers to ht32f5xxxx_usbd.o(i.USBD_EPTClearINT) for USBD_EPTClearINT
    ht32_usbd_core.o(i.USBDCore_IRQHandler) refers to ht32_usbd_core.o(i._USBDCore_ControlIN) for _USBDCore_ControlIN
    ht32_usbd_core.o(i.USBDCore_IRQHandler) refers to ht32f5xxxx_usbd.o(i.USBD_EPTReadOUTData) for USBD_EPTReadOUTData
    ht32_usbd_core.o(i.USBDCore_IRQHandler) refers to ht32f5xxxx_usbd.o(i.USBD_EPTWriteINData) for USBD_EPTWriteINData
    ht32_usbd_core.o(i.USBDCore_IRQHandler) refers to ht32f5xxxx_usbd.o(i.USBD_GetEPTnINTNumber) for USBD_GetEPTnINTNumber
    ht32_usbd_core.o(i.USBDCore_Init) refers to ht32f5xxxx_usbd.o(i.USBD_Init) for USBD_Init
    ht32_usbd_core.o(i.USBDCore_Init) refers to ht32_usbd_core.o(.data) for .data
[...]
    Removing ht32f5xxxx_sci.o(i.SCI_SetGuardTimeValue), (4 bytes).
    Removing ht32f5xxxx_sci.o(i.SCI_SetWaitingTimeValue), (4 bytes).
    Removing ht32f5xxxx_sci.o(i.SCI_SoftwareClockCmd), (18 bytes).
    Removing ht32f5xxxx_sci.o(i.SCI_StructInit), (14 bytes).
    Removing ht32f5xxxx_sci.o(i.SCI_WaitingTimeCounterCmd), (18 bytes).
    Removing ht32f5xxxx_spi.o(.rev16_text), (4 bytes).
    Removing ht32f5xxxx_spi.o(.revsh_text), (4 bytes).
    Removing ht32f5xxxx_spi.o(i.SPI_ClearFlag), (4 bytes).
    Removing ht32f5xxxx_spi.o(i.SPI_Cmd), (20 bytes).
    Removing ht32f5xxxx_spi.o(i.SPI_DUALCmd), (18 bytes).
    Removing ht32f5xxxx_spi.o(i.SPI_DeInit), (44 bytes).
    Removing ht32f5xxxx_spi.o(i.SPI_FIFOCmd), (20 bytes).
    Removing ht32f5xxxx_spi.o(i.SPI_FIFOTriggerLevelConfig), (32 bytes).
    Removing ht32f5xxxx_spi.o(i.SPI_GUARDTCmd), (18 bytes).
    Removing ht32f5xxxx_spi.o(i.SPI_GUARDTConfig), (20 bytes).
    Removing ht32f5xxxx_spi.o(i.SPI_GetFIFOStatus), (20 bytes).
    Removing ht32f5xxxx_spi.o(i.SPI_GetFlagStatus), (14 bytes).
    Removing ht32f5xxxx_spi.o(i.SPI_Init), (72 bytes).
    Removing ht32f5xxxx_spi.o(i.SPI_IntConfig), (16 bytes).
    Removing ht32f5xxxx_spi.o(i.SPI_PDMACmd), (16 bytes).
    Removing ht32f5xxxx_spi.o(i.SPI_ReceiveData), (6 bytes).
    Removing ht32f5xxxx_spi.o(i.SPI_SELHTConfig), (14 bytes).
    Removing ht32f5xxxx_spi.o(i.SPI_SELModeConfig), (20 bytes).
    Removing ht32f5xxxx_spi.o(i.SPI_SELOutputCmd), (18 bytes).
    Removing ht32f5xxxx_spi.o(i.SPI_SendData), (4 bytes).
    Removing ht32f5xxxx_spi.o(i.SPI_SetDataLength), (16 bytes).
    Removing ht32f5xxxx_spi.o(i.SPI_SetTimeOutValue), (4 bytes).
    Removing ht32f5xxxx_spi.o(i.SPI_SoftwareSELCmd), (18 bytes).
    Removing ht32f5xxxx_spi.o(i.SPI_StructInit), (28 bytes).
    Removing ht32f5xxxx_tm.o(.rev16_text), (4 bytes).
    Removing ht32f5xxxx_tm.o(.revsh_text), (4 bytes).
    Removing ht32f5xxxx_tm.o(i.TM_CHCCDSConfig), (20 bytes).
    Removing ht32f5xxxx_tm.o(i.TM_CHCCRPreloadConfig), (24 bytes).
    Removing ht32f5xxxx_tm.o(i.TM_CHPSCConfig), (22 bytes).
    Removing ht32f5xxxx_tm.o(i.TM_CKDIVConfig), (18 bytes).
    Removing ht32f5xxxx_tm.o(i.TM_CRRPreloadCmd), (18 bytes).
    Removing ht32f5xxxx_tm.o(i.TM_CaptureInit), (34 bytes).
    Removing ht32f5xxxx_tm.o(i.TM_CaptureStructInit), (18 bytes).
    Removing ht32f5xxxx_tm.o(i.TM_ChExternalClockConfig), (50 bytes).
    Removing ht32f5xxxx_tm.o(i.TM_ChPolarityConfig), (20 bytes).
    Removing ht32f5xxxx_tm.o(i.TM_ChannelConfig), (24 bytes).
    Removing ht32f5xxxx_tm.o(i.TM_ClearFlag), (10 bytes).
    Removing ht32f5xxxx_tm.o(i.TM_ClearIntPendingBit), (10 bytes).
    Removing ht32f5xxxx_tm.o(i.TM_ClearOREFConfig), (24 bytes).
    Removing ht32f5xxxx_tm.o(i.TM_Cmd), (20 bytes).
    Removing ht32f5xxxx_tm.o(i.TM_CounterModeConfig), (28 bytes).
    Removing ht32f5xxxx_tm.o(i.TM_DeInit), (88 bytes).
    Removing ht32f5xxxx_tm.o(i.TM_DecoderConfig), (64 bytes).
    Removing ht32f5xxxx_tm.o(i.TM_ForcedOREF), (18 bytes).
    Removing ht32f5xxxx_tm.o(i.TM_GenerateEvent), (4 bytes).
    Removing ht32f5xxxx_tm.o(i.TM_GetCaptureCompare), (10 bytes).
    Removing ht32f5xxxx_tm.o(i.TM_GetCounter), (6 bytes).
    Removing ht32f5xxxx_tm.o(i.TM_GetFlagStatus), (10 bytes).
    Removing ht32f5xxxx_tm.o(i.TM_GetIntStatus), (24 bytes).
    Removing ht32f5xxxx_tm.o(i.TM_GetPrescaler), (6 bytes).
    Removing ht32f5xxxx_tm.o(i.TM_HallInterfaceCmd), (22 bytes).
    Removing ht32f5xxxx_tm.o(i.TM_ImmActiveConfig), (24 bytes).
    Removing ht32f5xxxx_tm.o(i.TM_IntConfig), (16 bytes).
    Removing ht32f5xxxx_tm.o(i.TM_InternalClockConfig), (12 bytes).
    Removing ht32f5xxxx_tm.o(i.TM_ItiExternalClockConfig), (20 bytes).
    Removing ht32f5xxxx_tm.o(i.TM_MMSELConfig), (14 bytes).
    Removing ht32f5xxxx_tm.o(i.TM_OutputInit), (160 bytes).
    Removing ht32f5xxxx_tm.o(i.TM_OutputModeConfig), (32 bytes).
    Removing ht32f5xxxx_tm.o(i.TM_OutputStructInit), (24 bytes).
    Removing ht32f5xxxx_tm.o(i.TM_PDMAConfig), (16 bytes).
    Removing ht32f5xxxx_tm.o(i.TM_PrescalerConfig), (8 bytes).
    Removing ht32f5xxxx_tm.o(i.TM_PwmInputInit), (94 bytes).
    Removing ht32f5xxxx_tm.o(i.TM_SetAsymmetricCompare), (10 bytes).
    Removing ht32f5xxxx_tm.o(i.TM_SetCaptureCompare), (10 bytes).
    Removing ht32f5xxxx_tm.o(i.TM_SetCounter), (6 bytes).
    Removing ht32f5xxxx_tm.o(i.TM_SetCounterReload), (6 bytes).
    Removing ht32f5xxxx_tm.o(i.TM_SinglePulseModeCmd), (20 bytes).
    Removing ht32f5xxxx_tm.o(i.TM_SlaveModeConfig), (14 bytes).
    Removing ht32f5xxxx_tm.o(i.TM_StiConfig), (26 bytes).
    Removing ht32f5xxxx_tm.o(i.TM_TimSyncCmd), (20 bytes).
    Removing ht32f5xxxx_tm.o(i.TM_TimeBaseInit), (64 bytes).
    Removing ht32f5xxxx_tm.o(i.TM_TimeBaseStructInit), (20 bytes).
    Removing ht32f5xxxx_tm.o(i.TM_UEVG_IntConfig), (18 bytes).
    Removing ht32f5xxxx_tm.o(i.TM_UpdateCmd), (20 bytes).
    Removing ht32f5xxxx_tm.o(i._TM_CHx_Config), (60 bytes).
    Removing ht32f5xxxx_usart.o(.rev16_text), (4 bytes).
    Removing ht32f5xxxx_usart.o(.revsh_text), (4 bytes).
    Removing ht32f5xxxx_usart.o(i.USART_ClearFlag), (8 bytes).
    Removing ht32f5xxxx_usart.o(i.USART_DeInit), (68 bytes).
    Removing ht32f5xxxx_usart.o(i.USART_FIFOReset), (8 bytes).
    Removing ht32f5xxxx_usart.o(i.USART_ForceBreakCmd), (20 bytes).
    Removing ht32f5xxxx_usart.o(i.USART_GetFIFOStatus), (18 bytes).
    Removing ht32f5xxxx_usart.o(i.USART_GetIntStatus), (10 bytes).
    Removing ht32f5xxxx_usart.o(i.USART_HardwareFlowControlCmd), (18 bytes).
    Removing ht32f5xxxx_usart.o(i.USART_IrDACmd), (20 bytes).
    Removing ht32f5xxxx_usart.o(i.USART_IrDAConfig), (18 bytes).
    Removing ht32f5xxxx_usart.o(i.USART_IrDADirectionConfig), (18 bytes).
    Removing ht32f5xxxx_usart.o(i.USART_IrDAInvtCmd), (20 bytes).
    Removing ht32f5xxxx_usart.o(i.USART_PDMACmd), (16 bytes).
    Removing ht32f5xxxx_usart.o(i.USART_RS485AADCmd), (18 bytes).
    Removing ht32f5xxxx_usart.o(i.USART_RS485NMMCmd), (18 bytes).
    Removing ht32f5xxxx_usart.o(i.USART_RS485TxEnablePolarityConfig), (20 bytes).
    Removing ht32f5xxxx_usart.o(i.USART_SetAddressMatchValue), (16 bytes).
    Removing ht32f5xxxx_usart.o(i.USART_SetGuardTime), (16 bytes).
    Removing ht32f5xxxx_usart.o(i.USART_SetIrDAPrescaler), (16 bytes).
    Removing ht32f5xxxx_usart.o(i.USART_SetTimeOutValue), (16 bytes).
    Removing ht32f5xxxx_usart.o(i.USART_StickParityCmd), (24 bytes).
    Removing ht32f5xxxx_usart.o(i.USART_StickParityConfig), (24 bytes).
    Removing ht32f5xxxx_usart.o(i.USART_StructInit), (22 bytes).
    Removing ht32f5xxxx_usart.o(i.USART_SynClockInit), (26 bytes).
    Removing ht32f5xxxx_usart.o(i.USART_SynClockStructInit), (12 bytes).
    Removing ht32f5xxxx_usart.o(i.USART_TXRXTLConfig), (20 bytes).
    Removing ht32f5xxxx_usbd.o(.rev16_text), (4 bytes).
    Removing ht32f5xxxx_usbd.o(.revsh_text), (4 bytes).
    Removing ht32f5xxxx_usbd.o(i.USBD_ClearINT), (12 bytes).
    Removing ht32f5xxxx_usbd.o(i.USBD_DPWakeUpCmd), (28 bytes).
    Removing ht32f5xxxx_usbd.o(i.USBD_DPpullupCmd), (24 bytes).
    Removing ht32f5xxxx_usbd.o(i.USBD_DeInit), (16 bytes).
    Removing ht32f5xxxx_usbd.o(i.USBD_DisableDefaultPull), (12 bytes).
    Removing ht32f5xxxx_usbd.o(i.USBD_DisableINT), (16 bytes).
    Removing ht32f5xxxx_usbd.o(i.USBD_EPTClearDTG), (16 bytes).
    Removing ht32f5xxxx_usbd.o(i.USBD_EPTClearHalt), (16 bytes).
    Removing ht32f5xxxx_usbd.o(i.USBD_EPTClearINT), (12 bytes).
    Removing ht32f5xxxx_usbd.o(i.USBD_EPTEnableINT), (12 bytes).
    Removing ht32f5xxxx_usbd.o(i.USBD_EPTGetBuffer0Addr), (24 bytes).
    Removing ht32f5xxxx_usbd.o(i.USBD_EPTGetBuffer1Addr), (36 bytes).
    Removing ht32f5xxxx_usbd.o(i.USBD_EPTGetBufferLen), (14 bytes).
    Removing ht32f5xxxx_usbd.o(i.USBD_EPTGetHalt), (24 bytes).
    Removing ht32f5xxxx_usbd.o(i.USBD_EPTGetINT), (14 bytes).
    Removing ht32f5xxxx_usbd.o(i.USBD_EPTGetTransferCount), (18 bytes).
    Removing ht32f5xxxx_usbd.o(i.USBD_EPTInit), (36 bytes).
    Removing ht32f5xxxx_usbd.o(i.USBD_EPTReadMemory), (56 bytes).
    Removing ht32f5xxxx_usbd.o(i.USBD_EPTReadOUTData), (48 bytes).
    Removing ht32f5xxxx_usbd.o(i.USBD_EPTReset), (16 bytes).
    Removing ht32f5xxxx_usbd.o(i.USBD_EPTSendSTALL), (12 bytes).
    Removing ht32f5xxxx_usbd.o(i.USBD_EPTSetHalt), (20 bytes).
    Removing ht32f5xxxx_usbd.o(i.USBD_EPTWaitSTALLSent), (32 bytes).
    Removing ht32f5xxxx_usbd.o(i.USBD_EPTWriteINData), (68 bytes).
    Removing ht32f5xxxx_usbd.o(i.USBD_EnableINT), (16 bytes).
    Removing ht32f5xxxx_usbd.o(i.USBD_GetEPTnINTNumber), (32 bytes).
    Removing ht32f5xxxx_usbd.o(i.USBD_GetINT), (20 bytes).
    Removing ht32f5xxxx_usbd.o(i.USBD_Init), (8 bytes).
    Removing ht32f5xxxx_usbd.o(i.USBD_PowerOff), (16 bytes).
    Removing ht32f5xxxx_usbd.o(i.USBD_PowerOn), (28 bytes).
    Removing ht32f5xxxx_usbd.o(i.USBD_PowerUp), (116 bytes).
    Removing ht32f5xxxx_usbd.o(i.USBD_PreInit), (24 bytes).
    Removing ht32f5xxxx_usbd.o(i.USBD_ReadSETUPData), (16 bytes).
    Removing ht32f5xxxx_usbd.o(i.USBD_RemoteWakeup), (16 bytes).
    Removing ht32f5xxxx_usbd.o(i.USBD_SRAMResetConditionCmd), (24 bytes).
    Removing ht32f5xxxx_usbd.o(i.USBD_SetAddress), (20 bytes).
    Removing ht32f5xxxx_usbd.o(i._USBD_CopyMemory), (138 bytes).
    Removing ht32f5xxxx_usbd.o(i._USBD_GetEPTnAddr), (16 bytes).
    Removing ht32f5xxxx_usbd.o(.data), (4 bytes).
    Removing ht32f5xxxx_wdt.o(.rev16_text), (4 bytes).
    Removing ht32f5xxxx_wdt.o(.revsh_text), (4 bytes).
    Removing ht32f5xxxx_wdt.o(i.WDT_Cmd), (28 bytes).
    Removing ht32f5xxxx_wdt.o(i.WDT_DeInit), (16 bytes).
    Removing ht32f5xxxx_wdt.o(i.WDT_GetDeltaValue), (16 bytes).
    Removing ht32f5xxxx_wdt.o(i.WDT_GetFlagStatus), (20 bytes).
    Removing ht32f5xxxx_wdt.o(i.WDT_GetPrescaler), (20 bytes).
    Removing ht32f5xxxx_wdt.o(i.WDT_GetReloadValue), (16 bytes).
    Removing ht32f5xxxx_wdt.o(i.WDT_HaltConfig), (24 bytes).
    Removing ht32f5xxxx_wdt.o(i.WDT_LockCmd), (36 bytes).
    Removing ht32f5xxxx_wdt.o(i.WDT_ProtectCmd), (28 bytes).
    Removing ht32f5xxxx_wdt.o(i.WDT_ResetCmd), (28 bytes).
    Removing ht32f5xxxx_wdt.o(i.WDT_Restart), (16 bytes).
    Removing ht32f5xxxx_wdt.o(i.WDT_SetDeltaValue), (20 bytes).
    Removing ht32f5xxxx_wdt.o(i.WDT_SetPrescaler), (20 bytes).
    Removing ht32f5xxxx_wdt.o(i.WDT_SetReloadValue), (20 bytes).
    Removing ht32f5xxxx_wdt.o(i.WDT_SourceConfig), (16 bytes).
    Removing bsp_ht32led.o(.rev16_text), (4 bytes).
    Removing bsp_ht32led.o(.revsh_text), (4 bytes).
    Removing bsp_ht32led.o(i.Bsp_Ht32led_Off), (36 bytes).
    Removing bsp_debug.o(.rev16_text), (4 bytes).
    Removing bsp_debug.o(.revsh_text), (4 bytes).
    Removing bsp_debug.o(i.Bsp_Debug_SendArray), (28 bytes).
    Removing bsp_debug.o(i.Bsp_Debug_SendStr), (24 bytes).
    Removing bsp_debug.o(i.Bsp_Debug_Sendbyte), (28 bytes).
    Removing bsp_lora.o(.rev16_text), (4 bytes).
    Removing bsp_lora.o(.revsh_text), (4 bytes).
    Removing bsp_lora.o(i.Bsp_Lora_Printf), (76 bytes).
    Removing bsp_lora.o(i.Bsp_Lora_SendStr), (24 bytes).
    Removing bsp_dht11.o(.rev16_text), (4 bytes).
    Removing bsp_dht11.o(.revsh_text), (4 bytes).
    Removing bsp_dht11.o(i.Bsp_Parase_DHT11_Data), (36 bytes).
    Removing bsp_dht11.o(.bss), (64 bytes).
    Removing bsp_dht11.o(.data), (4 bytes).
    Removing bsp_ld2410b.o(.rev16_text), (4 bytes).
    Removing bsp_ld2410b.o(.revsh_text), (4 bytes).
    Removing bsp_ld2410b.o(i.c_GetTargetStateString), (48 bytes).
    Removing bsp_ld2410b.o(.data), (1 bytes).
    Removing bsp_ld2410b.o(.data), (1 bytes).
    Removing bsp_mq7.o(.rev16_text), (4 bytes).
    Removing bsp_mq7.o(.revsh_text), (4 bytes).
    Removing bsp_mq7.o(i.Bsp_Parase_MQ7_Data), (2 bytes).
    Removing bsp_mq7.o(.bss), (20 bytes).
    Removing bsp_bftm0.o(.rev16_text), (4 bytes).
    Removing bsp_bftm0.o(.revsh_text), (4 bytes).
    Removing abs_ht32led.o(.rev16_text), (4 bytes).
    Removing abs_ht32led.o(.revsh_text), (4 bytes).
    Removing abs_lora.o(.rev16_text), (4 bytes).
    Removing abs_lora.o(.revsh_text), (4 bytes).
    Removing abs_delay.o(.rev16_text), (4 bytes).
    Removing abs_delay.o(.revsh_text), (4 bytes).
    Removing app_data.o(.rev16_text), (4 bytes).
    Removing app_data.o(.revsh_text), (4 bytes).

559 unused section(s) (total 22282 bytes) removed from the image.

==============================================================================

Image Symbol Table

    Local Symbols

    Symbol Name                              Value     Ov Type        Size  Object(Section)

    RESET                                    0x00000000   Section      284  startup_ht32f5xxxx_01.o(RESET)
    ../clib/microlib/division.c              0x00000000   Number         0  uidiv.o ABSOLUTE
    ../clib/microlib/division.c              0x00000000   Number         0  uldiv.o ABSOLUTE
    ../clib/microlib/errno.c                 0x00000000   Number         0  errno.o ABSOLUTE
    ../clib/microlib/init/entry.s            0x00000000   Number         0  entry7b.o ABSOLUTE
    ../clib/microlib/init/entry.s            0x00000000   Number         0  entry2.o ABSOLUTE
    ../clib/microlib/init/entry.s            0x00000000   Number         0  entry7a.o ABSOLUTE
    ../clib/microlib/init/entry.s            0x00000000   Number         0  entry9b.o ABSOLUTE
    ../clib/microlib/init/entry.s            0x00000000   Number         0  entry9a.o ABSOLUTE
    ../clib/microlib/init/entry.s            0x00000000   Number         0  entry8b.o ABSOLUTE
    ../clib/microlib/init/entry.s            0x00000000   Number         0  entry8a.o ABSOLUTE
    ../clib/microlib/init/entry.s            0x00000000   Number         0  entry.o ABSOLUTE
    ../clib/microlib/init/entry.s            0x00000000   Number         0  entry5.o ABSOLUTE
    ../clib/microlib/init/entry.s            0x00000000   Number         0  entry10a.o ABSOLUTE
    ../clib/microlib/init/entry.s            0x00000000   Number         0  entry11b.o ABSOLUTE
    ../clib/microlib/init/entry.s            0x00000000   Number         0  entry11a.o ABSOLUTE
    ../clib/microlib/init/entry.s            0x00000000   Number         0  entry10b.o ABSOLUTE
    ../clib/microlib/longlong.c              0x00000000   Number         0  llshl.o ABSOLUTE
    ../clib/microlib/longlong.c              0x00000000   Number         0  llsshr.o ABSOLUTE
    ../clib/microlib/longlong.c              0x00000000   Number         0  llushr.o ABSOLUTE
    ../clib/microlib/printf/printf.c         0x00000000   Number         0  printf5.o ABSOLUTE
    ../clib/microlib/printf/printf.c         0x00000000   Number         0  printf0.o ABSOLUTE
    ../clib/microlib/printf/printf.c         0x00000000   Number         0  printf4.o ABSOLUTE
    ../clib/microlib/printf/printf.c         0x00000000   Number         0  printf6.o ABSOLUTE
    ../clib/microlib/printf/printf.c         0x00000000   Number         0  printf2.o ABSOLUTE
    ../clib/microlib/printf/printf.c         0x00000000   Number         0  printf7.o ABSOLUTE
    ../clib/microlib/printf/printf.c         0x00000000   Number         0  printf3.o ABSOLUTE
    ../clib/microlib/printf/printf.c         0x00000000   Number         0  printfb.o ABSOLUTE
    ../clib/microlib/printf/printf.c         0x00000000   Number         0  printfa.o ABSOLUTE
    ../clib/microlib/printf/printf.c         0x00000000   Number         0  printf8.o ABSOLUTE
    ../clib/microlib/printf/printf.c         0x00000000   Number         0  printf1.o ABSOLUTE
    ../clib/microlib/printf/stubs.s          0x00000000   Number         0  stubs.o ABSOLUTE
    ../clib/microlib/stdio/fputc.c           0x00000000   Number         0  fputc.o ABSOLUTE
    ../clib/microlib/stdio/semi.s            0x00000000   Number         0  semi.o ABSOLUTE
    ../clib/microlib/stdio/streams.c         0x00000000   Number         0  stdout.o ABSOLUTE
    ../clib/microlib/string/memcmp.c         0x00000000   Number         0  memcmp.o ABSOLUTE
    ../clib/microlib/string/memset.c         0x00000000   Number         0  memseta.o ABSOLUTE
    ../clib/microlib/string/strcmp.c         0x00000000   Number         0  strcmp.o ABSOLUTE
    ../clib/microlib/string/strlen.c         0x00000000   Number         0  strlen.o ABSOLUTE
    ../clib/microlib/string/strstr.c         0x00000000   Number         0  strstr.o ABSOLUTE
    ../clib/microlib/stubs.s                 0x00000000   Number         0  iusesemip.o ABSOLUTE
    ../clib/microlib/stubs.s                 0x00000000   Number         0  iusefp.o ABSOLUTE
    ../fplib/microlib/fpadd.c                0x00000000   Number         0  dadd.o ABSOLUTE
    ../fplib/microlib/fpadd.c                0x00000000   Number         0  fadd.o ABSOLUTE
    ../fplib/microlib/fpdiv.c                0x00000000   Number         0  fdiv.o ABSOLUTE
    ../fplib/microlib/fpdiv.c                0x00000000   Number         0  ddiv.o ABSOLUTE
    ../fplib/microlib/fpepilogue.c           0x00000000   Number         0  depilogue.o ABSOLUTE
    ../fplib/microlib/fpepilogue.c           0x00000000   Number         0  fepilogue.o ABSOLUTE
    ../fplib/microlib/fpfix.c                0x00000000   Number         0  ffixir.o ABSOLUTE
    ../fplib/microlib/fpfix.c                0x00000000   Number         0  dfixul.o ABSOLUTE
    ../fplib/microlib/fpfix.c                0x00000000   Number         0  ffixui.o ABSOLUTE
    ../fplib/microlib/fpflt.c                0x00000000   Number         0  ffltui.o ABSOLUTE
    ../fplib/microlib/fpflt.c                0x00000000   Number         0  fflti.o ABSOLUTE
    ../fplib/microlib/fpmul.c                0x00000000   Number         0  fmul.o ABSOLUTE
    ../fplib/microlib/fpmul.c                0x00000000   Number         0  dmul.o ABSOLUTE
    ../fplib/microlib/fpscalb.c              0x00000000   Number         0  fscalb.o ABSOLUTE
    ../fplib/microlib/fpstat.c               0x00000000   Number         0  fpstat.o ABSOLUTE
    ../mathlib/fpclassifyf.c                 0x00000000   Number         0  fpclassifyf.o ABSOLUTE
    ../mathlib/funder.c                      0x00000000   Number         0  funder.o ABSOLUTE
    ../mathlib/powf.c                        0x00000000   Number         0  powf.o ABSOLUTE
    ../mathlib/powf.c                        0x00000000   Number         0  powf_x.o ABSOLUTE
    ..\Libraries\HT32F5xxxx_Driver\src\ht32_cm0plus_misc.c 0x00000000   Number         0  ht32_cm0plus_misc.o ABSOLUTE
    ..\Libraries\HT32F5xxxx_Driver\src\ht32f5xxxx_adc.c 0x00000000   Number         0  ht32f5xxxx_adc.o ABSOLUTE
    ..\Libraries\HT32F5xxxx_Driver\src\ht32f5xxxx_bftm.c 0x00000000   Number         0  ht32f5xxxx_bftm.o ABSOLUTE
    ..\Libraries\HT32F5xxxx_Driver\src\ht32f5xxxx_ckcu.c 0x00000000   Number         0  ht32f5xxxx_ckcu.o ABSOLUTE
    ..\Libraries\HT32F5xxxx_Driver\src\ht32f5xxxx_cmp.c 0x00000000   Number         0  ht32f5xxxx_cmp.o ABSOLUTE
    ..\Libraries\HT32F5xxxx_Driver\src\ht32f5xxxx_crc.c 0x00000000   Number         0  ht32f5xxxx_crc.o ABSOLUTE
    ..\Libraries\HT32F5xxxx_Driver\src\ht32f5xxxx_ebi.c 0x00000000   Number         0  ht32f5xxxx_ebi.o ABSOLUTE
    ..\Libraries\HT32F5xxxx_Driver\src\ht32f5xxxx_exti.c 0x00000000   Number         0  ht32f5xxxx_exti.o ABSOLUTE
    ..\Libraries\HT32F5xxxx_Driver\src\ht32f5xxxx_flash.c 0x00000000   Number         0  ht32f5xxxx_flash.o ABSOLUTE
    ..\Libraries\HT32F5xxxx_Driver\src\ht32f5xxxx_gpio.c 0x00000000   Number         0  ht32f5xxxx_gpio.o ABSOLUTE
    ..\Libraries\HT32F5xxxx_Driver\src\ht32f5xxxx_i2c.c 0x00000000   Number         0  ht32f5xxxx_i2c.o ABSOLUTE
    ..\Libraries\HT32F5xxxx_Driver\src\ht32f5xxxx_i2s.c 0x00000000   Number         0  ht32f5xxxx_i2s.o ABSOLUTE
    ..\Libraries\HT32F5xxxx_Driver\src\ht32f5xxxx_mctm.c 0x00000000   Number         0  ht32f5xxxx_mctm.o ABSOLUTE
    ..\Libraries\HT32F5xxxx_Driver\src\ht32f5xxxx_pdma.c 0x00000000   Number         0  ht32f5xxxx_pdma.o ABSOLUTE
    ..\Libraries\HT32F5xxxx_Driver\src\ht32f5xxxx_pwrcu.c 0x00000000   Number         0  ht32f5xxxx_pwrcu.o ABSOLUTE
    ..\Libraries\HT32F5xxxx_Driver\src\ht32f5xxxx_rstcu.c 0x00000000   Number         0  ht32f5xxxx_rstcu.o ABSOLUTE
    ..\Libraries\HT32F5xxxx_Driver\src\ht32f5xxxx_rtc.c 0x00000000   Number         0  ht32f5xxxx_rtc.o ABSOLUTE
    ..\Libraries\HT32F5xxxx_Driver\src\ht32f5xxxx_sci.c 0x00000000   Number         0  ht32f5xxxx_sci.o ABSOLUTE
    ..\Libraries\HT32F5xxxx_Driver\src\ht32f5xxxx_spi.c 0x00000000   Number         0  ht32f5xxxx_spi.o ABSOLUTE
    ..\Libraries\HT32F5xxxx_Driver\src\ht32f5xxxx_tm.c 0x00000000   Number         0  ht32f5xxxx_tm.o ABSOLUTE
    ..\Libraries\HT32F5xxxx_Driver\src\ht32f5xxxx_usart.c 0x00000000   Number         0  ht32f5xxxx_usart.o ABSOLUTE
    ..\Libraries\HT32F5xxxx_Driver\src\ht32f5xxxx_usbd.c 0x00000000   Number         0  ht32f5xxxx_usbd.o ABSOLUTE
    ..\Libraries\HT32F5xxxx_Driver\src\ht32f5xxxx_wdt.c 0x00000000   Number         0  ht32f5xxxx_wdt.o ABSOLUTE
    ..\Libraries\HT32_USBD_Library\src\ht32_usbd_core.c 0x00000000   Number         0  ht32_usbd_core.o ABSOLUTE
    ..\Libraries\system_ht32f5xxxx_01.c      0x00000000   Number         0  system_ht32f5xxxx_01.o ABSOLUTE
    ..\Listing\ht32_op.s                     0x00000000   Number         0  ht32_op.o ABSOLUTE
    ..\Listing\startup_ht32f5xxxx_01.s       0x00000000   Number         0  startup_ht32f5xxxx_01.o ABSOLUTE
    ..\User\ht32f5xxxx_01_it.c               0x00000000   Number         0  ht32f5xxxx_01_it.o ABSOLUTE
    ..\User\main.c                           0x00000000   Number         0  main.o ABSOLUTE
    ..\Utilities\common\ebi_lcd.c            0x00000000   Number         0  ebi_lcd.o ABSOLUTE
    ..\Utilities\common\i2c_eeprom.c         0x00000000   Number         0  i2c_eeprom.o ABSOLUTE
    ..\Utilities\common\spi_flash.c          0x00000000   Number         0  spi_flash.o ABSOLUTE
    ..\Utilities\ht32_board.c                0x00000000   Number         0  ht32_board.o ABSOLUTE
    ..\\Libraries\\HT32F5xxxx_Driver\\src\\ht32_cm0plus_misc.c 0x00000000   Number         0  ht32_cm0plus_misc.o ABSOLUTE
    ..\\Libraries\\HT32F5xxxx_Driver\\src\\ht32f5xxxx_adc.c 0x00000000   Number         0  ht32f5xxxx_adc.o ABSOLUTE
    ..\\Libraries\\HT32F5xxxx_Driver\\src\\ht32f5xxxx_bftm.c 0x00000000   Number         0  ht32f5xxxx_bftm.o ABSOLUTE
    ..\\Libraries\\HT32F5xxxx_Driver\\src\\ht32f5xxxx_ckcu.c 0x00000000   Number         0  ht32f5xxxx_ckcu.o ABSOLUTE
    ..\\Libraries\\HT32F5xxxx_Driver\\src\\ht32f5xxxx_cmp.c 0x00000000   Number         0  ht32f5xxxx_cmp.o ABSOLUTE
    ..\\Libraries\\HT32F5xxxx_Driver\\src\\ht32f5xxxx_crc.c 0x00000000   Number         0  ht32f5xxxx_crc.o ABSOLUTE
    ..\\Libraries\\HT32F5xxxx_Driver\\src\\ht32f5xxxx_ebi.c 0x00000000   Number         0  ht32f5xxxx_ebi.o ABSOLUTE
    ..\\Libraries\\HT32F5xxxx_Driver\\src\\ht32f5xxxx_exti.c 0x00000000   Number         0  ht32f5xxxx_exti.o ABSOLUTE
    ..\\Libraries\\HT32F5xxxx_Driver\\src\\ht32f5xxxx_flash.c 0x00000000   Number         0  ht32f5xxxx_flash.o ABSOLUTE
    ..\\Libraries\\HT32F5xxxx_Driver\\src\\ht32f5xxxx_gpio.c 0x00000000   Number         0  ht32f5xxxx_gpio.o ABSOLUTE
    ..\\Libraries\\HT32F5xxxx_Driver\\src\\ht32f5xxxx_i2c.c 0x00000000   Number         0  ht32f5xxxx_i2c.o ABSOLUTE
    ..\\Libraries\\HT32F5xxxx_Driver\\src\\ht32f5xxxx_i2s.c 0x00000000   Number         0  ht32f5xxxx_i2s.o ABSOLUTE
    ..\\Libraries\\HT32F5xxxx_Driver\\src\\ht32f5xxxx_mctm.c 0x00000000   Number         0  ht32f5xxxx_mctm.o ABSOLUTE
    ..\\Libraries\\HT32F5xxxx_Driver\\src\\ht32f5xxxx_pdma.c 0x00000000   Number         0  ht32f5xxxx_pdma.o ABSOLUTE
    ..\\Libraries\\HT32F5xxxx_Driver\\src\\ht32f5xxxx_pwrcu.c 0x00000000   Number         0  ht32f5xxxx_pwrcu.o ABSOLUTE
    ..\\Libraries\\HT32F5xxxx_Driver\\src\\ht32f5xxxx_rstcu.c 0x00000000   Number         0  ht32f5xxxx_rstcu.o ABSOLUTE
    ..\\Libraries\\HT32F5xxxx_Driver\\src\\ht32f5xxxx_rtc.c 0x00000000   Number         0  ht32f5xxxx_rtc.o ABSOLUTE
    ..\\Libraries\\HT32F5xxxx_Driver\\src\\ht32f5xxxx_sci.c 0x00000000   Number         0  ht32f5xxxx_sci.o ABSOLUTE
    ..\\Libraries\\HT32F5xxxx_Driver\\src\\ht32f5xxxx_spi.c 0x00000000   Number         0  ht32f5xxxx_spi.o ABSOLUTE
    ..\\Libraries\\HT32F5xxxx_Driver\\src\\ht32f5xxxx_tm.c 0x00000000   Number         0  ht32f5xxxx_tm.o ABSOLUTE
    ..\\Libraries\\HT32F5xxxx_Driver\\src\\ht32f5xxxx_usart.c 0x00000000   Number         0  ht32f5xxxx_usart.o ABSOLUTE
    ..\\Libraries\\HT32F5xxxx_Driver\\src\\ht32f5xxxx_usbd.c 0x00000000   Number         0  ht32f5xxxx_usbd.o ABSOLUTE
    ..\\Libraries\\HT32F5xxxx_Driver\\src\\ht32f5xxxx_wdt.c 0x00000000   Number         0  ht32f5xxxx_wdt.o ABSOLUTE
    ..\\Libraries\\HT32_USBD_Library\\src\\ht32_usbd_core.c 0x00000000   Number         0  ht32_usbd_core.o ABSOLUTE
    ..\\Libraries\\system_ht32f5xxxx_01.c    0x00000000   Number         0  system_ht32f5xxxx_01.o ABSOLUTE
    ..\\User\\ht32f5xxxx_01_it.c             0x00000000   Number         0  ht32f5xxxx_01_it.o ABSOLUTE
    ..\\User\\main.c                         0x00000000   Number         0  main.o ABSOLUTE
    ..\\Utilities\\common\\ebi_lcd.c         0x00000000   Number         0  ebi_lcd.o ABSOLUTE
    ..\\Utilities\\common\\i2c_eeprom.c      0x00000000   Number         0  i2c_eeprom.o ABSOLUTE
    ..\\Utilities\\common\\spi_flash.c       0x00000000   Number         0  spi_flash.o ABSOLUTE
    ..\\Utilities\\ht32_board.c              0x00000000   Number         0  ht32_board.o ABSOLUTE
    ..\\sttabs\\abs_delay.c                  0x00000000   Number         0  abs_delay.o ABSOLUTE
    ..\\sttabs\\abs_ht32led.c                0x00000000   Number         0  abs_ht32led.o ABSOLUTE
    ..\\sttabs\\abs_lora.c                   0x00000000   Number         0  abs_lora.o ABSOLUTE
    ..\\sttapp\\app_data.c                   0x00000000   Number         0  app_data.o ABSOLUTE
    ..\\sttbsp\\bsp_DHT11.c                  0x00000000   Number         0  bsp_dht11.o ABSOLUTE
    ..\\sttbsp\\bsp_LD2410B.c                0x00000000   Number         0  bsp_ld2410b.o ABSOLUTE
    ..\\sttbsp\\bsp_MQ7.c                    0x00000000   Number         0  bsp_mq7.o ABSOLUTE
    ..\\sttbsp\\bsp_bftm0.c                  0x00000000   Number         0  bsp_bftm0.o ABSOLUTE
    ..\\sttbsp\\bsp_debug.c                  0x00000000   Number         0  bsp_debug.o ABSOLUTE
    ..\\sttbsp\\bsp_ht32led.c                0x00000000   Number         0  bsp_ht32led.o ABSOLUTE
    ..\\sttbsp\\bsp_lora.c                   0x00000000   Number         0  bsp_lora.o ABSOLUTE
    ..\sttabs\abs_delay.c                    0x00000000   Number         0  abs_delay.o ABSOLUTE
    ..\sttabs\abs_ht32led.c                  0x00000000   Number         0  abs_ht32led.o ABSOLUTE
    ..\sttabs\abs_lora.c                     0x00000000   Number         0  abs_lora.o ABSOLUTE
    ..\sttapp\app_data.c                     0x00000000   Number         0  app_data.o ABSOLUTE
    ..\sttbsp\bsp_DHT11.c                    0x00000000   Number         0  bsp_dht11.o ABSOLUTE
    ..\sttbsp\bsp_LD2410B.c                  0x00000000   Number         0  bsp_ld2410b.o ABSOLUTE
    ..\sttbsp\bsp_MQ7.c                      0x00000000   Number         0  bsp_mq7.o ABSOLUTE
    ..\sttbsp\bsp_bftm0.c                    0x00000000   Number         0  bsp_bftm0.o ABSOLUTE
    ..\sttbsp\bsp_debug.c                    0x00000000   Number         0  bsp_debug.o ABSOLUTE
    ..\sttbsp\bsp_ht32led.c                  0x00000000   Number         0  bsp_ht32led.o ABSOLUTE
    ..\sttbsp\bsp_lora.c                     0x00000000   Number         0  bsp_lora.o ABSOLUTE
    cdrcmple.s                               0x00000000   Number         0  cdrcmple.o ABSOLUTE
    dc.s                                     0x00000000   Number         0  dc.o ABSOLUTE
    handlers.s                               0x00000000   Number         0  handlers.o ABSOLUTE
    init.s                                   0x00000000   Number         0  init.o ABSOLUTE
    BootProcess                              0x000000cd   Thumb Code    44  startup_ht32f5xxxx_01.o(RESET)
    .ARM.Collect$$$$00000000                 0x0000011c   Section        0  entry.o(.ARM.Collect$$$$00000000)
    .ARM.Collect$$$$00000001                 0x0000011c   Section        4  entry2.o(.ARM.Collect$$$$00000001)
    .ARM.Collect$$$$00000004                 0x00000120   Section        4  entry5.o(.ARM.Collect$$$$00000004)
    .ARM.Collect$$$$00000008                 0x00000124   Section        0  entry7b.o(.ARM.Collect$$$$00000008)
    .ARM.Collect$$$$0000000A                 0x00000124   Section        0  entry8b.o(.ARM.Collect$$$$0000000A)
    .ARM.Collect$$$$0000000B                 0x00000124   Section        8  entry9a.o(.ARM.Collect$$$$0000000B)
    .ARM.Collect$$$$0000000D                 0x0000012c   Section        0  entry10a.o(.ARM.Collect$$$$0000000D)
    .ARM.Collect$$$$0000000F                 0x0000012c   Section        0  entry11a.o(.ARM.Collect$$$$0000000F)
    .ARM.Collect$$$$00002712                 0x0000012c   Section        4  entry2.o(.ARM.Collect$$$$00002712)
    __lit__00000000                          0x0000012c   Data           4  entry2.o(.ARM.Collect$$$$00002712)
    .text                                    0x00000130   Section        0  uidiv.o(.text)
    .text                                    0x0000015c   Section        0  memseta.o(.text)
    .text                                    0x00000180   Section        0  strstr.o(.text)
    .text                                    0x000001a8   Section        0  strlen.o(.text)
    .text                                    0x000001b6   Section        0  strcmp.o(.text)
    .text                                    0x000001d2   Section        0  memcmp.o(.text)
    .text                                    0x000001ec   Section        0  fadd.o(.text)
    .text                                    0x0000029e   Section        0  fmul.o(.text)
    .text                                    0x00000318   Section        0  fdiv.o(.text)
    .text                                    0x00000394   Section        0  fscalb.o(.text)
    .text                                    0x000003ac   Section        0  ffltui.o(.text)
    .text                                    0x000003ba   Section        0  ffixui.o(.text)
    .text                                    0x000003e2   Section        0  uldiv.o(.text)
    .text                                    0x00000442   Section        0  fepilogue.o(.text)
    .text                                    0x00000442   Section        0  iusefp.o(.text)
    .text                                    0x000004c4   Section        0  dadd.o(.text)
    .text                                    0x00000628   Section        0  dmul.o(.text)
    .text                                    0x000006f8   Section        0  ddiv.o(.text)
    .text                                    0x000007e8   Section        0  fflti.o(.text)
    .text                                    0x00000800   Section        0  dfixul.o(.text)
    .text                                    0x00000840   Section        0  ffixir.o(.text)
    .text                                    0x0000088c   Section       40  cdrcmple.o(.text)
    .text                                    0x000008b4   Section        0  fpstat.o(.text)
    .text                                    0x000008b8   Section       36  init.o(.text)
    .text                                    0x000008dc   Section        0  llshl.o(.text)
    .text                                    0x000008fc   Section        0  llushr.o(.text)
    .text                                    0x0000091e   Section        0  llsshr.o(.text)
    .text                                    0x00000944   Section        0  depilogue.o(.text)
    i.ADC_Cmd                                0x00000a02   Section        0  ht32f5xxxx_adc.o(i.ADC_Cmd)
    i.ADC_GetConversionData                  0x00000a14   Section        0  ht32f5xxxx_adc.o(i.ADC_GetConversionData)
    i.ADC_GetFlagStatus                      0x00000a1e   Section        0  ht32f5xxxx_adc.o(i.ADC_GetFlagStatus)
    i.ADC_RegularChannelConfig               0x00000a2a   Section        0  ht32f5xxxx_adc.o(i.ADC_RegularChannelConfig)
    i.ADC_RegularGroupConfig                 0x00000a46   Section        0  ht32f5xxxx_adc.o(i.ADC_RegularGroupConfig)
    i.ADC_RegularTrigConfig                  0x00000a60   Section        0  ht32f5xxxx_adc.o(i.ADC_RegularTrigConfig)
    i.ADC_SoftwareStartConvCmd               0x00000a6e   Section        0  ht32f5xxxx_adc.o(i.ADC_SoftwareStartConvCmd)
    i.AFIO_GPxConfig                         0x00000a84   Section        0  ht32f5xxxx_gpio.o(i.AFIO_GPxConfig)
    i.Abs_Delay_Ms                           0x00000adc   Section        0  abs_delay.o(i.Abs_Delay_Ms)
    i.Abs_Delay_Us                           0x00000af4   Section        0  abs_delay.o(i.Abs_Delay_Us)
    i.Abs_Delay_init                         0x00000b28   Section        0  abs_delay.o(i.Abs_Delay_init)
    i.Abs_Lora_EnterAT                       0x00000b50   Section        0  abs_lora.o(i.Abs_Lora_EnterAT)
    i.Abs_Lora_Init                          0x00000ba8   Section        0  abs_lora.o(i.Abs_Lora_Init)
    i.Abs_Lora_SetAT                         0x00000bcc   Section        0  abs_lora.o(i.Abs_Lora_SetAT)
    i.Abs_Lora_Wakeup                        0x00000e80   Section        0  abs_lora.o(i.Abs_Lora_Wakeup)
    i.App_Data_collect                       0x00000eb4   Section        0  app_data.o(i.App_Data_collect)
    i.BFTM0_IRQHandler                       0x00000f68   Section        0  main.o(i.BFTM0_IRQHandler)
    i.BFTM_ClearFlag                         0x00000fa0   Section        0  ht32f5xxxx_bftm.o(i.BFTM_ClearFlag)
    i.BFTM_EnaCmd                            0x00000fae   Section        0  ht32f5xxxx_bftm.o(i.BFTM_EnaCmd)
    i.BFTM_GetFlagStatus                     0x00000fc0   Section        0  ht32f5xxxx_bftm.o(i.BFTM_GetFlagStatus)
    i.BFTM_IntConfig                         0x00000fca   Section        0  ht32f5xxxx_bftm.o(i.BFTM_IntConfig)
    i.BFTM_SetCompare                        0x00000fde   Section        0  ht32f5xxxx_bftm.o(i.BFTM_SetCompare)
    i.BFTM_SetCounter                        0x00000fe2   Section        0  ht32f5xxxx_bftm.o(i.BFTM_SetCounter)
    i.Bsp_Bftm0_Config                       0x00000fe8   Section        0  bsp_bftm0.o(i.Bsp_Bftm0_Config)
    i.Bsp_DHT11_Check                        0x00001038   Section        0  bsp_dht11.o(i.Bsp_DHT11_Check)
    i.Bsp_DHT11_Init                         0x00001098   Section        0  bsp_dht11.o(i.Bsp_DHT11_Init)
    i.Bsp_DHT11_Read_Bit                     0x000010f4   Section        0  bsp_dht11.o(i.Bsp_DHT11_Read_Bit)
    i.Bsp_DHT11_Read_Byte                    0x00001150   Section        0  bsp_dht11.o(i.Bsp_DHT11_Read_Byte)
    i.Bsp_DHT11_Read_Data                    0x0000116a   Section        0  bsp_dht11.o(i.Bsp_DHT11_Read_Data)
    i.Bsp_DHT11_Reset                        0x000011b4   Section        0  bsp_dht11.o(i.Bsp_DHT11_Reset)
    i.Bsp_DHT11_Set_Mode                     0x000011e0   Section        0  bsp_dht11.o(i.Bsp_DHT11_Set_Mode)
    i.Bsp_Debug_Config                       0x00001210   Section        0  bsp_debug.o(i.Bsp_Debug_Config)
    i.Bsp_Debug_Printf                       0x00001280   Section        0  bsp_debug.o(i.Bsp_Debug_Printf)
    i.Bsp_Ht32led_Config                     0x000012cc   Section        0  bsp_ht32led.o(i.Bsp_Ht32led_Config)
    i.Bsp_Ht32led_On                         0x00001338   Section        0  bsp_ht32led.o(i.Bsp_Ht32led_On)
    i.Bsp_LD2410B_Init                       0x0000135c   Section        0  bsp_ld2410b.o(i.Bsp_LD2410B_Init)
    i.Bsp_Lora_Clear_Struct                  0x000013d0   Section        0  bsp_lora.o(i.Bsp_Lora_Clear_Struct)
    i.Bsp_Lora_Res                           0x000013e8   Section        0  bsp_lora.o(i.Bsp_Lora_Res)
    i.Bsp_Lora_Res_Config                    0x00001410   Section        0  bsp_lora.o(i.Bsp_Lora_Res_Config)
    i.Bsp_Lora_SendArray                     0x00001454   Section        0  bsp_lora.o(i.Bsp_Lora_SendArray)
    i.Bsp_Lora_Send_Cmd                      0x00001470   Section        0  bsp_lora.o(i.Bsp_Lora_Send_Cmd)
    i.Bsp_Lora_Sendbyte                      0x00001504   Section        0  bsp_lora.o(i.Bsp_Lora_Sendbyte)
    i.Bsp_Lora_Usart_Config                  0x00001524   Section        0  bsp_lora.o(i.Bsp_Lora_Usart_Config)
    i.Bsp_MQ7_Init                           0x00001594   Section        0  bsp_mq7.o(i.Bsp_MQ7_Init)
    i.Bsp_MQ7_ReadPPM                        0x000015e4   Section        0  bsp_mq7.o(i.Bsp_MQ7_ReadPPM)
    i.Bsp_MQ7_ReadRawData                    0x00001630   Section        0  bsp_mq7.o(i.Bsp_MQ7_ReadRawData)
    i.Bsp_Parase_LD2410B_Data                0x00001680   Section        0  bsp_ld2410b.o(i.Bsp_Parase_LD2410B_Data)
    i.CKCU_GetClocksFrequency                0x000016cc   Section        0  ht32f5xxxx_ckcu.o(i.CKCU_GetClocksFrequency)
    i.CKCU_GetPLLFrequency                   0x00001738   Section        0  ht32f5xxxx_ckcu.o(i.CKCU_GetPLLFrequency)
    i.CKCU_GetPeripFrequency                 0x00001774   Section        0  ht32f5xxxx_ckcu.o(i.CKCU_GetPeripFrequency)
    i.CKCU_PeripClockConfig                  0x000017a8   Section        0  ht32f5xxxx_ckcu.o(i.CKCU_PeripClockConfig)
    i.CKCU_SetADCnPrescaler                  0x000017d0   Section        0  ht32f5xxxx_ckcu.o(i.CKCU_SetADCnPrescaler)
    i.GPIO_ClearOutBits                      0x000017e8   Section        0  ht32f5xxxx_gpio.o(i.GPIO_ClearOutBits)
    i.GPIO_DirectionConfig                   0x000017ec   Section        0  ht32f5xxxx_gpio.o(i.GPIO_DirectionConfig)
    i.GPIO_DriveConfig                       0x000017fc   Section        0  ht32f5xxxx_gpio.o(i.GPIO_DriveConfig)
    i.GPIO_InputConfig                       0x0000182c   Section        0  ht32f5xxxx_gpio.o(i.GPIO_InputConfig)
    i.GPIO_PullResistorConfig                0x0000183c   Section        0  ht32f5xxxx_gpio.o(i.GPIO_PullResistorConfig)
    i.GPIO_ReadInBit                         0x00001866   Section        0  ht32f5xxxx_gpio.o(i.GPIO_ReadInBit)
    i.GPIO_SetOutBits                        0x00001870   Section        0  ht32f5xxxx_gpio.o(i.GPIO_SetOutBits)
    i.GPIO_WriteOutBits                      0x00001874   Section        0  ht32f5xxxx_gpio.o(i.GPIO_WriteOutBits)
    i.HardFault_Handler                      0x00001880   Section        0  ht32f5xxxx_01_it.o(i.HardFault_Handler)
    i.NMI_Handler                            0x00001890   Section        0  ht32f5xxxx_01_it.o(i.NMI_Handler)
    i.PendSV_Handler                         0x00001892   Section        0  ht32f5xxxx_01_it.o(i.PendSV_Handler)
    i.SVC_Handler                            0x00001894   Section        0  ht32f5xxxx_01_it.o(i.SVC_Handler)
    i.SYSTICK_ClockSourceConfig              0x00001898   Section        0  ht32_cm0plus_misc.o(i.SYSTICK_ClockSourceConfig)
    i.SysTick_Handler                        0x000018b0   Section        0  ht32f5xxxx_01_it.o(i.SysTick_Handler)
    i.SystemInit                             0x000018b4   Section        0  system_ht32f5xxxx_01.o(i.SystemInit)
    i.UART0_IRQHandler                       0x000019b0   Section        0  bsp_lora.o(i.UART0_IRQHandler)
    i.UART1_IRQHandler                       0x000019e8   Section        0  bsp_ld2410b.o(i.UART1_IRQHandler)
    i.USART0_IRQHandler                      0x00001a2c   Section        0  bsp_debug.o(i.USART0_IRQHandler)
    i.USART_GetFlagStatus                    0x00001a4c   Section        0  ht32f5xxxx_usart.o(i.USART_GetFlagStatus)
    i.USART_Init                             0x00001a58   Section        0  ht32f5xxxx_usart.o(i.USART_Init)
    i.USART_IntConfig                        0x00001adc   Section        0  ht32f5xxxx_usart.o(i.USART_IntConfig)
    i.USART_ReceiveData                      0x00001aec   Section        0  ht32f5xxxx_usart.o(i.USART_ReceiveData)
    i.USART_SendData                         0x00001af2   Section        0  ht32f5xxxx_usart.o(i.USART_SendData)
    i.USART_TxRxCmd                          0x00001af6   Section        0  ht32f5xxxx_usart.o(i.USART_TxRxCmd)
    i.__0sprintf                             0x00001b0c   Section        0  printfa.o(i.__0sprintf)
    i.__0vsprintf                            0x00001b34   Section        0  printfa.o(i.__0vsprintf)
    i.__ARM_clz                              0x00001b58   Section        0  depilogue.o(i.__ARM_clz)
    i.__ARM_common_switch8                   0x00001b86   Section        0  ht32f5xxxx_ckcu.o(i.__ARM_common_switch8)
    i.__ARM_fpclassifyf                      0x00001ba0   Section        0  fpclassifyf.o(i.__ARM_fpclassifyf)
    i.__mathlib_flt_divzero                  0x00001bc2   Section        0  funder.o(i.__mathlib_flt_divzero)
    i.__mathlib_flt_infnan2                  0x00001bd0   Section        0  funder.o(i.__mathlib_flt_infnan2)
    i.__mathlib_flt_invalid                  0x00001bd8   Section        0  funder.o(i.__mathlib_flt_invalid)
    i.__mathlib_flt_overflow                 0x00001be4   Section        0  funder.o(i.__mathlib_flt_overflow)
    i.__mathlib_flt_underflow                0x00001bf2   Section        0  funder.o(i.__mathlib_flt_underflow)
    i.__scatterload_copy                     0x00001c00   Section       14  handlers.o(i.__scatterload_copy)
    i.__scatterload_null                     0x00001c0e   Section        2  handlers.o(i.__scatterload_null)
    i.__scatterload_zeroinit                 0x00001c10   Section       14  handlers.o(i.__scatterload_zeroinit)
    i.__set_errno                            0x00001c20   Section        0  errno.o(i.__set_errno)
    i._fp_digits                             0x00001c2c   Section        0  printfa.o(i._fp_digits)
    _fp_digits                               0x00001c2d   Thumb Code   344  printfa.o(i._fp_digits)
    i._printf_core                           0x00001da0   Section        0  printfa.o(i._printf_core)
    _printf_core                             0x00001da1   Thumb Code  1754  printfa.o(i._printf_core)
    i._printf_post_padding                   0x0000248c   Section        0  printfa.o(i._printf_post_padding)
    _printf_post_padding                     0x0000248d   Thumb Code    32  printfa.o(i._printf_post_padding)
    i._printf_pre_padding                    0x000024ac   Section        0  printfa.o(i._printf_pre_padding)
    _printf_pre_padding                      0x000024ad   Thumb Code    44  printfa.o(i._printf_pre_padding)
    i._sputc                                 0x000024d8   Section        0  printfa.o(i._sputc)
    _sputc                                   0x000024d9   Thumb Code    10  printfa.o(i._sputc)
    i.main                                   0x000024e4   Section        0  main.o(i.main)
    i.powf                                   0x00002534   Section        0  powf.o(i.powf)
    .constdata                               0x00002b54   Section      320  powf.o(.constdata)
    table                                    0x00002b54   Data         128  powf.o(.constdata)
    powersof2to1over16top                    0x00002bd4   Data          64  powf.o(.constdata)
    powersof2to1over16bot                    0x00002c14   Data          64  powf.o(.constdata)
    powersof2to1over16all                    0x00002c54   Data          64  powf.o(.constdata)
    .data                                    0x20000000   Section        1  main.o(.data)
    num                                      0x20000000   Data           1  main.o(.data)
    .data                                    0x20000004   Section        4  ht32f5xxxx_01_it.o(.data)
    gIsContinue                              0x20000004   Data           4  ht32f5xxxx_01_it.o(.data)
    .data                                    0x20000008   Section        4  system_ht32f5xxxx_01.o(.data)
    .data                                    0x2000000c   Section        1  bsp_ld2410b.o(.data)
    .data                                    0x2000000d   Section        1  abs_delay.o(.data)
    fac_us                                   0x2000000d   Data           1  abs_delay.o(.data)
    .data                                    0x2000000e   Section       16  app_data.o(.data)
    .data                                    0x20000020   Section        4  errno.o(.data)
    _errno                                   0x20000020   Data           4  errno.o(.data)
    .bss                                     0x20000024   Section      204  bsp_lora.o(.bss)
    s_bsp_lora_rx                            0x20000024   Data         204  bsp_lora.o(.bss)
    .bss                                     0x200000f0   Section       46  bsp_ld2410b.o(.bss)
    STACK                                    0x20000120   Section      512  startup_ht32f5xxxx_01.o(STACK)

    Global Symbols

    Symbol Name                              Value     Ov Type        Size  Object(Section)

    BuildAttributes$$THM_ISAv3M$S$PE$A:L22$X:L11$S22$IEEE1$IW$USESV6$~STKCKD$USESV7$~SHL$OTIME$ROPI$IEEEX$EBA8$MICROLIB$REQ8$PRES8$EABIv2 0x00000000   Number         0  anon$$obj.o ABSOLUTE
    __ARM_use_no_argv                        0x00000000   Number         0  main.o ABSOLUTE
    __Vectors                                0x00000000   Data           0  startup_ht32f5xxxx_01.o(RESET)
    _printf_a                                0x00000000   Number         0  stubs.o ABSOLUTE
    _printf_c                                0x00000000   Number         0  stubs.o ABSOLUTE
    _printf_charcount                        0x00000000   Number         0  stubs.o ABSOLUTE
    _printf_d                                0x00000000   Number         0  stubs.o ABSOLUTE
    _printf_e                                0x00000000   Number         0  stubs.o ABSOLUTE
    _printf_f                                0x00000000   Number         0  stubs.o ABSOLUTE
    _printf_flags                            0x00000000   Number         0  stubs.o ABSOLUTE
    _printf_fp_dec                           0x00000000   Number         0  stubs.o ABSOLUTE
    _printf_fp_hex                           0x00000000   Number         0  stubs.o ABSOLUTE
    _printf_g                                0x00000000   Number         0  stubs.o ABSOLUTE
    _printf_i                                0x00000000   Number         0  stubs.o ABSOLUTE
    _printf_int_dec                          0x00000000   Number         0  stubs.o ABSOLUTE
    _printf_l                                0x00000000   Number         0  stubs.o ABSOLUTE
    _printf_lc                               0x00000000   Number         0  stubs.o ABSOLUTE
    _printf_ll                               0x00000000   Number         0  stubs.o ABSOLUTE
    _printf_lld                              0x00000000   Number         0  stubs.o ABSOLUTE
    _printf_lli                              0x00000000   Number         0  stubs.o ABSOLUTE
    _printf_llo                              0x00000000   Number         0  stubs.o ABSOLUTE
    _printf_llu                              0x00000000   Number         0  stubs.o ABSOLUTE
    _printf_llx                              0x00000000   Number         0  stubs.o ABSOLUTE
    _printf_longlong_dec                     0x00000000   Number         0  stubs.o ABSOLUTE
    _printf_longlong_hex                     0x00000000   Number         0  stubs.o ABSOLUTE
    _printf_longlong_oct                     0x00000000   Number         0  stubs.o ABSOLUTE
    _printf_ls                               0x00000000   Number         0  stubs.o ABSOLUTE
    _printf_mbtowc                           0x00000000   Number         0  stubs.o ABSOLUTE
    _printf_n                                0x00000000   Number         0  stubs.o ABSOLUTE
    _printf_o                                0x00000000   Number         0  stubs.o ABSOLUTE
    _printf_p                                0x00000000   Number         0  stubs.o ABSOLUTE
    _printf_percent                          0x00000000   Number         0  stubs.o ABSOLUTE
    _printf_pre_padding                      0x00000000   Number         0  stubs.o ABSOLUTE
    _printf_return_value                     0x00000000   Number         0  stubs.o ABSOLUTE
    _printf_s                                0x00000000   Number         0  stubs.o ABSOLUTE
    _printf_sizespec                         0x00000000   Number         0  stubs.o ABSOLUTE
    _printf_str                              0x00000000   Number         0  stubs.o ABSOLUTE
    _printf_truncate_signed                  0x00000000   Number         0  stubs.o ABSOLUTE
    _printf_truncate_unsigned                0x00000000   Number         0  stubs.o ABSOLUTE
    _printf_u                                0x00000000   Number         0  stubs.o ABSOLUTE
    _printf_wc                               0x00000000   Number         0  stubs.o ABSOLUTE
    _printf_wctomb                           0x00000000   Number         0  stubs.o ABSOLUTE
    _printf_widthprec                        0x00000000   Number         0  stubs.o ABSOLUTE
    _printf_x                                0x00000000   Number         0  stubs.o ABSOLUTE
    __cpp_initialize__aeabi_                  - Undefined Weak Reference
    __cxa_finalize                            - Undefined Weak Reference
    __decompress                              - Undefined Weak Reference
    _clock_init                               - Undefined Weak Reference
    _microlib_exit                            - Undefined Weak Reference
    Reset_Handler                            0x000000c1   Thumb Code    12  startup_ht32f5xxxx_01.o(RESET)
    ADC_IRQHandler                           0x00000103   Thumb Code     0  startup_ht32f5xxxx_01.o(RESET)
    AES_IRQHandler                           0x00000103   Thumb Code     0  startup_ht32f5xxxx_01.o(RESET)
    BFTM1_IRQHandler                         0x00000103   Thumb Code     0  startup_ht32f5xxxx_01.o(RESET)
    COMP_IRQHandler                          0x00000103   Thumb Code     0  startup_ht32f5xxxx_01.o(RESET)
    EVWUP_IRQHandler                         0x00000103   Thumb Code     0  startup_ht32f5xxxx_01.o(RESET)
    EXTI0_1_IRQHandler                       0x00000103   Thumb Code     0  startup_ht32f5xxxx_01.o(RESET)
    EXTI2_3_IRQHandler                       0x00000103   Thumb Code     0  startup_ht32f5xxxx_01.o(RESET)
    EXTI4_15_IRQHandler                      0x00000103   Thumb Code     0  startup_ht32f5xxxx_01.o(RESET)
    FLASH_IRQHandler                         0x00000103   Thumb Code     0  startup_ht32f5xxxx_01.o(RESET)
    GPTM0_IRQHandler                         0x00000103   Thumb Code     0  startup_ht32f5xxxx_01.o(RESET)
    GPTM1_IRQHandler                         0x00000103   Thumb Code     0  startup_ht32f5xxxx_01.o(RESET)
    I2C0_IRQHandler                          0x00000103   Thumb Code     0  startup_ht32f5xxxx_01.o(RESET)
    I2C1_IRQHandler                          0x00000103   Thumb Code     0  startup_ht32f5xxxx_01.o(RESET)
    I2S_IRQHandler                           0x00000103   Thumb Code     0  startup_ht32f5xxxx_01.o(RESET)
    LVD_BOD_IRQHandler                       0x00000103   Thumb Code     0  startup_ht32f5xxxx_01.o(RESET)
    MCTM0_IRQHandler                         0x00000103   Thumb Code     0  startup_ht32f5xxxx_01.o(RESET)
    PDMA_CH0_1_IRQHandler                    0x00000103   Thumb Code     0  startup_ht32f5xxxx_01.o(RESET)
    PDMA_CH2_5_IRQHandler                    0x00000103   Thumb Code     0  startup_ht32f5xxxx_01.o(RESET)
    PWM0_IRQHandler                          0x00000103   Thumb Code     0  startup_ht32f5xxxx_01.o(RESET)
    PWM1_IRQHandler                          0x00000103   Thumb Code     0  startup_ht32f5xxxx_01.o(RESET)
    RTC_IRQHandler                           0x00000103   Thumb Code     0  startup_ht32f5xxxx_01.o(RESET)
    SCI_IRQHandler                           0x00000103   Thumb Code     0  startup_ht32f5xxxx_01.o(RESET)
    SCTM0_IRQHandler                         0x00000103   Thumb Code     0  startup_ht32f5xxxx_01.o(RESET)
    SCTM1_IRQHandler                         0x00000103   Thumb Code     0  startup_ht32f5xxxx_01.o(RESET)
    SCTM2_IRQHandler                         0x00000103   Thumb Code     0  startup_ht32f5xxxx_01.o(RESET)
    SCTM3_IRQHandler                         0x00000103   Thumb Code     0  startup_ht32f5xxxx_01.o(RESET)
    SPI0_IRQHandler                          0x00000103   Thumb Code     0  startup_ht32f5xxxx_01.o(RESET)
    SPI1_IRQHandler                          0x00000103   Thumb Code     0  startup_ht32f5xxxx_01.o(RESET)
    UART2_IRQHandler                         0x00000103   Thumb Code     0  startup_ht32f5xxxx_01.o(RESET)
    UART3_IRQHandler                         0x00000103   Thumb Code     0  startup_ht32f5xxxx_01.o(RESET)
    USART1_IRQHandler                        0x00000103   Thumb Code     0  startup_ht32f5xxxx_01.o(RESET)
    USB_IRQHandler                           0x00000103   Thumb Code     0  startup_ht32f5xxxx_01.o(RESET)
    __main                                   0x0000011d   Thumb Code     0  entry.o(.ARM.Collect$$$$00000000)
    _main_stk                                0x0000011d   Thumb Code     0  entry2.o(.ARM.Collect$$$$00000001)
    _main_scatterload                        0x00000121   Thumb Code     0  entry5.o(.ARM.Collect$$$$00000004)
    __main_after_scatterload                 0x00000125   Thumb Code     0  entry5.o(.ARM.Collect$$$$00000004)
    _main_clock                              0x00000125   Thumb Code     0  entry7b.o(.ARM.Collect$$$$00000008)
    _main_cpp_init                           0x00000125   Thumb Code     0  entry8b.o(.ARM.Collect$$$$0000000A)
    _main_init                               0x00000125   Thumb Code     0  entry9a.o(.ARM.Collect$$$$0000000B)
    __rt_final_cpp                           0x0000012d   Thumb Code     0  entry10a.o(.ARM.Collect$$$$0000000D)
    __rt_final_exit                          0x0000012d   Thumb Code     0  entry11a.o(.ARM.Collect$$$$0000000F)
    __aeabi_uidiv                            0x00000131   Thumb Code     0  uidiv.o(.text)
    __aeabi_uidivmod                         0x00000131   Thumb Code    44  uidiv.o(.text)
    __aeabi_memset                           0x0000015d   Thumb Code    14  memseta.o(.text)
    __aeabi_memset4                          0x0000015d   Thumb Code     0  memseta.o(.text)
    __aeabi_memset8                          0x0000015d   Thumb Code     0  memseta.o(.text)
    __aeabi_memclr                           0x0000016b   Thumb Code     4  memseta.o(.text)
    __aeabi_memclr4                          0x0000016b   Thumb Code     0  memseta.o(.text)
    __aeabi_memclr8                          0x0000016b   Thumb Code     0  memseta.o(.text)
    _memset$wrapper                          0x0000016f   Thumb Code    18  memseta.o(.text)
    strstr                                   0x00000181   Thumb Code    40  strstr.o(.text)
    strlen                                   0x000001a9   Thumb Code    14  strlen.o(.text)
    strcmp                                   0x000001b7   Thumb Code    28  strcmp.o(.text)
    memcmp                                   0x000001d3   Thumb Code    26  memcmp.o(.text)
    __aeabi_fadd                             0x000001ed   Thumb Code   162  fadd.o(.text)
    __aeabi_fsub                             0x0000028f   Thumb Code     8  fadd.o(.text)
    __aeabi_frsub                            0x00000297   Thumb Code     8  fadd.o(.text)
    __aeabi_fmul                             0x0000029f   Thumb Code   122  fmul.o(.text)
    __aeabi_fdiv                             0x00000319   Thumb Code   124  fdiv.o(.text)
    __ARM_scalbnf                            0x00000395   Thumb Code    24  fscalb.o(.text)
    scalbnf                                  0x00000395   Thumb Code     0  fscalb.o(.text)
    __aeabi_ui2f                             0x000003ad   Thumb Code    14  ffltui.o(.text)
    __aeabi_f2uiz                            0x000003bb   Thumb Code    40  ffixui.o(.text)
    __aeabi_uldivmod                         0x000003e3   Thumb Code    96  uldiv.o(.text)
    __I$use$fp                               0x00000443   Thumb Code     0  iusefp.o(.text)
    _float_round                             0x00000443   Thumb Code    16  fepilogue.o(.text)
    _float_epilogue                          0x00000453   Thumb Code   114  fepilogue.o(.text)
    __aeabi_dadd                             0x000004c5   Thumb Code   328  dadd.o(.text)
    __aeabi_dsub                             0x0000060d   Thumb Code    12  dadd.o(.text)
    __aeabi_drsub                            0x00000619   Thumb Code    12  dadd.o(.text)
    __aeabi_dmul                             0x00000629   Thumb Code   202  dmul.o(.text)
    __aeabi_ddiv                             0x000006f9   Thumb Code   234  ddiv.o(.text)
    __aeabi_i2f                              0x000007e9   Thumb Code    22  fflti.o(.text)
    __aeabi_d2ulz                            0x00000801   Thumb Code    54  dfixul.o(.text)
    _ffix_r                                  0x00000841   Thumb Code    76  ffixir.o(.text)
    __aeabi_cdrcmple                         0x0000088d   Thumb Code    38  cdrcmple.o(.text)
    __fp_status                              0x000008b5   Thumb Code     4  fpstat.o(.text)
    __ieee_status                            0x000008b5   Thumb Code     0  fpstat.o(.text)
    __scatterload                            0x000008b9   Thumb Code    28  init.o(.text)
    __scatterload_rt2                        0x000008b9   Thumb Code     0  init.o(.text)
    __aeabi_llsl                             0x000008dd   Thumb Code    32  llshl.o(.text)
    _ll_shift_l                              0x000008dd   Thumb Code     0  llshl.o(.text)
    __aeabi_llsr                             0x000008fd   Thumb Code    34  llushr.o(.text)
    _ll_ushift_r                             0x000008fd   Thumb Code     0  llushr.o(.text)
    __aeabi_lasr                             0x0000091f   Thumb Code    38  llsshr.o(.text)
    _ll_sshift_r                             0x0000091f   Thumb Code     0  llsshr.o(.text)
    _double_round                            0x00000945   Thumb Code    26  depilogue.o(.text)
    _double_epilogue                         0x0000095f   Thumb Code   164  depilogue.o(.text)
    ADC_Cmd                                  0x00000a03   Thumb Code    18  ht32f5xxxx_adc.o(i.ADC_Cmd)
    ADC_GetConversionData                    0x00000a15   Thumb Code    10  ht32f5xxxx_adc.o(i.ADC_GetConversionData)
    ADC_GetFlagStatus                        0x00000a1f   Thumb Code    12  ht32f5xxxx_adc.o(i.ADC_GetFlagStatus)
    ADC_RegularChannelConfig                 0x00000a2b   Thumb Code    28  ht32f5xxxx_adc.o(i.ADC_RegularChannelConfig)
    ADC_RegularGroupConfig                   0x00000a47   Thumb Code    26  ht32f5xxxx_adc.o(i.ADC_RegularGroupConfig)
    ADC_RegularTrigConfig                    0x00000a61   Thumb Code    14  ht32f5xxxx_adc.o(i.ADC_RegularTrigConfig)
    ADC_SoftwareStartConvCmd                 0x00000a6f   Thumb Code    20  ht32f5xxxx_adc.o(i.ADC_SoftwareStartConvCmd)
    AFIO_GPxConfig                           0x00000a85   Thumb Code    82  ht32f5xxxx_gpio.o(i.AFIO_GPxConfig)
    Abs_Delay_Ms                             0x00000add   Thumb Code    22  abs_delay.o(i.Abs_Delay_Ms)
    Abs_Delay_Us                             0x00000af5   Thumb Code    44  abs_delay.o(i.Abs_Delay_Us)
    Abs_Delay_init                           0x00000b29   Thumb Code    26  abs_delay.o(i.Abs_Delay_init)
    Abs_Lora_EnterAT                         0x00000b51   Thumb Code    60  abs_lora.o(i.Abs_Lora_EnterAT)
    Abs_Lora_Init                            0x00000ba9   Thumb Code    36  abs_lora.o(i.Abs_Lora_Init)
    Abs_Lora_SetAT                           0x00000bcd   Thumb Code   330  abs_lora.o(i.Abs_Lora_SetAT)
    Abs_Lora_Wakeup                          0x00000e81   Thumb Code    30  abs_lora.o(i.Abs_Lora_Wakeup)
    App_Data_collect                         0x00000eb5   Thumb Code   146  app_data.o(i.App_Data_collect)
    BFTM0_IRQHandler                         0x00000f69   Thumb Code    44  main.o(i.BFTM0_IRQHandler)
    BFTM_ClearFlag                           0x00000fa1   Thumb Code    14  ht32f5xxxx_bftm.o(i.BFTM_ClearFlag)
    BFTM_EnaCmd                              0x00000faf   Thumb Code    18  ht32f5xxxx_bftm.o(i.BFTM_EnaCmd)
    BFTM_GetFlagStatus                       0x00000fc1   Thumb Code    10  ht32f5xxxx_bftm.o(i.BFTM_GetFlagStatus)
    BFTM_IntConfig                           0x00000fcb   Thumb Code    20  ht32f5xxxx_bftm.o(i.BFTM_IntConfig)
    BFTM_SetCompare                          0x00000fdf   Thumb Code     4  ht32f5xxxx_bftm.o(i.BFTM_SetCompare)
    BFTM_SetCounter                          0x00000fe3   Thumb Code     4  ht32f5xxxx_bftm.o(i.BFTM_SetCounter)
    Bsp_Bftm0_Config                         0x00000fe9   Thumb Code    68  bsp_bftm0.o(i.Bsp_Bftm0_Config)
    Bsp_DHT11_Check                          0x00001039   Thumb Code    90  bsp_dht11.o(i.Bsp_DHT11_Check)
    Bsp_DHT11_Init                           0x00001099   Thumb Code    82  bsp_dht11.o(i.Bsp_DHT11_Init)
    Bsp_DHT11_Read_Bit                       0x000010f5   Thumb Code    86  bsp_dht11.o(i.Bsp_DHT11_Read_Bit)
    Bsp_DHT11_Read_Byte                      0x00001151   Thumb Code    26  bsp_dht11.o(i.Bsp_DHT11_Read_Byte)
    Bsp_DHT11_Read_Data                      0x0000116b   Thumb Code    72  bsp_dht11.o(i.Bsp_DHT11_Read_Data)
    Bsp_DHT11_Reset                          0x000011b5   Thumb Code    40  bsp_dht11.o(i.Bsp_DHT11_Reset)
    Bsp_DHT11_Set_Mode                       0x000011e1   Thumb Code    44  bsp_dht11.o(i.Bsp_DHT11_Set_Mode)
    Bsp_Debug_Config                         0x00001211   Thumb Code   106  bsp_debug.o(i.Bsp_Debug_Config)
    Bsp_Debug_Printf                         0x00001281   Thumb Code    74  bsp_debug.o(i.Bsp_Debug_Printf)
    Bsp_Ht32led_Config                       0x000012cd   Thumb Code   102  bsp_ht32led.o(i.Bsp_Ht32led_Config)
    Bsp_Ht32led_On                           0x00001339   Thumb Code    32  bsp_ht32led.o(i.Bsp_Ht32led_On)
    Bsp_LD2410B_Init                         0x0000135d   Thumb Code   108  bsp_ld2410b.o(i.Bsp_LD2410B_Init)
    Bsp_Lora_Clear_Struct                    0x000013d1   Thumb Code    20  bsp_lora.o(i.Bsp_Lora_Clear_Struct)
    Bsp_Lora_Res                             0x000013e9   Thumb Code    36  bsp_lora.o(i.Bsp_Lora_Res)
    Bsp_Lora_Res_Config                      0x00001411   Thumb Code    62  bsp_lora.o(i.Bsp_Lora_Res_Config)
    Bsp_Lora_SendArray                       0x00001455   Thumb Code    28  bsp_lora.o(i.Bsp_Lora_SendArray)
    Bsp_Lora_Send_Cmd                        0x00001471   Thumb Code   100  bsp_lora.o(i.Bsp_Lora_Send_Cmd)
    Bsp_Lora_Sendbyte                        0x00001505   Thumb Code    26  bsp_lora.o(i.Bsp_Lora_Sendbyte)
    Bsp_Lora_Usart_Config                    0x00001525   Thumb Code   104  bsp_lora.o(i.Bsp_Lora_Usart_Config)
    Bsp_MQ7_Init                             0x00001595   Thumb Code    76  bsp_mq7.o(i.Bsp_MQ7_Init)
    Bsp_MQ7_ReadPPM                          0x000015e5   Thumb Code    64  bsp_mq7.o(i.Bsp_MQ7_ReadPPM)
    Bsp_MQ7_ReadRawData                      0x00001631   Thumb Code    74  bsp_mq7.o(i.Bsp_MQ7_ReadRawData)
    Bsp_Parase_LD2410B_Data                  0x00001681   Thumb Code    68  bsp_ld2410b.o(i.Bsp_Parase_LD2410B_Data)
    CKCU_GetClocksFrequency                  0x000016cd   Thumb Code    98  ht32f5xxxx_ckcu.o(i.CKCU_GetClocksFrequency)
    CKCU_GetPLLFrequency                     0x00001739   Thumb Code    50  ht32f5xxxx_ckcu.o(i.CKCU_GetPLLFrequency)
    CKCU_GetPeripFrequency                   0x00001775   Thumb Code    48  ht32f5xxxx_ckcu.o(i.CKCU_GetPeripFrequency)
    CKCU_PeripClockConfig                    0x000017a9   Thumb Code    34  ht32f5xxxx_ckcu.o(i.CKCU_PeripClockConfig)
    CKCU_SetADCnPrescaler                    0x000017d1   Thumb Code    20  ht32f5xxxx_ckcu.o(i.CKCU_SetADCnPrescaler)
    GPIO_ClearOutBits                        0x000017e9   Thumb Code     4  ht32f5xxxx_gpio.o(i.GPIO_ClearOutBits)
    GPIO_DirectionConfig                     0x000017ed   Thumb Code    16  ht32f5xxxx_gpio.o(i.GPIO_DirectionConfig)
    GPIO_DriveConfig                         0x000017fd   Thumb Code    48  ht32f5xxxx_gpio.o(i.GPIO_DriveConfig)
    GPIO_InputConfig                         0x0000182d   Thumb Code    16  ht32f5xxxx_gpio.o(i.GPIO_InputConfig)
    GPIO_PullResistorConfig                  0x0000183d   Thumb Code    42  ht32f5xxxx_gpio.o(i.GPIO_PullResistorConfig)
    GPIO_ReadInBit                           0x00001867   Thumb Code    10  ht32f5xxxx_gpio.o(i.GPIO_ReadInBit)
    GPIO_SetOutBits                          0x00001871   Thumb Code     4  ht32f5xxxx_gpio.o(i.GPIO_SetOutBits)
    GPIO_WriteOutBits                        0x00001875   Thumb Code    12  ht32f5xxxx_gpio.o(i.GPIO_WriteOutBits)
    HardFault_Handler                        0x00001881   Thumb Code    10  ht32f5xxxx_01_it.o(i.HardFault_Handler)
    NMI_Handler                              0x00001891   Thumb Code     2  ht32f5xxxx_01_it.o(i.NMI_Handler)
    PendSV_Handler                           0x00001893   Thumb Code     2  ht32f5xxxx_01_it.o(i.PendSV_Handler)
    SVC_Handler                              0x00001895   Thumb Code     2  ht32f5xxxx_01_it.o(i.SVC_Handler)
    SYSTICK_ClockSourceConfig                0x00001899   Thumb Code    20  ht32_cm0plus_misc.o(i.SYSTICK_ClockSourceConfig)
    SysTick_Handler                          0x000018b1   Thumb Code     2  ht32f5xxxx_01_it.o(i.SysTick_Handler)
    SystemInit                               0x000018b5   Thumb Code   232  system_ht32f5xxxx_01.o(i.SystemInit)
    UART0_IRQHandler                         0x000019b1   Thumb Code    46  bsp_lora.o(i.UART0_IRQHandler)
    UART1_IRQHandler                         0x000019e9   Thumb Code    60  bsp_ld2410b.o(i.UART1_IRQHandler)
    USART0_IRQHandler                        0x00001a2d   Thumb Code    32  bsp_debug.o(i.USART0_IRQHandler)
    USART_GetFlagStatus                      0x00001a4d   Thumb Code    10  ht32f5xxxx_usart.o(i.USART_GetFlagStatus)
    USART_Init                               0x00001a59   Thumb Code   114  ht32f5xxxx_usart.o(i.USART_Init)
    USART_IntConfig                          0x00001add   Thumb Code    16  ht32f5xxxx_usart.o(i.USART_IntConfig)
    USART_ReceiveData                        0x00001aed   Thumb Code     6  ht32f5xxxx_usart.o(i.USART_ReceiveData)
    USART_SendData                           0x00001af3   Thumb Code     4  ht32f5xxxx_usart.o(i.USART_SendData)
    USART_TxRxCmd                            0x00001af7   Thumb Code    20  ht32f5xxxx_usart.o(i.USART_TxRxCmd)
    __0sprintf                               0x00001b0d   Thumb Code    36  printfa.o(i.__0sprintf)
    __1sprintf                               0x00001b0d   Thumb Code     0  printfa.o(i.__0sprintf)
    __2sprintf                               0x00001b0d   Thumb Code     0  printfa.o(i.__0sprintf)
    __c89sprintf                             0x00001b0d   Thumb Code     0  printfa.o(i.__0sprintf)
    sprintf                                  0x00001b0d   Thumb Code     0  printfa.o(i.__0sprintf)
    __0vsprintf                              0x00001b35   Thumb Code    30  printfa.o(i.__0vsprintf)
    __1vsprintf                              0x00001b35   Thumb Code     0  printfa.o(i.__0vsprintf)
    __2vsprintf                              0x00001b35   Thumb Code     0  printfa.o(i.__0vsprintf)
    __c89vsprintf                            0x00001b35   Thumb Code     0  printfa.o(i.__0vsprintf)
    vsprintf                                 0x00001b35   Thumb Code     0  printfa.o(i.__0vsprintf)
    __ARM_clz                                0x00001b59   Thumb Code    46  depilogue.o(i.__ARM_clz)
    __ARM_common_switch8                     0x00001b87   Thumb Code    26  ht32f5xxxx_ckcu.o(i.__ARM_common_switch8)
    __ARM_fpclassifyf                        0x00001ba1   Thumb Code    34  fpclassifyf.o(i.__ARM_fpclassifyf)
    __mathlib_flt_divzero                    0x00001bc3   Thumb Code    14  funder.o(i.__mathlib_flt_divzero)
    __mathlib_flt_infnan2                    0x00001bd1   Thumb Code     8  funder.o(i.__mathlib_flt_infnan2)
    __mathlib_flt_invalid                    0x00001bd9   Thumb Code    12  funder.o(i.__mathlib_flt_invalid)
    __mathlib_flt_overflow                   0x00001be5   Thumb Code    14  funder.o(i.__mathlib_flt_overflow)
    __mathlib_flt_underflow                  0x00001bf3   Thumb Code    14  funder.o(i.__mathlib_flt_underflow)
    __scatterload_copy                       0x00001c01   Thumb Code    14  handlers.o(i.__scatterload_copy)
    __scatterload_null                       0x00001c0f   Thumb Code     2  handlers.o(i.__scatterload_null)
    __scatterload_zeroinit                   0x00001c11   Thumb Code    14  handlers.o(i.__scatterload_zeroinit)
    __set_errno                              0x00001c21   Thumb Code     6  errno.o(i.__set_errno)
    main                                     0x000024e5   Thumb Code    62  main.o(i.main)
    __mathlib_powf                           0x00002535   Thumb Code     0  powf.o(i.powf)
    powf                                     0x00002535   Thumb Code  1538  powf.o(i.powf)
    Region$$Table$$Base                      0x00002c94   Number         0  anon$$obj.o(Region$$Table)
    Region$$Table$$Limit                     0x00002cb4   Number         0  anon$$obj.o(Region$$Table)
    SystemCoreClock                          0x20000008   Data           4  system_ht32f5xxxx_01.o(.data)
    bsp_ld24108_target_state_2               0x2000000c   Data           1  bsp_ld2410b.o(.data)
    app_data_now                             0x2000000e   Data           8  app_data.o(.data)
    app_data_last                            0x20000016   Data           8  app_data.o(.data)
    ReceiveData_HLK_2410s                    0x200000f0   Data          24  bsp_ld2410b.o(.bss)
    targetStateBuffer                        0x20000108   Data          10  bsp_ld2410b.o(.bss)
    MainData_HLK_2410s                       0x20000112   Data          12  bsp_ld2410b.o(.bss)
    __HT_check_sp                            0x20000120   Data           0  startup_ht32f5xxxx_01.o(STACK)
    __initial_sp                             0x20000320   Data           0  startup_ht32f5xxxx_01.o(STACK)



==============================================================================

Memory Map of the image

  Image Entry point : 0x000000c1

  Load Region LR_IROM1 (Base: 0x00000000, Size: 0x00002cd8, Max: 0x0001fe00, ABSOLUTE)

    Execution Region ER_IROM1 (Exec base: 0x00000000, Load base: 0x00000000, Size: 0x00002cb4, Max: 0x0001fe00, ABSOLUTE)

    Exec Addr    Load Addr    Size         Type   Attr      Idx    E Section Name        Object

    0x00000000   0x00000000   0x0000011c   Code   RO          304  * RESET               startup_ht32f5xxxx_01.o
    0x0000011c   0x0000011c   0x00000000   Code   RO         4173  * .ARM.Collect$$$$00000000  mc_p.l(entry.o)
    0x0000011c   0x0000011c   0x00000004   Code   RO         4477    .ARM.Collect$$$$00000001  mc_p.l(entry2.o)
    0x00000120   0x00000120   0x00000004   Code   RO         4480    .ARM.Collect$$$$00000004  mc_p.l(entry5.o)
    0x00000124   0x00000124   0x00000000   Code   RO         4482    .ARM.Collect$$$$00000008  mc_p.l(entry7b.o)
    0x00000124   0x00000124   0x00000000   Code   RO         4484    .ARM.Collect$$$$0000000A  mc_p.l(entry8b.o)
    0x00000124   0x00000124   0x00000008   Code   RO         4485    .ARM.Collect$$$$0000000B  mc_p.l(entry9a.o)
    0x0000012c   0x0000012c   0x00000000   Code   RO         4487    .ARM.Collect$$$$0000000D  mc_p.l(entry10a.o)
    0x0000012c   0x0000012c   0x00000000   Code   RO         4489    .ARM.Collect$$$$0000000F  mc_p.l(entry11a.o)
    0x0000012c   0x0000012c   0x00000004   Code   RO         4478    .ARM.Collect$$$$00002712  mc_p.l(entry2.o)
    0x00000130   0x00000130   0x0000002c   Code   RO         4176    .text               mc_p.l(uidiv.o)
    0x0000015c   0x0000015c   0x00000024   Code   RO         4178    .text               mc_p.l(memseta.o)
    0x00000180   0x00000180   0x00000028   Code   RO         4180    .text               mc_p.l(strstr.o)
    0x000001a8   0x000001a8   0x0000000e   Code   RO         4182    .text               mc_p.l(strlen.o)
    0x000001b6   0x000001b6   0x0000001c   Code   RO         4184    .text               mc_p.l(strcmp.o)
    0x000001d2   0x000001d2   0x0000001a   Code   RO         4186    .text               mc_p.l(memcmp.o)
    0x000001ec   0x000001ec   0x000000b2   Code   RO         4449    .text               mf_p.l(fadd.o)
    0x0000029e   0x0000029e   0x0000007a   Code   RO         4451    .text               mf_p.l(fmul.o)
    0x00000318   0x00000318   0x0000007c   Code   RO         4453    .text               mf_p.l(fdiv.o)
    0x00000394   0x00000394   0x00000018   Code   RO         4455    .text               mf_p.l(fscalb.o)
    0x000003ac   0x000003ac   0x0000000e   Code   RO         4457    .text               mf_p.l(ffltui.o)
    0x000003ba   0x000003ba   0x00000028   Code   RO         4459    .text               mf_p.l(ffixui.o)
    0x000003e2   0x000003e2   0x00000060   Code   RO         4494    .text               mc_p.l(uldiv.o)
    0x00000442   0x00000442   0x00000000   Code   RO         4503    .text               mc_p.l(iusefp.o)
    0x00000442   0x00000442   0x00000082   Code   RO         4504    .text               mf_p.l(fepilogue.o)
    0x000004c4   0x000004c4   0x00000164   Code   RO         4506    .text               mf_p.l(dadd.o)
    0x00000628   0x00000628   0x000000d0   Code   RO         4508    .text               mf_p.l(dmul.o)
    0x000006f8   0x000006f8   0x000000f0   Code   RO         4510    .text               mf_p.l(ddiv.o)
    0x000007e8   0x000007e8   0x00000016   Code   RO         4512    .text               mf_p.l(fflti.o)
    0x000007fe   0x000007fe   0x00000002   PAD
    0x00000800   0x00000800   0x00000040   Code   RO         4514    .text               mf_p.l(dfixul.o)
    0x00000840   0x00000840   0x0000004c   Code   RO         4516    .text               mf_p.l(ffixir.o)
    0x0000088c   0x0000088c   0x00000028   Code   RO         4518    .text               mf_p.l(cdrcmple.o)
    0x000008b4   0x000008b4   0x00000004   Code   RO         4520    .text               mf_p.l(fpstat.o)
    0x000008b8   0x000008b8   0x00000024   Code   RO         4522    .text               mc_p.l(init.o)
    0x000008dc   0x000008dc   0x00000020   Code   RO         4525    .text               mc_p.l(llshl.o)
    0x000008fc   0x000008fc   0x00000022   Code   RO         4527    .text               mc_p.l(llushr.o)
    0x0000091e   0x0000091e   0x00000026   Code   RO         4529    .text               mc_p.l(llsshr.o)
    0x00000944   0x00000944   0x000000be   Code   RO         4532    .text               mf_p.l(depilogue.o)
    0x00000a02   0x00000a02   0x00000012   Code   RO          898    i.ADC_Cmd           ht32f5xxxx_adc.o
    0x00000a14   0x00000a14   0x0000000a   Code   RO          900    i.ADC_GetConversionData  ht32f5xxxx_adc.o
    0x00000a1e   0x00000a1e   0x0000000c   Code   RO          901    i.ADC_GetFlagStatus  ht32f5xxxx_adc.o
    0x00000a2a   0x00000a2a   0x0000001c   Code   RO          905    i.ADC_RegularChannelConfig  ht32f5xxxx_adc.o
    0x00000a46   0x00000a46   0x0000001a   Code   RO          906    i.ADC_RegularGroupConfig  ht32f5xxxx_adc.o
    0x00000a60   0x00000a60   0x0000000e   Code   RO          907    i.ADC_RegularTrigConfig  ht32f5xxxx_adc.o
    0x00000a6e   0x00000a6e   0x00000014   Code   RO          910    i.ADC_SoftwareStartConvCmd  ht32f5xxxx_adc.o
    0x00000a82   0x00000a82   0x00000002   PAD
    0x00000a84   0x00000a84   0x00000058   Code   RO         1673    i.AFIO_GPxConfig    ht32f5xxxx_gpio.o
    0x00000adc   0x00000adc   0x00000016   Code   RO         4108    i.Abs_Delay_Ms      abs_delay.o
    0x00000af2   0x00000af2   0x00000002   PAD
    0x00000af4   0x00000af4   0x00000034   Code   RO         4109    i.Abs_Delay_Us      abs_delay.o
    0x00000b28   0x00000b28   0x00000028   Code   RO         4110    i.Abs_Delay_init    abs_delay.o
    0x00000b50   0x00000b50   0x00000058   Code   RO         4070    i.Abs_Lora_EnterAT  abs_lora.o
    0x00000ba8   0x00000ba8   0x00000024   Code   RO         4071    i.Abs_Lora_Init     abs_lora.o
    0x00000bcc   0x00000bcc   0x000002b4   Code   RO         4072    i.Abs_Lora_SetAT    abs_lora.o
    0x00000e80   0x00000e80   0x00000034   Code   RO         4073    i.Abs_Lora_Wakeup   abs_lora.o
    0x00000eb4   0x00000eb4   0x000000b4   Code   RO         4142    i.App_Data_collect  app_data.o
    0x00000f68   0x00000f68   0x00000038   Code   RO            3    i.BFTM0_IRQHandler  main.o
    0x00000fa0   0x00000fa0   0x0000000e   Code   RO         1013    i.BFTM_ClearFlag    ht32f5xxxx_bftm.o
    0x00000fae   0x00000fae   0x00000012   Code   RO         1015    i.BFTM_EnaCmd       ht32f5xxxx_bftm.o
    0x00000fc0   0x00000fc0   0x0000000a   Code   RO         1018    i.BFTM_GetFlagStatus  ht32f5xxxx_bftm.o
    0x00000fca   0x00000fca   0x00000014   Code   RO         1019    i.BFTM_IntConfig    ht32f5xxxx_bftm.o
    0x00000fde   0x00000fde   0x00000004   Code   RO         1021    i.BFTM_SetCompare   ht32f5xxxx_bftm.o
    0x00000fe2   0x00000fe2   0x00000004   Code   RO         1022    i.BFTM_SetCounter   ht32f5xxxx_bftm.o
    0x00000fe6   0x00000fe6   0x00000002   PAD
    0x00000fe8   0x00000fe8   0x00000050   Code   RO         4036    i.Bsp_Bftm0_Config  bsp_bftm0.o
    0x00001038   0x00001038   0x00000060   Code   RO         3872    i.Bsp_DHT11_Check   bsp_dht11.o
    0x00001098   0x00001098   0x0000005c   Code   RO         3873    i.Bsp_DHT11_Init    bsp_dht11.o
    0x000010f4   0x000010f4   0x0000005c   Code   RO         3874    i.Bsp_DHT11_Read_Bit  bsp_dht11.o
    0x00001150   0x00001150   0x0000001a   Code   RO         3875    i.Bsp_DHT11_Read_Byte  bsp_dht11.o
    0x0000116a   0x0000116a   0x00000048   Code   RO         3876    i.Bsp_DHT11_Read_Data  bsp_dht11.o
    0x000011b2   0x000011b2   0x00000002   PAD
    0x000011b4   0x000011b4   0x0000002c   Code   RO         3877    i.Bsp_DHT11_Reset   bsp_dht11.o
    0x000011e0   0x000011e0   0x00000030   Code   RO         3878    i.Bsp_DHT11_Set_Mode  bsp_dht11.o
    0x00001210   0x00001210   0x00000070   Code   RO         3735    i.Bsp_Debug_Config  bsp_debug.o
    0x00001280   0x00001280   0x0000004a   Code   RO         3736    i.Bsp_Debug_Printf  bsp_debug.o
    0x000012ca   0x000012ca   0x00000002   PAD
    0x000012cc   0x000012cc   0x0000006c   Code   RO         3703    i.Bsp_Ht32led_Config  bsp_ht32led.o
    0x00001338   0x00001338   0x00000024   Code   RO         3705    i.Bsp_Ht32led_On    bsp_ht32led.o
    0x0000135c   0x0000135c   0x00000074   Code   RO         3940    i.Bsp_LD2410B_Init  bsp_ld2410b.o
    0x000013d0   0x000013d0   0x00000018   Code   RO         3795    i.Bsp_Lora_Clear_Struct  bsp_lora.o
    0x000013e8   0x000013e8   0x00000028   Code   RO         3797    i.Bsp_Lora_Res      bsp_lora.o
    0x00001410   0x00001410   0x00000044   Code   RO         3798    i.Bsp_Lora_Res_Config  bsp_lora.o
    0x00001454   0x00001454   0x0000001c   Code   RO         3799    i.Bsp_Lora_SendArray  bsp_lora.o
    0x00001470   0x00001470   0x00000094   Code   RO         3801    i.Bsp_Lora_Send_Cmd  bsp_lora.o
    0x00001504   0x00001504   0x00000020   Code   RO         3802    i.Bsp_Lora_Sendbyte  bsp_lora.o
    0x00001524   0x00001524   0x00000070   Code   RO         3803    i.Bsp_Lora_Usart_Config  bsp_lora.o
    0x00001594   0x00001594   0x00000050   Code   RO         3988    i.Bsp_MQ7_Init      bsp_mq7.o
    0x000015e4   0x000015e4   0x0000004c   Code   RO         3989    i.Bsp_MQ7_ReadPPM   bsp_mq7.o
    0x00001630   0x00001630   0x00000050   Code   RO         3990    i.Bsp_MQ7_ReadRawData  bsp_mq7.o
    0x00001680   0x00001680   0x0000004c   Code   RO         3941    i.Bsp_Parase_LD2410B_Data  bsp_ld2410b.o
    0x000016cc   0x000016cc   0x0000006c   Code   RO         1096    i.CKCU_GetClocksFrequency  ht32f5xxxx_ckcu.o
    0x00001738   0x00001738   0x0000003c   Code   RO         1098    i.CKCU_GetPLLFrequency  ht32f5xxxx_ckcu.o
    0x00001774   0x00001774   0x00000034   Code   RO         1099    i.CKCU_GetPeripFrequency  ht32f5xxxx_ckcu.o
    0x000017a8   0x000017a8   0x00000028   Code   RO         1114    i.CKCU_PeripClockConfig  ht32f5xxxx_ckcu.o
    0x000017d0   0x000017d0   0x00000018   Code   RO         1115    i.CKCU_SetADCnPrescaler  ht32f5xxxx_ckcu.o
    0x000017e8   0x000017e8   0x00000004   Code   RO         1674    i.GPIO_ClearOutBits  ht32f5xxxx_gpio.o
    0x000017ec   0x000017ec   0x00000010   Code   RO         1676    i.GPIO_DirectionConfig  ht32f5xxxx_gpio.o
    0x000017fc   0x000017fc   0x00000030   Code   RO         1678    i.GPIO_DriveConfig  ht32f5xxxx_gpio.o
    0x0000182c   0x0000182c   0x00000010   Code   RO         1680    i.GPIO_InputConfig  ht32f5xxxx_gpio.o
    0x0000183c   0x0000183c   0x0000002a   Code   RO         1685    i.GPIO_PullResistorConfig  ht32f5xxxx_gpio.o
    0x00001866   0x00001866   0x0000000a   Code   RO         1686    i.GPIO_ReadInBit    ht32f5xxxx_gpio.o
    0x00001870   0x00001870   0x00000004   Code   RO         1690    i.GPIO_SetOutBits   ht32f5xxxx_gpio.o
    0x00001874   0x00001874   0x0000000c   Code   RO         1691    i.GPIO_WriteOutBits  ht32f5xxxx_gpio.o
    0x00001880   0x00001880   0x00000010   Code   RO          224    i.HardFault_Handler  ht32f5xxxx_01_it.o
    0x00001890   0x00001890   0x00000002   Code   RO          225    i.NMI_Handler       ht32f5xxxx_01_it.o
    0x00001892   0x00001892   0x00000002   Code   RO          226    i.PendSV_Handler    ht32f5xxxx_01_it.o
    0x00001894   0x00001894   0x00000002   Code   RO          227    i.SVC_Handler       ht32f5xxxx_01_it.o
    0x00001896   0x00001896   0x00000002   PAD
    0x00001898   0x00001898   0x00000018   Code   RO          804    i.SYSTICK_ClockSourceConfig  ht32_cm0plus_misc.o
    0x000018b0   0x000018b0   0x00000002   Code   RO          228    i.SysTick_Handler   ht32f5xxxx_01_it.o
    0x000018b2   0x000018b2   0x00000002   PAD
    0x000018b4   0x000018b4   0x000000fc   Code   RO          270    i.SystemInit        system_ht32f5xxxx_01.o
    0x000019b0   0x000019b0   0x00000038   Code   RO         3804    i.UART0_IRQHandler  bsp_lora.o
    0x000019e8   0x000019e8   0x00000044   Code   RO         3942    i.UART1_IRQHandler  bsp_ld2410b.o
    0x00001a2c   0x00001a2c   0x00000020   Code   RO         3740    i.USART0_IRQHandler  bsp_debug.o
    0x00001a4c   0x00001a4c   0x0000000a   Code   RO         3161    i.USART_GetFlagStatus  ht32f5xxxx_usart.o
    0x00001a56   0x00001a56   0x00000002   PAD
    0x00001a58   0x00001a58   0x00000084   Code   RO         3164    i.USART_Init        ht32f5xxxx_usart.o
    0x00001adc   0x00001adc   0x00000010   Code   RO         3165    i.USART_IntConfig   ht32f5xxxx_usart.o
    0x00001aec   0x00001aec   0x00000006   Code   RO         3174    i.USART_ReceiveData  ht32f5xxxx_usart.o
    0x00001af2   0x00001af2   0x00000004   Code   RO         3175    i.USART_SendData    ht32f5xxxx_usart.o
    0x00001af6   0x00001af6   0x00000014   Code   RO         3186    i.USART_TxRxCmd     ht32f5xxxx_usart.o
    0x00001b0a   0x00001b0a   0x00000002   PAD
    0x00001b0c   0x00001b0c   0x00000028   Code   RO         4423    i.__0sprintf        mc_p.l(printfa.o)
    0x00001b34   0x00001b34   0x00000024   Code   RO         4427    i.__0vsprintf       mc_p.l(printfa.o)
    0x00001b58   0x00001b58   0x0000002e   Code   RO         4534    i.__ARM_clz         mf_p.l(depilogue.o)
    0x00001b86   0x00001b86   0x0000001a   Code   RO         1288    i.__ARM_common_switch8  ht32f5xxxx_ckcu.o
    0x00001ba0   0x00001ba0   0x00000022   Code   RO         4461    i.__ARM_fpclassifyf  m_ps.l(fpclassifyf.o)
    0x00001bc2   0x00001bc2   0x0000000e   Code   RO         4463    i.__mathlib_flt_divzero  m_ps.l(funder.o)
    0x00001bd0   0x00001bd0   0x00000008   Code   RO         4465    i.__mathlib_flt_infnan2  m_ps.l(funder.o)
    0x00001bd8   0x00001bd8   0x0000000c   Code   RO         4466    i.__mathlib_flt_invalid  m_ps.l(funder.o)
    0x00001be4   0x00001be4   0x0000000e   Code   RO         4467    i.__mathlib_flt_overflow  m_ps.l(funder.o)
    0x00001bf2   0x00001bf2   0x0000000e   Code   RO         4469    i.__mathlib_flt_underflow  m_ps.l(funder.o)
    0x00001c00   0x00001c00   0x0000000e   Code   RO         4538    i.__scatterload_copy  mc_p.l(handlers.o)
    0x00001c0e   0x00001c0e   0x00000002   Code   RO         4539    i.__scatterload_null  mc_p.l(handlers.o)
    0x00001c10   0x00001c10   0x0000000e   Code   RO         4540    i.__scatterload_zeroinit  mc_p.l(handlers.o)
    0x00001c1e   0x00001c1e   0x00000002   PAD
    0x00001c20   0x00001c20   0x0000000c   Code   RO         4498    i.__set_errno       mc_p.l(errno.o)
    0x00001c2c   0x00001c2c   0x00000174   Code   RO         4428    i._fp_digits        mc_p.l(printfa.o)
    0x00001da0   0x00001da0   0x000006ec   Code   RO         4429    i._printf_core      mc_p.l(printfa.o)
    0x0000248c   0x0000248c   0x00000020   Code   RO         4430    i._printf_post_padding  mc_p.l(printfa.o)
    0x000024ac   0x000024ac   0x0000002c   Code   RO         4431    i._printf_pre_padding  mc_p.l(printfa.o)
    0x000024d8   0x000024d8   0x0000000a   Code   RO         4433    i._sputc            mc_p.l(printfa.o)
    0x000024e2   0x000024e2   0x00000002   PAD
    0x000024e4   0x000024e4   0x00000050   Code   RO            4    i.main              main.o
    0x00002534   0x00002534   0x00000620   Code   RO         4164    i.powf              m_ps.l(powf.o)
    0x00002b54   0x00002b54   0x00000140   Data   RO         4165    .constdata          m_ps.l(powf.o)
    0x00002c94   0x00002c94   0x00000020   Data   RO         4536    Region$$Table       anon$$obj.o


    Execution Region RW_IRAM1 (Exec base: 0x20000000, Load base: 0x00002cb4, Size: 0x00000320, Max: 0x00004000, ABSOLUTE)

    Exec Addr    Load Addr    Size         Type   Attr      Idx    E Section Name        Object

    0x20000000   0x00002cb4   0x00000001   Data   RW            5    .data               main.o
    0x20000001   0x00002cb5   0x00000003   PAD
    0x20000004   0x00002cb8   0x00000004   Data   RW          229    .data               ht32f5xxxx_01_it.o
    0x20000008   0x00002cbc   0x00000004   Data   RW          271    .data               system_ht32f5xxxx_01.o
    0x2000000c   0x00002cc0   0x00000001   Data   RW         3947    .data               bsp_ld2410b.o
    0x2000000d   0x00002cc1   0x00000001   Data   RW         4111    .data               abs_delay.o
    0x2000000e   0x00002cc2   0x00000010   Data   RW         4143    .data               app_data.o
    0x2000001e   0x00002cd2   0x00000002   PAD
    0x20000020   0x00002cd4   0x00000004   Data   RW         4499    .data               mc_p.l(errno.o)
    0x20000024        -       0x000000cc   Zero   RW         3805    .bss                bsp_lora.o
    0x200000f0        -       0x0000002e   Zero   RW         3944    .bss                bsp_ld2410b.o
    0x2000011e   0x00002cd8   0x00000002   PAD
    0x20000120        -       0x00000200   Zero   RW          302    STACK               startup_ht32f5xxxx_01.o


==============================================================================

Image component sizes


      Code (inc. data)   RO Data    RW Data    ZI Data      Debug   Object Name

       114         22          0          1          0       1603   abs_delay.o
       868        412          0          0          0       2770   abs_lora.o
       180         34          0         16          0       1356   app_data.o
        80         12          0          0          0        567   bsp_bftm0.o
       218          6          0          0          0       2334   bsp_debug.o
       470         30          0          0          0       4445   bsp_dht11.o
       144         10          0          0          0       1010   bsp_ht32led.o
       260         24          0          1         46       3596   bsp_ld2410b.o
       508         86          0          0        204       4917   bsp_lora.o
       236         22          0          0          0       1631   bsp_mq7.o
         0          0          0          0          0       5840   ht32_board.o
        24          4          0          0          0        580   ht32_cm0plus_misc.o
        24          6          0          4          0       2087   ht32f5xxxx_01_it.o
       128          0          0          0          0       4813   ht32f5xxxx_adc.o
        70          0          0          0          0       3669   ht32f5xxxx_bftm.o
       310         44          0          0          0      12700   ht32f5xxxx_ckcu.o
       240          6          0          0          0      11479   ht32f5xxxx_gpio.o
       188         18          0          0          0      11970   ht32f5xxxx_usart.o
       136         30          0          1          0      41270   main.o
       284        216          0          0        512        668   startup_ht32f5xxxx_01.o
       252         20          0          4          0       1875   system_ht32f5xxxx_01.o

    ----------------------------------------------------------------------
      4752       1002         32         32        764     121180   Object Totals
         0          0         32          0          0          0   (incl. Generated)
        18          0          0          5          2          0   (incl. Padding)

    ----------------------------------------------------------------------

      Code (inc. data)   RO Data    RW Data    ZI Data      Debug   Library Member Name

        34          0          0          0          0         60   fpclassifyf.o
        62          0          0          0          0        340   funder.o
      1568         92        320          0          0        172   powf.o
         0          0          0          0          0          0   entry.o
         0          0          0          0          0          0   entry10a.o
         0          0          0          0          0          0   entry11a.o
         8          4          0          0          0          0   entry2.o
         4          0          0          0          0          0   entry5.o
         0          0          0          0          0          0   entry7b.o
         0          0          0          0          0          0   entry8b.o
         8          4          0          0          0          0   entry9a.o
        12          6          0          4          0         60   errno.o
        30          0          0          0          0          0   handlers.o
        36          8          0          0          0         68   init.o
         0          0          0          0          0          0   iusefp.o
        32          0          0          0          0         68   llshl.o
        38          0          0          0          0         68   llsshr.o
        34          0          0          0          0         68   llushr.o
        26          0          0          0          0         72   memcmp.o
        36          0          0          0          0        100   memseta.o
      2306        100          0          0          0        544   printfa.o
        28          0          0          0          0         68   strcmp.o
        14          0          0          0          0         60   strlen.o
        40          0          0          0          0         72   strstr.o
        44          0          0          0          0         72   uidiv.o
        96          0          0          0          0         84   uldiv.o
        40          2          0          0          0         68   cdrcmple.o
       356          4          0          0          0        140   dadd.o
       240          6          0          0          0         84   ddiv.o
       236          0          0          0          0        216   depilogue.o
        64         10          0          0          0         68   dfixul.o
       208          6          0          0          0         88   dmul.o
       178          0          0          0          0        108   fadd.o
       124          0          0          0          0         72   fdiv.o
       130          0          0          0          0        144   fepilogue.o
        76          0          0          0          0         68   ffixir.o
        40          0          0          0          0         60   ffixui.o
        22          0          0          0          0         68   fflti.o
        14          0          0          0          0         68   ffltui.o
       122          0          0          0          0         72   fmul.o
         4          0          0          0          0         60   fpstat.o
        24          0          0          0          0         60   fscalb.o

    ----------------------------------------------------------------------
      6340        242        320          4          0       3420   Library Totals
         6          0          0          0          0          0   (incl. Padding)

    ----------------------------------------------------------------------

      Code (inc. data)   RO Data    RW Data    ZI Data      Debug   Library Name

      1664         92        320          0          0        572   m_ps.l
      2792        122          0          4          0       1404   mc_p.l
      1878         28          0          0          0       1444   mf_p.l

    ----------------------------------------------------------------------
      6340        242        320          4          0       3420   Library Totals

    ----------------------------------------------------------------------

==============================================================================


      Code (inc. data)   RO Data    RW Data    ZI Data      Debug   

     11092       1244        352         36        764     119640   Grand Totals
     11092       1244        352         36        764     119640   ELF Image Totals
     11092       1244        352         36          0          0   ROM Totals

==============================================================================

    Total RO  Size (Code + RO Data)                11444 (  11.18kB)
    Total RW  Size (RW Data + ZI Data)               800 (   0.78kB)
    Total ROM Size (Code + RO Data + RW Data)      11480 (  11.21kB)

==============================================================================

