Component: ARM Compiler 5.06 update 6 (build 750) Tool: armlink [4d35ed]

==============================================================================

Section Cross References

    syscall_mem.o(i.calloc) refers to kservice.o(i.rt_calloc) for rt_calloc
    syscall_mem.o(i.free) refers to kservice.o(i.rt_free) for rt_free
    syscall_mem.o(i.malloc) refers to kservice.o(i.rt_malloc) for rt_malloc
    syscall_mem.o(i.realloc) refers to kservice.o(i.rt_realloc) for rt_realloc
    syscalls.o(i._sys_exit) refers to cstdlib.o(i.__rt_libc_exit) for __rt_libc_exit
    syscalls.o(i._sys_open) refers to strcmp.o(.text) for strcmp
    syscalls.o(i._sys_open) refers to syscalls.o(.constdata) for __stdin_name
    syscalls.o(i._sys_tmpnam) refers to kstdio.o(i.rt_snprintf) for rt_snprintf
    syscalls.o(i._sys_write) refers to kservice.o(i.rt_console_get_device) for rt_console_get_device
    syscalls.o(i._sys_write) refers to device.o(i.rt_device_write) for rt_device_write
    syscalls.o(i._ttywrch) refers to kservice.o(i.rt_kprintf) for rt_kprintf
    syscalls.o(i.fputc) refers to kservice.o(i.rt_kprintf) for rt_kprintf
    cstdlib.o(i.__rt_libc_exit) refers to thread.o(i.rt_thread_self) for rt_thread_self
    cstdlib.o(i.__rt_libc_exit) refers to thread.o(i.rt_thread_control) for rt_thread_control
    cstdlib.o(i.itoa) refers to cstdlib.o(i.ltoa) for ltoa
    cstdlib.o(i.ltoa) refers to uidiv.o(.text) for __aeabi_uidivmod
    cstdlib.o(i.system) refers to kstring.o(i.rt_strlen) for rt_strlen
    cstdlib.o(i.system) refers to msh.o(i.msh_exec) for msh_exec
    cstdlib.o(i.ultoa) refers to uidiv.o(.text) for __aeabi_uidivmod
    cstdlib.o(i.utoa) refers to cstdlib.o(i.ultoa) for ultoa
    cstring.o(i.bcmp) refers to kstring.o(i.rt_memcmp) for rt_memcmp
    cstring.o(i.bcopy) refers to kstring.o(i.rt_memcpy) for rt_memcpy
    cstring.o(i.bzero) refers to kstring.o(i.rt_memset) for rt_memset
    cstring.o(i.index) refers to strchr.o(.text) for strchr
    cstring.o(i.rindex) refers to strrchr.o(.text) for strrchr
    cstring.o(i.strcasecmp) refers to tolower.o(.text) for tolower
    cstring.o(i.strdup) refers to strlen.o(.text) for strlen
    cstring.o(i.strdup) refers to syscall_mem.o(i.malloc) for malloc
    cstring.o(i.strdup) refers to strcpy.o(.text) for strcpy
    cstring.o(i.strncasecmp) refers to tolower.o(.text) for tolower
    cstring.o(i.strndup) refers to cstring.o(i.strnlen) for strnlen
    cstring.o(i.strndup) refers to syscall_mem.o(i.malloc) for malloc
    cstring.o(i.strndup) refers to kstring.o(i.rt_memcpy) for rt_memcpy
    cstring.o(i.strtok_r) refers to strchr.o(.text) for strchr
    ctime.o(i.__isleap) refers to idiv.o(.text) for __aeabi_idivmod
    ctime.o(i.asctime) refers to ctime.o(i.asctime_r) for asctime_r
    ctime.o(i.asctime) refers to ctime.o(.bss) for buf
    ctime.o(i.asctime_r) refers to kerrno.o(i.rt_set_errno) for rt_set_errno
    ctime.o(i.asctime_r) refers to kstring.o(i.rt_memset) for rt_memset
    ctime.o(i.asctime_r) refers to kstring.o(i.rt_strlen) for rt_strlen
    ctime.o(i.asctime_r) refers to ctime.o(i.num2str) for num2str
    ctime.o(i.asctime_r) refers to idiv.o(.text) for __aeabi_idivmod
    ctime.o(i.asctime_r) refers to ctime.o(.constdata) for days
    ctime.o(i.clock) refers to clock.o(i.rt_tick_get) for rt_tick_get
    ctime.o(i.ctime) refers to ctime.o(i.localtime) for localtime
    ctime.o(i.ctime) refers to ctime.o(i.asctime) for asctime
    ctime.o(i.ctime_r) refers to ctime.o(i.localtime_r) for localtime_r
    ctime.o(i.ctime_r) refers to ctime.o(i.asctime_r) for asctime_r
    ctime.o(i.gettimeofday) refers to ctime.o(i.rt_tz_get) for rt_tz_get
    ctime.o(i.gettimeofday) refers to idiv.o(.text) for __aeabi_idivmod
    ctime.o(i.gettimeofday) refers to kerrno.o(i.rt_set_errno) for rt_set_errno
    ctime.o(i.gmtime) refers to ctime.o(i.gmtime_r) for gmtime_r
    ctime.o(i.gmtime) refers to ctime.o(.bss) for tmp
    ctime.o(i.gmtime_r) refers to kerrno.o(i.rt_set_errno) for rt_set_errno
    ctime.o(i.gmtime_r) refers to kstring.o(i.rt_memset) for rt_memset
    ctime.o(i.gmtime_r) refers to uidiv.o(.text) for __aeabi_uidivmod
    ctime.o(i.gmtime_r) refers to idiv.o(.text) for __aeabi_idivmod
    ctime.o(i.gmtime_r) refers to ctime.o(i.__isleap) for __isleap
    ctime.o(i.gmtime_r) refers to ctime.o(i.rt_tz_is_dst) for rt_tz_is_dst
    ctime.o(i.gmtime_r) refers to ctime.o(.constdata) for __spm
    ctime.o(i.localtime) refers to ctime.o(i.localtime_r) for localtime_r
    ctime.o(i.localtime) refers to ctime.o(.bss) for tmp
    ctime.o(i.localtime_r) refers to ctime.o(i.rt_tz_get) for rt_tz_get
    ctime.o(i.localtime_r) refers to ctime.o(i.gmtime_r) for gmtime_r
    ctime.o(i.mktime) refers to ctime.o(i.timegm) for timegm
    ctime.o(i.mktime) refers to ctime.o(i.rt_tz_get) for rt_tz_get
    ctime.o(i.num2str) refers to idiv.o(.text) for __aeabi_idivmod
    ctime.o(i.rt_tz_get) refers to ctime.o(.data) for _current_tz_offset_sec
[...]
    list_mailbox                             0x00006c31   Thumb Code   242  cmd.o(i.list_mailbox)
    list_memheap                             0x00006d9d   Thumb Code   182  cmd.o(i.list_memheap)
    list_mempool                             0x00006ed9   Thumb Code   252  cmd.o(i.list_mempool)
    list_msgqueue                            0x00007061   Thumb Code   234  cmd.o(i.list_msgqueue)
    list_mutex                               0x000071bd   Thumb Code   258  cmd.o(i.list_mutex)
    list_sem                                 0x00007365   Thumb Code   234  cmd.o(i.list_sem)
    list_thread                              0x000074b5   Thumb Code   358  cmd.o(i.list_thread)
    list_timer                               0x000076e5   Thumb Code   242  cmd.o(i.list_timer)
    $Super$$main                             0x000078ad   Thumb Code   318  main.o(i.main)
    msh_auto_complete                        0x00007c69   Thumb Code   126  msh.o(i.msh_auto_complete)
    msh_cmd_opt_id_get                       0x00007cf5   Thumb Code    56  msh.o(i.msh_cmd_opt_id_get)
    msh_exec                                 0x00007d2d   Thumb Code   110  msh.o(i.msh_exec)
    msh_isint                                0x00007efd   Thumb Code    64  msh_parse.o(i.msh_isint)
    msh_opt_auto_complete                    0x00007f3d   Thumb Code   120  msh.o(i.msh_opt_auto_complete)
    msh_opt_list_dump                        0x00008065   Thumb Code    32  msh.o(i.msh_opt_list_dump)
    rt_application_init                      0x00008941   Thumb Code    34  components.o(i.rt_application_init)
    rt_backtrace                             0x00008971   Thumb Code    50  kservice.o(i.rt_backtrace)
    rt_backtrace_frame                       0x000089a9   Thumb Code    56  kservice.o(i.rt_backtrace_frame)
    rt_backtrace_thread                      0x00008a1d   Thumb Code    42  kservice.o(i.rt_backtrace_thread)
    rt_calloc                                0x00008a47   Thumb Code    40  kservice.o(i.rt_calloc)
    rt_completion_done                       0x00008a6f   Thumb Code    16  completion_comm.o(i.rt_completion_done)
    rt_completion_init                       0x00008a7f   Thumb Code     6  completion_up.o(i.rt_completion_init)
    rt_completion_wait                       0x00008a85   Thumb Code    18  completion_comm.o(i.rt_completion_wait)
    rt_completion_wait_flags                 0x00008a99   Thumb Code   174  completion_up.o(i.rt_completion_wait_flags)
    rt_completion_wakeup_by_errno            0x00008b4d   Thumb Code    92  completion_up.o(i.rt_completion_wakeup_by_errno)
    rt_components_board_init                 0x00008bad   Thumb Code    20  components.o(i.rt_components_board_init)
    rt_components_init                       0x00008bc9   Thumb Code    20  components.o(i.rt_components_init)
    rt_console_get_device                    0x00008be5   Thumb Code     6  kservice.o(i.rt_console_get_device)
    rt_console_set_device                    0x00008bf1   Thumb Code    50  kservice.o(i.rt_console_set_device)
    rt_cpu_index                             0x00008c29   Thumb Code    14  cpu_up.o(i.rt_cpu_index)
    rt_cpu_self                              0x00008c3d   Thumb Code     4  cpu_up.o(i.rt_cpu_self)
    rt_critical_level                        0x00008c45   Thumb Code     8  scheduler_up.o(i.rt_critical_level)
    rt_defunct_execute                       0x00008c51   Thumb Code    68  defunct.o(i.rt_defunct_execute)
    rt_device_close                          0x00008c95   Thumb Code    74  device.o(i.rt_device_close)
    rt_device_find                           0x00008cdf   Thumb Code    14  device.o(i.rt_device_find)
    rt_device_open                           0x00008ced   Thumb Code   164  device.o(i.rt_device_open)
    rt_device_pin_register                   0x00008d95   Thumb Code    56  dev_pin.o(i.rt_device_pin_register)
    rt_device_read                           0x00008ddd   Thumb Code    68  device.o(i.rt_device_read)
    rt_device_register                       0x00008e21   Thumb Code    56  device.o(i.rt_device_register)
    rt_device_set_rx_indicate                0x00008e59   Thumb Code    18  device.o(i.rt_device_set_rx_indicate)
    rt_device_write                          0x00008e6b   Thumb Code    68  device.o(i.rt_device_write)
    rt_enter_critical                        0x00008eb1   Thumb Code    36  scheduler_up.o(i.rt_enter_critical)
    rt_exit_critical                         0x00008ed9   Thumb Code    64  scheduler_up.o(i.rt_exit_critical)
    rt_exit_critical_safe                    0x00008f1d   Thumb Code    10  scheduler_up.o(i.rt_exit_critical_safe)
    rt_free                                  0x00008f29   Thumb Code    52  kservice.o(i.rt_free)
    rt_hw_backtrace_frame_get                0x00008f61   Thumb Code     8  kservice.o(i.rt_hw_backtrace_frame_get)
    rt_hw_backtrace_frame_unwind             0x00008f69   Thumb Code     8  kservice.o(i.rt_hw_backtrace_frame_unwind)
    rt_hw_board_clock_init                   0x00008f71   Thumb Code     2  board.o(i.rt_hw_board_clock_init)
    rt_hw_board_init                         0x00008f75   Thumb Code    30  drv_common.o(i.rt_hw_board_init)
    rt_hw_console_output                     0x00008fa5   Thumb Code     2  kservice.o(i.rt_hw_console_output)
    rt_hw_cpu_reset                          0x00008fa9   Thumb Code     8  cpuport.o(i.rt_hw_cpu_reset)
    rt_hw_hard_fault_exception               0x00008fb9   Thumb Code    88  cpuport.o(i.rt_hw_hard_fault_exception)
    rt_hw_pin_init                           0x000090ad   Thumb Code    18  drv_gpio.o(i.rt_hw_pin_init)
    rt_hw_serial_isr                         0x000090c9   Thumb Code   224  dev_serial.o(i.rt_hw_serial_isr)
    rt_hw_serial_register                    0x000091a9   Thumb Code    72  dev_serial.o(i.rt_hw_serial_register)
    rt_hw_stack_init                         0x00009209   Thumb Code    58  cpuport.o(i.rt_hw_stack_init)
    rt_hw_systick_init                       0x00009249   Thumb Code    56  drv_common.o(i.rt_hw_systick_init)
    rt_hw_usart_init                         0x00009285   Thumb Code    88  drv_usart.o(i.rt_hw_usart_init)
    rt_interrupt_enter                       0x000092ed   Thumb Code    50  irq.o(i.rt_interrupt_enter)
    rt_interrupt_get_nest                    0x00009329   Thumb Code    40  irq.o(i.rt_interrupt_get_nest)
    rt_interrupt_leave                       0x00009355   Thumb Code    50  irq.o(i.rt_interrupt_leave)
    rt_kprintf                               0x00009391   Thumb Code    52  kservice.o(i.rt_kprintf)
    rt_malloc                                0x0000948d   Thumb Code    54  kservice.o(i.rt_malloc)
    rt_memcpy                                0x000094cd   Thumb Code    98  kstring.o(i.rt_memcpy)
    rt_memmove                               0x0000952f   Thumb Code    66  kstring.o(i.rt_memmove)
    rt_memory_info                           0x00009571   Thumb Code    66  kservice.o(i.rt_memory_info)
    rt_memset                                0x000095b9   Thumb Code   102  kstring.o(i.rt_memset)
    rt_mutex_drop_thread                     0x0000961f   Thumb Code   142  ipc.o(i.rt_mutex_drop_thread)
    rt_mutex_init                            0x000096ad   Thumb Code    64  ipc.o(i.rt_mutex_init)
    rt_mutex_release                         0x000096ed   Thumb Code   290  ipc.o(i.rt_mutex_release)
    rt_mutex_take                            0x00009815   Thumb Code    18  ipc.o(i.rt_mutex_take)
    rt_object_allocate                       0x00009829   Thumb Code   108  object.o(i.rt_object_allocate)
    rt_object_delete                         0x00009899   Thumb Code    72  object.o(i.rt_object_delete)
    rt_object_detach                         0x000098e5   Thumb Code    66  object.o(i.rt_object_detach)
    rt_object_find                           0x0000992d   Thumb Code    34  object.o(i.rt_object_find)
    rt_object_for_each                       0x00009955   Thumb Code   104  object.o(i.rt_object_for_each)
    rt_object_get_information                0x000099bd   Thumb Code    44  object.o(i.rt_object_get_information)
    rt_object_get_type                       0x000099ed   Thumb Code    10  object.o(i.rt_object_get_type)
    rt_object_init                           0x000099f9   Thumb Code    84  object.o(i.rt_object_init)
    rt_object_is_systemobject                0x00009a51   Thumb Code    20  object.o(i.rt_object_is_systemobject)
    rt_pin_get                               0x00009a65   Thumb Code    32  dev_pin.o(i.rt_pin_get)
    rt_pin_mode                              0x00009a89   Thumb Code    22  dev_pin.o(i.rt_pin_mode)
    rt_pin_read                              0x00009aa5   Thumb Code    18  dev_pin.o(i.rt_pin_read)
    rt_pin_write                             0x00009abd   Thumb Code    22  dev_pin.o(i.rt_pin_write)
    rt_sched_insert_thread                   0x00009ad9   Thumb Code   146  scheduler_up.o(i.rt_sched_insert_thread)
    rt_sched_lock                            0x00009b75   Thumb Code    24  scheduler_up.o(i.rt_sched_lock)
    rt_sched_remove_thread                   0x00009b8d   Thumb Code    78  scheduler_up.o(i.rt_sched_remove_thread)
    rt_sched_thread_change_priority          0x00009be5   Thumb Code    66  scheduler_comm.o(i.rt_sched_thread_change_priority)
    rt_sched_thread_close                    0x00009c27   Thumb Code    12  scheduler_comm.o(i.rt_sched_thread_close)
    rt_sched_thread_get_curr_prio            0x00009c33   Thumb Code     8  scheduler_comm.o(i.rt_sched_thread_get_curr_prio)
    rt_sched_thread_get_init_prio            0x00009c3b   Thumb Code     8  scheduler_comm.o(i.rt_sched_thread_get_init_prio)
    rt_sched_thread_get_stat                 0x00009c43   Thumb Code    12  scheduler_comm.o(i.rt_sched_thread_get_stat)
    rt_sched_thread_init_ctx                 0x00009c4f   Thumb Code    26  scheduler_comm.o(i.rt_sched_thread_init_ctx)
    rt_sched_thread_init_priv                0x00009c69   Thumb Code    34  scheduler_up.o(i.rt_sched_thread_init_priv)
    rt_sched_thread_is_suspended             0x00009c8b   Thumb Code    14  scheduler_comm.o(i.rt_sched_thread_is_suspended)
    rt_sched_thread_ready                    0x00009c99   Thumb Code    78  scheduler_comm.o(i.rt_sched_thread_ready)
    rt_sched_thread_startup                  0x00009ce7   Thumb Code    18  scheduler_up.o(i.rt_sched_thread_startup)
    rt_sched_thread_timer_start              0x00009cf9   Thumb Code    20  scheduler_comm.o(i.rt_sched_thread_timer_start)
    rt_sched_thread_timer_stop               0x00009d0d   Thumb Code    46  scheduler_comm.o(i.rt_sched_thread_timer_stop)
    rt_sched_thread_yield                    0x00009d3b   Thumb Code    22  scheduler_comm.o(i.rt_sched_thread_yield)
    rt_sched_tick_increase                   0x00009d51   Thumb Code    64  scheduler_comm.o(i.rt_sched_tick_increase)
    rt_sched_unlock                          0x00009d91   Thumb Code    14  scheduler_up.o(i.rt_sched_unlock)
    rt_sched_unlock_n_resched                0x00009d9f   Thumb Code    26  scheduler_up.o(i.rt_sched_unlock_n_resched)
    rt_schedule                              0x00009db9   Thumb Code   294  scheduler_up.o(i.rt_schedule)
    rt_sem_init                              0x00009ef9   Thumb Code    36  ipc.o(i.rt_sem_init)
    rt_sem_release                           0x00009f21   Thumb Code   122  ipc.o(i.rt_sem_release)
    rt_sem_take                              0x00009fa1   Thumb Code    18  ipc.o(i.rt_sem_take)
    rt_set_errno                             0x0000a329   Thumb Code    42  kerrno.o(i.rt_set_errno)
    rt_show_version                          0x0000a359   Thumb Code    42  kservice.o(i.rt_show_version)
    rt_smem_alloc                            0x0000a41d   Thumb Code   286  mem.o(i.rt_smem_alloc)
    rt_smem_free                             0x0000a53b   Thumb Code    72  mem.o(i.rt_smem_free)
    rt_smem_init                             0x0000a585   Thumb Code   182  mem.o(i.rt_smem_init)
    rt_snprintf                              0x0000a681   Thumb Code    42  kstdio.o(i.rt_snprintf)
    rt_spin_lock                             0x0000a6c9   Thumb Code    14  cpu_up.o(i.rt_spin_lock)
    rt_spin_lock_init                        0x0000a6d7   Thumb Code     2  cpu_up.o(i.rt_spin_lock_init)
    rt_spin_lock_irqsave                     0x0000a6d9   Thumb Code    22  cpu_up.o(i.rt_spin_lock_irqsave)
    rt_spin_unlock                           0x0000a6ef   Thumb Code    22  cpu_up.o(i.rt_spin_unlock)
    rt_spin_unlock_irqrestore                0x0000a705   Thumb Code    30  cpu_up.o(i.rt_spin_unlock_irqrestore)
    rt_strcmp                                0x0000a723   Thumb Code    30  kstring.o(i.rt_strcmp)
    rt_strerror                              0x0000a741   Thumb Code    42  kerrno.o(i.rt_strerror)
    rt_strlen                                0x0000a779   Thumb Code    20  kstring.o(i.rt_strlen)
    rt_strncmp                               0x0000a78d   Thumb Code    42  kstring.o(i.rt_strncmp)
    rt_strncpy                               0x0000a7b7   Thumb Code    56  kstring.o(i.rt_strncpy)
    rt_susp_list_dequeue                     0x0000a7ef   Thumb Code    64  ipc.o(i.rt_susp_list_dequeue)
    rt_susp_list_enqueue                     0x0000a82f   Thumb Code   108  ipc.o(i.rt_susp_list_enqueue)
    rt_susp_list_print                       0x0000a89d   Thumb Code    56  ipc.o(i.rt_susp_list_print)
    rt_system_heap_init                      0x0000a8e1   Thumb Code    16  kservice.o(i.rt_system_heap_init)
    rt_system_heap_init_generic              0x0000a8f1   Thumb Code    46  kservice.o(i.rt_system_heap_init_generic)
    rt_system_scheduler_init                 0x0000a939   Thumb Code    36  scheduler_up.o(i.rt_system_scheduler_init)
    rt_system_scheduler_start                0x0000a969   Thumb Code    38  scheduler_up.o(i.rt_system_scheduler_start)
    rt_system_timer_init                     0x0000a991   Thumb Code    30  timer.o(i.rt_system_timer_init)
    rt_system_timer_thread_init              0x0000a9b9   Thumb Code     2  timer.o(i.rt_system_timer_thread_init)
    rt_thread_close                          0x0000a9bb   Thumb Code    68  thread.o(i.rt_thread_close)
    rt_thread_create                         0x0000a9ff   Thumb Code    80  thread.o(i.rt_thread_create)
    rt_thread_defunct_dequeue                0x0000aa51   Thumb Code    74  defunct.o(i.rt_thread_defunct_dequeue)
    rt_thread_defunct_enqueue                0x0000aaa5   Thumb Code    42  defunct.o(i.rt_thread_defunct_enqueue)
    rt_thread_defunct_init                   0x0000aad9   Thumb Code    10  defunct.o(i.rt_thread_defunct_init)
    rt_thread_idle_init                      0x0000aae9   Thumb Code   100  idle.o(i.rt_thread_idle_init)
    rt_thread_init                           0x0000ab65   Thumb Code    54  thread.o(i.rt_thread_init)
    rt_thread_mdelay                         0x0000ab9b   Thumb Code    20  thread.o(i.rt_thread_mdelay)
    rt_thread_resume                         0x0000abb1   Thumb Code    78  thread.o(i.rt_thread_resume)
    rt_thread_self                           0x0000ac05   Thumb Code    10  thread.o(i.rt_thread_self)
    rt_thread_startup                        0x0000ac0f   Thumb Code    26  thread.o(i.rt_thread_startup)
    rt_thread_suspend_to_list                0x0000ac29   Thumb Code   128  thread.o(i.rt_thread_suspend_to_list)
    rt_thread_suspend_with_flag              0x0000acad   Thumb Code    20  thread.o(i.rt_thread_suspend_with_flag)
    rt_tick_from_millisecond                 0x0000acc1   Thumb Code    16  clock.o(i.rt_tick_from_millisecond)
    rt_tick_get                              0x0000acd1   Thumb Code    24  clock.o(i.rt_tick_get)
    rt_tick_increase                         0x0000aced   Thumb Code    44  clock.o(i.rt_tick_increase)
    rt_timer_check                           0x0000ad21   Thumb Code    16  timer.o(i.rt_timer_check)
    rt_timer_control                         0x0000ad39   Thumb Code   166  timer.o(i.rt_timer_control)
    rt_timer_create                          0x0000ade5   Thumb Code    46  timer.o(i.rt_timer_create)
    rt_timer_detach                          0x0000ae15   Thumb Code    62  timer.o(i.rt_timer_detach)
    rt_timer_init                            0x0000ae59   Thumb Code    38  timer.o(i.rt_timer_init)
    rt_timer_start                           0x0000ae81   Thumb Code    98  timer.o(i.rt_timer_start)
    rt_timer_stop                            0x0000aeed   Thumb Code    94  timer.o(i.rt_timer_stop)
    rt_vsnprintf                             0x0000af55   Thumb Code  1096  rt_vsnprintf_tiny.o(i.rt_vsnprintf)
    rtthread_startup                         0x0000b3b5   Thumb Code    46  components.o(i.rtthread_startup)
    __lowest_bit_bitmap                      0x0000bdbc   Data         256  kservice.o(.constdata)
    __ctype_table                            0x0000c374   Data         129  ctype_o.o(.constdata)
    __fsym_pin_name                          0x0000ca23   Data           4  dev_pin.o(.rodata.name)
    __fsym_pin_desc                          0x0000ca27   Data          13  dev_pin.o(.rodata.name)
    __fsym_reboot_name                       0x0000ca34   Data           7  drv_common.o(.rodata.name)
    __fsym_reboot_desc                       0x0000ca3b   Data          14  drv_common.o(.rodata.name)
    __fsym_clear_name                        0x0000ca49   Data           6  cmd.o(.rodata.name)
    __fsym_clear_desc                        0x0000ca4f   Data          26  cmd.o(.rodata.name)
    __fsym_version_name                      0x0000ca69   Data           8  cmd.o(.rodata.name)
    __fsym_version_desc                      0x0000ca71   Data          35  cmd.o(.rodata.name)
    __fsym_list_name                         0x0000ca94   Data           5  cmd.o(.rodata.name)
    __fsym_list_desc                         0x0000ca99   Data          13  cmd.o(.rodata.name)
    __fsym_help_name                         0x0000caa6   Data           5  msh.o(.rodata.name)
    __fsym_help_desc                         0x0000caab   Data          21  msh.o(.rodata.name)
    __fsym_ps_name                           0x0000cac0   Data           3  msh.o(.rodata.name)
    __fsym_ps_desc                           0x0000cac3   Data          27  msh.o(.rodata.name)
    __fsym_free_name                         0x0000cade   Data           5  msh.o(.rodata.name)
    __fsym_free_desc                         0x0000cae3   Data          36  msh.o(.rodata.name)
    __fsym_backtrace_name                    0x0000cb07   Data          10  kservice.o(.rodata.name)
    __fsym_backtrace_desc                    0x0000cb11   Data          28  kservice.o(.rodata.name)
    __rt_init_rti_start                      0x0000cb30   Data           4  components.o(.rti_fn.0)
    __rt_init_rti_board_start                0x0000cb34   Data           4  components.o(.rti_fn.0.end)
    __rt_init_rt_hw_pin_init                 0x0000cb38   Data           4  drv_gpio.o(.rti_fn.1)
    __rt_init_rt_hw_usart_init               0x0000cb3c   Data           4  drv_usart.o(.rti_fn.1)
    __rt_init_rti_board_end                  0x0000cb40   Data           4  components.o(.rti_fn.1.end)
    __rt_init_finsh_system_init              0x0000cb44   Data           4  shell.o(.rti_fn.6)
    __rt_init_rti_end                        0x0000cb48   Data           4  components.o(.rti_fn.6.end)
    FSymTab$$Base                            0x0000cb4c   Number         0  dev_pin.o(FSymTab)
    __fsym_pin                               0x0000cb4c   Data          16  dev_pin.o(FSymTab)
    __fsym_reboot                            0x0000cb5c   Data          16  drv_common.o(FSymTab)
    __fsym_clear                             0x0000cb6c   Data          16  cmd.o(FSymTab)
    __fsym_version                           0x0000cb7c   Data          16  cmd.o(FSymTab)
    __fsym_list                              0x0000cb8c   Data          16  cmd.o(FSymTab)
    __fsym_help                              0x0000cb9c   Data          16  msh.o(FSymTab)
    __fsym_ps                                0x0000cbac   Data          16  msh.o(FSymTab)
    __fsym_free                              0x0000cbbc   Data          16  msh.o(FSymTab)
    __fsym_backtrace                         0x0000cbcc   Data          16  kservice.o(FSymTab)
    FSymTab$$Limit                           0x0000cbdc   Number         0  kservice.o(FSymTab)
    Region$$Table$$Base                      0x0000cbdc   Number         0  anon$$obj.o(Region$$Table)
    Region$$Table$$Limit                     0x0000cbfc   Number         0  anon$$obj.o(Region$$Table)
    _syscall_table_begin                     0x200001fc   Data           4  shell.o(.data)
    _syscall_table_end                       0x20000200   Data           4  shell.o(.data)
    shell                                    0x20000204   Data           4  shell.o(.data)
    rt_interrupt_nest                        0x20000238   Data           4  irq.o(.data)
    rt_object_trytake_hook                   0x2000034c   Data           4  object.o(.data)
    rt_object_take_hook                      0x20000350   Data           4  object.o(.data)
    rt_object_put_hook                       0x20000354   Data           4  object.o(.data)
    rt_thread_ready_priority_group           0x20000358   Data           4  scheduler_up.o(.data)
    rt_current_priority                      0x2000035e   Data           1  scheduler_up.o(.data)
    rt_interrupt_from_thread                 0x20000404   Data           4  cpuport.o(.data)
    rt_interrupt_to_thread                   0x20000408   Data           4  cpuport.o(.data)
    rt_thread_switch_interrupt_flag          0x2000040c   Data           4  cpuport.o(.data)
    SystemCoreClock                          0x20000410   Data           4  system_ht32f5xxxx_01.o(.data)
    app_flash_temperature_change_flag        0x20000424   Data           1  app_data.o(.data)
    app_flash_humi_change_flag               0x20000425   Data           1  app_data.o(.data)
    app_flash_co_change_flag                 0x20000426   Data           1  app_data.o(.data)
    abs_key_station                          0x20000428   Data           6  abs_key.o(.data)
    bsp_lcd_temperature_waveform             0x2000042e   Data           1  bsp_lcd.o(.data)
    bsp_lcd_humi_waveform                    0x2000042f   Data           1  bsp_lcd.o(.data)
    bsp_lcd_co_waveform                      0x20000430   Data           1  bsp_lcd.o(.data)
    Day_Per_Month                            0x20000431   Data          13  bsp_rtc.o(.data)
    Bsp_Rtc_Second_Flag                      0x2000043e   Data           1  bsp_rtc.o(.data)
    rt_thread_priority_table                 0x20000874   Data         256  scheduler_up.o(.bss)
    s_app_data_temperature                   0x20000974   Data          10  app_data.o(.bss)
    s_app_data_humidity                      0x2000097e   Data          10  app_data.o(.bss)
    s_app_data_co                            0x20000988   Data          10  app_data.o(.bss)
    s_app_data_radar                         0x20000992   Data          10  app_data.o(.bss)
    s_app_data_network                       0x2000099c   Data          10  app_data.o(.bss)
    s_app_data_battery                       0x200009a6   Data          10  app_data.o(.bss)
    app_lcd_temperature                      0x200009b0   Data          96  app_data.o(.bss)
    app_lcd_humi                             0x20000a10   Data          96  app_data.o(.bss)
    app_lcd_co                               0x20000a70   Data          96  app_data.o(.bss)
    s_abs_lora_temperature                   0x20000ad0   Data          10  abs_lora.o(.bss)
    s_abs_lora_humidity                      0x20000ada   Data          10  abs_lora.o(.bss)
    s_abs_lora_co                            0x20000ae4   Data          10  abs_lora.o(.bss)
    s_abs_lora_network                       0x20000aee   Data          10  abs_lora.o(.bss)
    s_abs_lora_battery                       0x20000af8   Data          10  abs_lora.o(.bss)
    s_abs_lora_radar                         0x20000b02   Data          10  abs_lora.o(.bss)
    s_bsp_lora_rx                            0x20000b0c   Data         208  bsp_lora.o(.bss)
    Bsp_Rtc_CurTime                          0x20000bdc   Data          24  bsp_rtc.o(.bss)
    env_cache_table                          0x20000bf4   Data         128  ef_env.o(.bss)
    sector_cache_table                       0x20000c74   Data          32  ef_env.o(.bss)
    __HT_check_sp                            0x20000d68   Data           0  startup_ht32f5xxxx_01.o(STACK)
    Image$$RW_IRAM1$$ZI$$Limit               0x20000f68   Number         0  anon$$obj.o ABSOLUTE
    __initial_sp                             0x20000f68   Data           0  startup_ht32f5xxxx_01.o(STACK)



==============================================================================

Memory Map of the image

  Image Entry point : 0x00000165

  Load Region LR_IROM1 (Base: 0x00000000, Size: 0x0000d050, Max: 0x0001fe00, ABSOLUTE, COMPRESSED[0x0000cd28])

    Execution Region ER_IROM1 (Exec base: 0x00000000, Load base: 0x00000000, Size: 0x0000cbfc, Max: 0x0001fe00, ABSOLUTE)

    Exec Addr    Load Addr    Size         Type   Attr      Idx    E Section Name        Object

    0x00000000   0x00000000   0x00000164   Code   RO         1810    RESET               startup_ht32f5xxxx_01.o
    0x00000164   0x00000164   0x00000000   Code   RO         9518  * .ARM.Collect$$$$00000000  mc_p.l(entry.o)
    0x00000164   0x00000164   0x00000004   Code   RO         9897    .ARM.Collect$$$$00000001  mc_p.l(entry2.o)
    0x00000168   0x00000168   0x00000004   Code   RO         9900    .ARM.Collect$$$$00000004  mc_p.l(entry5.o)
    0x0000016c   0x0000016c   0x00000000   Code   RO         9902    .ARM.Collect$$$$00000008  mc_p.l(entry7b.o)
    0x0000016c   0x0000016c   0x00000000   Code   RO         9904    .ARM.Collect$$$$0000000A  mc_p.l(entry8b.o)
    0x0000016c   0x0000016c   0x00000008   Code   RO         9905    .ARM.Collect$$$$0000000B  mc_p.l(entry9a.o)
    0x00000174   0x00000174   0x00000000   Code   RO         9907    .ARM.Collect$$$$0000000D  mc_p.l(entry10a.o)
    0x00000174   0x00000174   0x00000000   Code   RO         9909    .ARM.Collect$$$$0000000F  mc_p.l(entry11a.o)
    0x00000174   0x00000174   0x00000004   Code   RO         9898    .ARM.Collect$$$$00002712  mc_p.l(entry2.o)
    0x00000178   0x00000178   0x000000e0   Code   RO         4411    .text               context_rvds.o
    0x00000258   0x00000258   0x0000002c   Code   RO         9521    .text               mc_p.l(uidiv.o)
    0x00000284   0x00000284   0x00000008   Code   RO         9525    .text               mc_p.l(ctype_o.o)
    0x0000028c   0x0000028c   0x00000024   Code   RO         9555    .text               mc_p.l(memcpya.o)
    0x000002b0   0x000002b0   0x00000024   Code   RO         9557    .text               mc_p.l(memseta.o)
    0x000002d4   0x000002d4   0x00000028   Code   RO         9559    .text               mc_p.l(strstr.o)
    0x000002fc   0x000002fc   0x0000001a   Code   RO         9561    .text               mc_p.l(strncpy.o)
    0x00000316   0x00000316   0x00000014   Code   RO         9563    .text               mc_p.l(strchr.o)
    0x0000032a   0x0000032a   0x0000000e   Code   RO         9565    .text               mc_p.l(strlen.o)
    0x00000338   0x00000338   0x0000001c   Code   RO         9567    .text               mc_p.l(strcmp.o)
    0x00000354   0x00000354   0x0000001a   Code   RO         9569    .text               mc_p.l(memcmp.o)
    0x0000036e   0x0000036e   0x00000012   Code   RO         9571    .text               mc_p.l(strcpy.o)
    0x00000380   0x00000380   0x0000001e   Code   RO         9573    .text               mc_p.l(strncmp.o)
    0x0000039e   0x0000039e   0x00000076   Code   RO         9840    .text               mc_p.l(strtoul.o)
    0x00000414   0x00000414   0x0000001a   Code   RO         9846    .text               mc_p.l(atoi.o)
    0x0000042e   0x0000042e   0x00000002   PAD
    0x00000430   0x00000430   0x00000164   Code   RO         9850    .text               mf_p.l(dadd.o)
    0x00000594   0x00000594   0x000000d0   Code   RO         9852    .text               mf_p.l(dmul.o)
    0x00000664   0x00000664   0x000000f0   Code   RO         9854    .text               mf_p.l(ddiv.o)
    0x00000754   0x00000754   0x00000028   Code   RO         9856    .text               mf_p.l(dflti.o)
    0x0000077c   0x0000077c   0x00000048   Code   RO         9860    .text               mf_p.l(dfixi.o)
    0x000007c4   0x000007c4   0x00000028   Code   RO         9866    .text               mf_p.l(cdrcmple.o)
    0x000007ec   0x000007ec   0x00000060   Code   RO         9912    .text               mc_p.l(uldiv.o)
    0x0000084c   0x0000084c   0x00000020   Code   RO         9914    .text               mc_p.l(llshl.o)
    0x0000086c   0x0000086c   0x00000022   Code   RO         9916    .text               mc_p.l(llushr.o)
    0x0000088e   0x0000088e   0x00000026   Code   RO         9918    .text               mc_p.l(llsshr.o)
    0x000008b4   0x000008b4   0x000000a6   Code   RO         9927    .text               mc_p.l(_strtoul.o)
    0x0000095a   0x0000095a   0x00000002   PAD
    0x0000095c   0x0000095c   0x00000070   Code   RO         9933    .text               mc_p.l(strtol.o)
    0x000009cc   0x000009cc   0x00000000   Code   RO         9939    .text               mc_p.l(iusefp.o)
    0x000009cc   0x000009cc   0x000000be   Code   RO         9942    .text               mf_p.l(depilogue.o)
    0x00000a8a   0x00000a8a   0x00000002   PAD
    0x00000a8c   0x00000a8c   0x00000040   Code   RO         9948    .text               mf_p.l(dfixul.o)
    0x00000acc   0x00000acc   0x00000024   Code   RO         9956    .text               mc_p.l(init.o)
    0x00000af0   0x00000af0   0x0000001e   Code   RO         9960    .text               mc_p.l(_chval.o)
    0x00000b0e   0x00000b0e   0x00000056   Code   RO         9993    .text               mc_p.l(__dczerorl2.o)
    0x00000b64   0x00000b64   0x0000000a   Code   RO         2437    i.$Sub$$main        components.o
    0x00000b6e   0x00000b6e   0x00000002   PAD
    0x00000b70   0x00000b70   0x0000003c   Code   RO         4611    i.AFIO_EXTISourceConfig  ht32f5xxxx_gpio.o
    0x00000bac   0x00000bac   0x00000064   Code   RO         4612    i.AFIO_GPxConfig    ht32f5xxxx_gpio.o
    0x00000c10   0x00000c10   0x0000008a   Code   RO         7868    i.Abs_Kay_Scan      abs_key.o
    0x00000c9a   0x00000c9a   0x00000002   PAD
    0x00000c9c   0x00000c9c   0x000000c4   Code   RO         7611    i.Abs_Lcd_Battery   abs_lcd.o
    0x00000d60   0x00000d60   0x00000030   Code   RO         7612    i.Abs_Lcd_Co        abs_lcd.o
    0x00000d90   0x00000d90   0x00000030   Code   RO         7613    i.Abs_Lcd_Humidity  abs_lcd.o
    0x00000dc0   0x00000dc0   0x00000008   Code   RO         7614    i.Abs_Lcd_Init      abs_lcd.o
    0x00000dc8   0x00000dc8   0x000000bc   Code   RO         7615    i.Abs_Lcd_Network   abs_lcd.o
    0x00000e84   0x00000e84   0x0000007c   Code   RO         7616    i.Abs_Lcd_Switch    abs_lcd.o
    0x00000f00   0x00000f00   0x00000034   Code   RO         7617    i.Abs_Lcd_Temperature  abs_lcd.o
    0x00000f34   0x00000f34   0x0000013c   Code   RO         7678    i.Abs_Lora_Getdata  abs_lora.o
    0x00001070   0x00001070   0x00000012   Code   RO         7679    i.Abs_Lora_Init     abs_lora.o
    0x00001082   0x00001082   0x00000002   PAD
    0x00001084   0x00001084   0x00000488   Code   RO         7536    i.App_Data_update   app_data.o
    0x0000150c   0x0000150c   0x0000004c   Code   RO         8210    i.Bsp_Beep_Config   bsp_beep.o
    0x00001558   0x00001558   0x00000014   Code   RO         8211    i.Bsp_Beep_Off      bsp_beep.o
    0x0000156c   0x0000156c   0x00000014   Code   RO         8212    i.Bsp_Beep_On       bsp_beep.o
    0x00001580   0x00001580   0x000000a4   Code   RO         7898    i.Bsp_Debug_Config  bsp_debug.o
    0x00001624   0x00001624   0x0000007c   Code   RO         7952    i.Bsp_Ht32led_Config  bsp_ht32led.o
    0x000016a0   0x000016a0   0x00000030   Code   RO         7953    i.Bsp_Ht32led_Off   bsp_ht32led.o
    0x000016d0   0x000016d0   0x00000034   Code   RO         7954    i.Bsp_Ht32led_On    bsp_ht32led.o
    0x00001704   0x00001704   0x00000050   Code   RO         8282    i.Bsp_Key_Config    bsp_key.o
    0x00001754   0x00001754   0x00000014   Code   RO         8283    i.Bsp_Key_Read      bsp_key.o
    0x00001768   0x00001768   0x000000ac   Code   RO         7988    i.Bsp_Lcd_Config    bsp_lcd.o
    0x00001814   0x00001814   0x00000054   Code   RO         7989    i.Bsp_Lcd_Printf    bsp_lcd.o
    0x00001868   0x00001868   0x0000004c   Code   RO         8246    i.Bsp_Led_Config    bsp_led.o
    0x000018b4   0x000018b4   0x00000014   Code   RO         8247    i.Bsp_Led_Off       bsp_led.o
    0x000018c8   0x000018c8   0x00000014   Code   RO         8248    i.Bsp_Led_On        bsp_led.o
    0x000018dc   0x000018dc   0x0000001c   Code   RO         8120    i.Bsp_Lora_Clear_Struct  bsp_lora.o
    0x000018f8   0x000018f8   0x00000024   Code   RO         8122    i.Bsp_Lora_Res      bsp_lora.o
    0x0000191c   0x0000191c   0x00000050   Code   RO         8123    i.Bsp_Lora_Res_Config  bsp_lora.o
    0x0000196c   0x0000196c   0x0000000c   Code   RO         8128    i.Bsp_Lora_Switch_Overflag  bsp_lora.o
    0x00001978   0x00001978   0x000000a8   Code   RO         8129    i.Bsp_Lora_Usart_Config  bsp_lora.o
    0x00001a20   0x00001a20   0x000000bc   Code   RO         8312    i.Bsp_Rtc_Adjust    bsp_rtc.o
    0x00001adc   0x00001adc   0x0000003c   Code   RO         8313    i.Bsp_Rtc_Configuration  bsp_rtc.o
    0x00001b18   0x00001b18   0x00000100   Code   RO         8314    i.Bsp_Rtc_Get       bsp_rtc.o
    0x00001c18   0x00001c18   0x00000094   Code   RO         8315    i.Bsp_Rtc_Init      bsp_rtc.o
    0x00001cac   0x00001cac   0x0000002e   Code   RO         8316    i.Bsp_Rtc_IsLeapYear  bsp_rtc.o
    0x00001cda   0x00001cda   0x00000002   PAD
    0x00001cdc   0x00001cdc   0x00000018   Code   RO         4885    i.CKCU_GetClockReadyStatus  ht32f5xxxx_ckcu.o
    0x00001cf4   0x00001cf4   0x0000006c   Code   RO         4886    i.CKCU_GetClocksFrequency  ht32f5xxxx_ckcu.o
    0x00001d60   0x00001d60   0x00000068   Code   RO         4888    i.CKCU_GetPLLFrequency  ht32f5xxxx_ckcu.o
    0x00001dc8   0x00001dc8   0x00000034   Code   RO         4889    i.CKCU_GetPeripFrequency  ht32f5xxxx_ckcu.o
    0x00001dfc   0x00001dfc   0x00000040   Code   RO         4904    i.CKCU_PeripClockConfig  ht32f5xxxx_ckcu.o
    0x00001e3c   0x00001e3c   0x0000003e   Code   RO         1869    i.EXTI0_1_IRQHandler  drv_gpio.o
    0x00001e7a   0x00001e7a   0x0000003e   Code   RO         1870    i.EXTI2_3_IRQHandler  drv_gpio.o
    0x00001eb8   0x00001eb8   0x00000142   Code   RO         1871    i.EXTI4_15_IRQHandler  drv_gpio.o
    0x00001ffa   0x00001ffa   0x00000002   PAD
    0x00001ffc   0x00001ffc   0x00000014   Code   RO         6941    i.EXTI_ClearEdgeFlag  ht32f5xxxx_exti.o
    0x00002010   0x00002010   0x00000030   Code   RO         6945    i.EXTI_GetEdgeStatus  ht32f5xxxx_exti.o
    0x00002040   0x00002040   0x00000020   Code   RO         6948    i.EXTI_Init         ht32f5xxxx_exti.o
    0x00002060   0x00002060   0x00000028   Code   RO         6949    i.EXTI_IntConfig    ht32f5xxxx_exti.o
    0x00002088   0x00002088   0x00000018   Code   RO         7334    i.FLASH_ErasePage   ht32f5xxxx_flash.o
    0x000020a0   0x000020a0   0x0000001c   Code   RO         7341    i.FLASH_ProgramWordData  ht32f5xxxx_flash.o
    0x000020bc   0x000020bc   0x00000068   Code   RO         7344    i.FLASH_WaitForOperationEnd  ht32f5xxxx_flash.o
    0x00002124   0x00002124   0x000000d8   Code   RO         7433    i.Flash_Thread_Enter  main.o
    0x000021fc   0x000021fc   0x00000004   Code   RO         4613    i.GPIO_ClearOutBits  ht32f5xxxx_gpio.o
    0x00002200   0x00002200   0x00000014   Code   RO         4615    i.GPIO_DirectionConfig  ht32f5xxxx_gpio.o
    0x00002214   0x00002214   0x00000038   Code   RO         4617    i.GPIO_DriveConfig  ht32f5xxxx_gpio.o
    0x0000224c   0x0000224c   0x00000014   Code   RO         4619    i.GPIO_InputConfig  ht32f5xxxx_gpio.o
    0x00002260   0x00002260   0x0000003e   Code   RO         4624    i.GPIO_PullResistorConfig  ht32f5xxxx_gpio.o
    0x0000229e   0x0000229e   0x00000012   Code   RO         4625    i.GPIO_ReadInBit    ht32f5xxxx_gpio.o
    0x000022b0   0x000022b0   0x00000004   Code   RO         4629    i.GPIO_SetOutBits   ht32f5xxxx_gpio.o
    0x000022b4   0x000022b4   0x0000000c   Code   RO         4630    i.GPIO_WriteOutBits  ht32f5xxxx_gpio.o
    0x000022c0   0x000022c0   0x00000028   Code   RO         7434    i.Key_Time_Interrupt  main.o
    0x000022e8   0x000022e8   0x00000034   Code   RO         7435    i.Lcd_Thread_Enter  main.o
    0x0000231c   0x0000231c   0x000000a0   Code   RO         7436    i.Lora_Thread_Enter  main.o
    0x000023bc   0x000023bc   0x00000024   Code   RO         4446    i.PWRCU_CheckReadyAccessed  ht32f5xxxx_pwrcu.o
    0x000023e0   0x000023e0   0x00000028   Code   RO         4448    i.PWRCU_DeInit      ht32f5xxxx_pwrcu.o
    0x00002408   0x00002408   0x00000010   Code   RO         4462    i.PWRCU_ReadBackupRegister  ht32f5xxxx_pwrcu.o
    0x00002418   0x00002418   0x0000000c   Code   RO         4467    i.PWRCU_WriteBackupRegister  ht32f5xxxx_pwrcu.o
    0x00002424   0x00002424   0x00000024   Code   RO         5715    i.RTC_CMPCLRCmd     ht32f5xxxx_rtc.o
    0x00002448   0x00002448   0x00000018   Code   RO         5716    i.RTC_ClockSourceConfig  ht32f5xxxx_rtc.o
    0x00002460   0x00002460   0x00000024   Code   RO         5717    i.RTC_Cmd           ht32f5xxxx_rtc.o
    0x00002484   0x00002484   0x0000000c   Code   RO         5720    i.RTC_GetCounter    ht32f5xxxx_rtc.o
    0x00002490   0x00002490   0x0000000c   Code   RO         5721    i.RTC_GetFlagStatus  ht32f5xxxx_rtc.o
    0x0000249c   0x0000249c   0x0000001c   Code   RO         8317    i.RTC_IRQHandler    bsp_rtc.o
    0x000024b8   0x000024b8   0x00000020   Code   RO         5724    i.RTC_IntConfig     ht32f5xxxx_rtc.o
    0x000024d8   0x000024d8   0x00000024   Code   RO         5725    i.RTC_LSECmd        ht32f5xxxx_rtc.o
    0x000024fc   0x000024fc   0x00000018   Code   RO         5726    i.RTC_LSESMConfig   ht32f5xxxx_rtc.o
    0x00002514   0x00002514   0x00000018   Code   RO         5731    i.RTC_SetPrescaler  ht32f5xxxx_rtc.o
    0x0000252c   0x0000252c   0x00000024   Code   RO         5847    i.SYSTICK_ClockSourceConfig  ht32_cm0plus_misc.o
    0x00002550   0x00002550   0x00000030   Code   RO         5848    i.SYSTICK_CounterCmd  ht32_cm0plus_misc.o
    0x00002580   0x00002580   0x00000024   Code   RO         5849    i.SYSTICK_IntConfig  ht32_cm0plus_misc.o
    0x000025a4   0x000025a4   0x0000000c   Code   RO         5850    i.SYSTICK_SetReloadValue  ht32_cm0plus_misc.o
    0x000025b0   0x000025b0   0x00000010   Code   RO         1816    i.SysTick_Handler   drv_common.o
    0x000025c0   0x000025c0   0x00000178   Code   RO         7296    i.SystemInit        system_ht32f5xxxx_01.o
    0x00002738   0x00002738   0x00000044   Code   RO         8130    i.UART0_IRQHandler  bsp_lora.o
    0x0000277c   0x0000277c   0x00000054   Code   RO         7993    i.UART1_IRQHandler  bsp_lcd.o
    0x000027d0   0x000027d0   0x00000024   Code   RO         7903    i.USART0_IRQHandler  bsp_debug.o
    0x000027f4   0x000027f4   0x00000018   Code   RO         1960    i.USART1_IRQHandler  drv_usart.o
    0x0000280c   0x0000280c   0x00000012   Code   RO         5516    i.USART_GetFlagStatus  ht32f5xxxx_usart.o
    0x0000281e   0x0000281e   0x00000002   PAD
    0x00002820   0x00002820   0x00000080   Code   RO         5519    i.USART_Init        ht32f5xxxx_usart.o
    0x000028a0   0x000028a0   0x00000014   Code   RO         5520    i.USART_IntConfig   ht32f5xxxx_usart.o
    0x000028b4   0x000028b4   0x00000008   Code   RO         5529    i.USART_ReceiveData  ht32f5xxxx_usart.o
    0x000028bc   0x000028bc   0x00000004   Code   RO         5530    i.USART_SendData    ht32f5xxxx_usart.o
    0x000028c0   0x000028c0   0x0000001e   Code   RO         5541    i.USART_TxRxCmd     ht32f5xxxx_usart.o
    0x000028de   0x000028de   0x00000002   PAD
    0x000028e0   0x000028e0   0x00000028   Code   RO         9814    i.__0sprintf        mc_p.l(printfa.o)
    0x00002908   0x00002908   0x00000024   Code   RO         9818    i.__0vsprintf       mc_p.l(printfa.o)
    0x0000292c   0x0000292c   0x0000002e   Code   RO         9944    i.__ARM_clz         mf_p.l(depilogue.o)
    0x0000295a   0x0000295a   0x0000001c   Code   RO         1622    i.__ARM_common_switch8  dev_serial.o
    0x00002976   0x00002976   0x00000002   PAD
    0x00002978   0x00002978   0x00000008   Code   RO         9920    i.__aeabi_errno_addr  mc_p.l(errno.o)
    0x00002980   0x00002980   0x0000005c   Code   RO         3177    i.__rt_ffs          kservice.o
    0x000029dc   0x000029dc   0x0000000e   Code   RO         9987    i.__scatterload_copy  mc_p.l(handlers.o)
    0x000029ea   0x000029ea   0x00000002   Code   RO         9988    i.__scatterload_null  mc_p.l(handlers.o)
    0x000029ec   0x000029ec   0x0000000e   Code   RO         9989    i.__scatterload_zeroinit  mc_p.l(handlers.o)
    0x000029fa   0x000029fa   0x00000034   Code   RO         2627    i._check_and_update_prio  ipc.o
    0x00002a2e   0x00002a2e   0x00000002   PAD
    0x00002a30   0x00002a30   0x00000174   Code   RO         9819    i._fp_digits        mc_p.l(printfa.o)
    0x00002ba4   0x00002ba4   0x00000020   Code   RO         3178    i._heap_lock        kservice.o
    0x00002bc4   0x00002bc4   0x00000018   Code   RO         3179    i._heap_unlock      kservice.o
    0x00002bdc   0x00002bdc   0x00000010   Code   RO         2628    i._ipc_object_init  ipc.o
    0x00002bec   0x00002bec   0x00000026   Code   RO         3180    i._kputs            kservice.o
    0x00002c12   0x00002c12   0x00000022   Code   RO         3546    i._match_name       object.o
    0x00002c34   0x00002c34   0x0000006c   Code   RO         2166    i._msh_exec_cmd     msh.o
    0x00002ca0   0x00002ca0   0x00000090   Code   RO         1434    i._pin_cmd          dev_pin.o
    0x00002d30   0x00002d30   0x0000000c   Code   RO         1435    i._pin_cmd_conv     dev_pin.o
    0x00002d3c   0x00002d3c   0x00000060   Code   RO         1436    i._pin_cmd_get      dev_pin.o
    0x00002d9c   0x00002d9c   0x000000f8   Code   RO         1437    i._pin_cmd_mode     dev_pin.o
    0x00002e94   0x00002e94   0x00000180   Code   RO         1438    i._pin_cmd_print_usage  dev_pin.o
    0x00003014   0x00003014   0x0000009c   Code   RO         1439    i._pin_cmd_read     dev_pin.o
    0x000030b0   0x000030b0   0x000000b8   Code   RO         1440    i._pin_cmd_write    dev_pin.o
    0x00003168   0x00003168   0x00000024   Code   RO         1441    i._pin_control      dev_pin.o
    0x0000318c   0x0000318c   0x0000002a   Code   RO         1442    i._pin_read         dev_pin.o
    0x000031b6   0x000031b6   0x0000002a   Code   RO         1443    i._pin_write        dev_pin.o
    0x000031e0   0x000031e0   0x000006ec   Code   RO         9820    i._printf_core      mc_p.l(printfa.o)
    0x000038cc   0x000038cc   0x00000020   Code   RO         9821    i._printf_post_padding  mc_p.l(printfa.o)
    0x000038ec   0x000038ec   0x0000002c   Code   RO         9822    i._printf_pre_padding  mc_p.l(printfa.o)
    0x00003918   0x00003918   0x000001f8   Code   RO         2635    i._rt_mutex_take    ipc.o
    0x00003b10   0x00003b10   0x000000e8   Code   RO         2636    i._rt_sem_take      ipc.o
    0x00003bf8   0x00003bf8   0x00000028   Code   RO         3768    i._scheduler_get_highest_priority_thread  scheduler_up.o
    0x00003c20   0x00003c20   0x00000020   Code   RO         2637    i._sem_object_init  ipc.o
    0x00003c40   0x00003c40   0x00000014   Code   RO         1556    i._serial_check_buffer_size  dev_serial.o
    0x00003c54   0x00003c54   0x0000007a   Code   RO         1557    i._serial_int_rx    dev_serial.o
    0x00003cce   0x00003cce   0x00000064   Code   RO         1558    i._serial_int_tx    dev_serial.o
    0x00003d32   0x00003d32   0x00000044   Code   RO         1559    i._serial_poll_tx   dev_serial.o
    0x00003d76   0x00003d76   0x0000000a   Code   RO         9824    i._sputc            mc_p.l(printfa.o)
    0x00003d80   0x00003d80   0x00000062   Code   RO         3895    i._thread_detach_from_mutex  thread.o
    0x00003de2   0x00003de2   0x0000002c   Code   RO         3896    i._thread_exit      thread.o
    0x00003e0e   0x00003e0e   0x0000003c   Code   RO         2638    i._thread_get_mutex_priority  ipc.o
    0x00003e4a   0x00003e4a   0x00000002   PAD
    0x00003e4c   0x00003e4c   0x00000088   Code   RO         3897    i._thread_init      thread.o
    0x00003ed4   0x00003ed4   0x00000032   Code   RO         3898    i._thread_set_suspend_state  thread.o
    0x00003f06   0x00003f06   0x0000006a   Code   RO         3899    i._thread_sleep     thread.o
    0x00003f70   0x00003f70   0x00000042   Code   RO         3900    i._thread_timeout   thread.o
    0x00003fb2   0x00003fb2   0x000000b6   Code   RO         2639    i._thread_update_priority  ipc.o
    0x00004068   0x00004068   0x000000f4   Code   RO         4060    i._timer_check      timer.o
    0x0000415c   0x0000415c   0x0000003c   Code   RO         4061    i._timer_init       timer.o
    0x00004198   0x00004198   0x0000001c   Code   RO         4063    i._timer_remove     timer.o
    0x000041b4   0x000041b4   0x00000104   Code   RO         4064    i._timer_start      timer.o
    0x000042b8   0x000042b8   0x0000005c   Code   RO         9141    i.align_write       ef_env.o
    0x00004314   0x00004314   0x000000dc   Code   RO         9142    i.alloc_env         ef_env.o
    0x000043f0   0x000043f0   0x0000003c   Code   RO         9143    i.alloc_env_cb      ef_env.o
    0x0000442c   0x0000442c   0x00000020   Code   RO         1872    i.bit2bitno         drv_gpio.o
    0x0000444c   0x0000444c   0x000000ac   Code   RO         9144    i.check_and_recovery_env_cb  ef_env.o
    0x000044f8   0x000044f8   0x00000028   Code   RO         9145    i.check_and_recovery_gc_cb  ef_env.o
    0x00004520   0x00004520   0x00000034   Code   RO         9146    i.check_sec_hdr_cb  ef_env.o
    0x00004554   0x00004554   0x00000014   Code   RO         2050    i.clear             cmd.o
    0x00004568   0x00004568   0x000000ec   Code   RO         3181    i.cmd_backtrace     kservice.o
    0x00004654   0x00004654   0x00000080   Code   RO         2167    i.cmd_free          msh.o
    0x000046d4   0x000046d4   0x000000ac   Code   RO         2051    i.cmd_list          cmd.o
    0x00004780   0x00004780   0x0000000e   Code   RO         2168    i.cmd_ps            msh.o
    0x0000478e   0x0000478e   0x00000064   Code   RO         9147    i.continue_ff_addr  ef_env.o
    0x000047f2   0x000047f2   0x00000002   PAD
    0x000047f4   0x000047f4   0x00000250   Code   RO         9148    i.create_env_blob   ef_env.o
    0x00004a44   0x00004a44   0x00000100   Code   RO         9149    i.del_env           ef_env.o
    0x00004b44   0x00004b44   0x00000104   Code   RO         9150    i.do_gc             ef_env.o
    0x00004c48   0x00004c48   0x000000b0   Code   RO         9127    i.easyflash_init    easyflash.o
    0x00004cf8   0x00004cf8   0x00000030   Code   RO         9472    i.ef_calc_crc32     ef_utils.o
    0x00004d28   0x00004d28   0x00000124   Code   RO         9153    i.ef_env_init       ef_env.o
    0x00004e4c   0x00004e4c   0x00000158   Code   RO         9154    i.ef_env_set_default  ef_env.o
    0x00004fa4   0x00004fa4   0x0000005c   Code   RO         9156    i.ef_get_env_blob   ef_env.o
    0x00005000   0x00005000   0x000000cc   Code   RO         9159    i.ef_load_env       ef_env.o
    0x000050cc   0x000050cc   0x00000014   Code   RO         8992    i.ef_log_debug      ef_port.o
    0x000050e0   0x000050e0   0x00000014   Code   RO         8993    i.ef_log_info       ef_port.o
    0x000050f4   0x000050f4   0x00000002   Code   RO         8994    i.ef_port_env_lock  ef_port.o
    0x000050f6   0x000050f6   0x00000002   Code   RO         8995    i.ef_port_env_unlock  ef_port.o
    0x000050f8   0x000050f8   0x0000009c   Code   RO         8996    i.ef_port_erase     ef_port.o
    0x00005194   0x00005194   0x00000014   Code   RO         8997    i.ef_port_init      ef_port.o
    0x000051a8   0x000051a8   0x0000001c   Code   RO         8998    i.ef_port_read      ef_port.o
    0x000051c4   0x000051c4   0x0000003c   Code   RO         8999    i.ef_port_write     ef_port.o
    0x00005200   0x00005200   0x00000054   Code   RO         9165    i.ef_set_env_blob   ef_env.o
    0x00005254   0x00005254   0x0000007c   Code   RO         9166    i.env_iterator      ef_env.o
    0x000052d0   0x000052d0   0x00000046   Code   RO         9167    i.find_env          ef_env.o
    0x00005316   0x00005316   0x0000004a   Code   RO         9168    i.find_env_cb       ef_env.o
    0x00005360   0x00005360   0x00000020   Code   RO         9169    i.find_env_no_cache  ef_env.o
    0x00005380   0x00005380   0x00000088   Code   RO         9170    i.find_next_env_addr  ef_env.o
    0x00005408   0x00005408   0x00000078   Code   RO         2269    i.finsh_get_prompt  shell.o
    0x00005480   0x00005480   0x0000005c   Code   RO         2271    i.finsh_getchar     shell.o
    0x000054dc   0x000054dc   0x00000018   Code   RO         2272    i.finsh_rx_ind      shell.o
    0x000054f4   0x000054f4   0x000000bc   Code   RO         2273    i.finsh_set_device  shell.o
    0x000055b0   0x000055b0   0x00000024   Code   RO         2276    i.finsh_set_prompt_mode  shell.o
    0x000055d4   0x000055d4   0x00000014   Code   RO         2277    i.finsh_system_function_init  shell.o
    0x000055e8   0x000055e8   0x000000a0   Code   RO         2278    i.finsh_system_init  shell.o
    0x00005688   0x00005688   0x00000508   Code   RO         2279    i.finsh_thread_entry  shell.o
    0x00005b90   0x00005b90   0x000000d8   Code   RO         9171    i.format_sector     ef_env.o
    0x00005c68   0x00005c68   0x00000018   Code   RO         9172    i.gc_check_cb       ef_env.o
    0x00005c80   0x00005c80   0x000000ac   Code   RO         9173    i.gc_collect        ef_env.o
    0x00005d2c   0x00005d2c   0x0000004a   Code   RO         9174    i.get_env           ef_env.o
    0x00005d76   0x00005d76   0x00000002   PAD
    0x00005d78   0x00005d78   0x000000a8   Code   RO         9175    i.get_env_from_cache  ef_env.o
    0x00005e20   0x00005e20   0x00000076   Code   RO         9176    i.get_next_env_addr  ef_env.o
    0x00005e96   0x00005e96   0x00000002   PAD
    0x00005e98   0x00005e98   0x00000048   Code   RO         9177    i.get_next_sector_addr  ef_env.o
    0x00005ee0   0x00005ee0   0x00000024   Code   RO         1873    i.get_pin           drv_gpio.o
    0x00005f04   0x00005f04   0x00000034   Code   RO         9178    i.get_sector_from_cache  ef_env.o
    0x00005f38   0x00005f38   0x0000002a   Code   RO         9179    i.get_status        ef_env.o
    0x00005f62   0x00005f62   0x00000002   PAD
    0x00005f64   0x00005f64   0x00000160   Code   RO         1961    i.ht32_configure    drv_usart.o
    0x000060c4   0x000060c4   0x00000074   Code   RO         1962    i.ht32_control      drv_usart.o
    0x00006138   0x00006138   0x0000000a   Code   RO         1963    i.ht32_dma_transmit  drv_usart.o
    0x00006142   0x00006142   0x00000022   Code   RO         1964    i.ht32_getc         drv_usart.o
    0x00006164   0x00006164   0x000000b0   Code   RO         1874    i.ht32_pin_attach_irq  drv_gpio.o
    0x00006214   0x00006214   0x00000074   Code   RO         1875    i.ht32_pin_detach_irq  drv_gpio.o
    0x00006288   0x00006288   0x00000390   Code   RO         1876    i.ht32_pin_irq_enable  drv_gpio.o
    0x00006618   0x00006618   0x000001b0   Code   RO         1877    i.ht32_pin_mode     drv_gpio.o
    0x000067c8   0x000067c8   0x00000028   Code   RO         1878    i.ht32_pin_read     drv_gpio.o
    0x000067f0   0x000067f0   0x00000034   Code   RO         1879    i.ht32_pin_write    drv_gpio.o
    0x00006824   0x00006824   0x0000001e   Code   RO         1965    i.ht32_putc         drv_usart.o
    0x00006842   0x00006842   0x00000002   PAD
    0x00006844   0x00006844   0x0000005c   Code   RO         1790    i.ht32_usart_gpio_init  ht32_msp.o
    0x000068a0   0x000068a0   0x00000024   Code   RO         2589    i.idle_thread_entry  idle.o
    0x000068c4   0x000068c4   0x0000013c   Code   RO         2052    i.list_device       cmd.o
    0x00006a00   0x00006a00   0x0000015c   Code   RO         2053    i.list_event        cmd.o
    0x00006b5c   0x00006b5c   0x00000028   Code   RO         2054    i.list_find_init    cmd.o
    0x00006b84   0x00006b84   0x000000aa   Code   RO         2055    i.list_get_next     cmd.o
    0x00006c2e   0x00006c2e   0x00000002   PAD
    0x00006c30   0x00006c30   0x0000016c   Code   RO         2056    i.list_mailbox      cmd.o
    0x00006d9c   0x00006d9c   0x0000013c   Code   RO         2057    i.list_memheap      cmd.o
    0x00006ed8   0x00006ed8   0x00000188   Code   RO         2058    i.list_mempool      cmd.o
    0x00007060   0x00007060   0x0000015c   Code   RO         2059    i.list_msgqueue     cmd.o
    0x000071bc   0x000071bc   0x000001a8   Code   RO         2060    i.list_mutex        cmd.o
    0x00007364   0x00007364   0x00000150   Code   RO         2061    i.list_sem          cmd.o
    0x000074b4   0x000074b4   0x00000230   Code   RO         2062    i.list_thread       cmd.o
    0x000076e4   0x000076e4   0x000001c8   Code   RO         2063    i.list_timer        cmd.o
    0x000078ac   0x000078ac   0x0000023c   Code   RO         7437    i.main              main.o
    0x00007ae8   0x00007ae8   0x0000000e   Code   RO         2438    i.main_thread_entry  components.o
    0x00007af6   0x00007af6   0x00000002   PAD
    0x00007af8   0x00007af8   0x00000170   Code   RO         9180    i.move_env          ef_env.o
    0x00007c68   0x00007c68   0x0000008c   Code   RO         2169    i.msh_auto_complete  msh.o
    0x00007cf4   0x00007cf4   0x00000038   Code   RO         2170    i.msh_cmd_opt_id_get  msh.o
    0x00007d2c   0x00007d2c   0x000000a0   Code   RO         2171    i.msh_exec          msh.o
    0x00007dcc   0x00007dcc   0x0000002e   Code   RO         2172    i.msh_get_argc      msh.o
    0x00007dfa   0x00007dfa   0x00000002   PAD
    0x00007dfc   0x00007dfc   0x00000040   Code   RO         2173    i.msh_get_cmd       msh.o
    0x00007e3c   0x00007e3c   0x0000005c   Code   RO         2174    i.msh_get_cmd_opt   msh.o
    0x00007e98   0x00007e98   0x00000064   Code   RO         2175    i.msh_help          msh.o
    0x00007efc   0x00007efc   0x00000040   Code   RO         2024    i.msh_isint         msh_parse.o
    0x00007f3c   0x00007f3c   0x00000078   Code   RO         2176    i.msh_opt_auto_complete  msh.o
    0x00007fb4   0x00007fb4   0x0000007c   Code   RO         2177    i.msh_opt_complete  msh.o
    0x00008030   0x00008030   0x00000034   Code   RO         2178    i.msh_opt_help      msh.o
    0x00008064   0x00008064   0x00000030   Code   RO         2179    i.msh_opt_list_dump  msh.o
    0x00008094   0x00008094   0x000000f8   Code   RO         2180    i.msh_split         msh.o
    0x0000818c   0x0000818c   0x00000064   Code   RO         9181    i.new_env           ef_env.o
    0x000081f0   0x000081f0   0x00000022   Code   RO         9182    i.new_env_by_kv     ef_env.o
    0x00008212   0x00008212   0x00000002   PAD
    0x00008214   0x00008214   0x0000001c   Code   RO         2064    i.object_split      cmd.o
    0x00008230   0x00008230   0x00000028   Code   RO         1880    i.pin_irq_hdr       drv_gpio.o
    0x00008258   0x00008258   0x0000006a   Code   RO         3397    i.plug_holes        mem.o
    0x000082c2   0x000082c2   0x00000002   PAD
    0x000082c4   0x000082c4   0x00000260   Code   RO         4258    i.print_number      rt_vsnprintf_tiny.o
    0x00008524   0x00008524   0x00000198   Code   RO         9184    i.read_env          ef_env.o
    0x000086bc   0x000086bc   0x000001f0   Code   RO         9185    i.read_sector_meta_data  ef_env.o
    0x000088ac   0x000088ac   0x00000088   Code   RO         9186    i.read_status       ef_env.o
    0x00008934   0x00008934   0x0000000c   Code   RO         1818    i.reboot            drv_common.o
    0x00008940   0x00008940   0x00000030   Code   RO         2439    i.rt_application_init  components.o
    0x00008970   0x00008970   0x00000038   Code   RO         3182    i.rt_backtrace      kservice.o
    0x000089a8   0x000089a8   0x00000074   Code   RO         3184    i.rt_backtrace_frame  kservice.o
    0x00008a1c   0x00008a1c   0x0000002a   Code   RO         3185    i.rt_backtrace_thread  kservice.o
    0x00008a46   0x00008a46   0x00000028   Code   RO         3187    i.rt_calloc         kservice.o
    0x00008a6e   0x00008a6e   0x00000010   Code   RO          670    i.rt_completion_done  completion_comm.o
    0x00008a7e   0x00008a7e   0x00000006   Code   RO          763    i.rt_completion_init  completion_up.o
    0x00008a84   0x00008a84   0x00000012   Code   RO          671    i.rt_completion_wait  completion_comm.o
    0x00008a96   0x00008a96   0x00000002   PAD
    0x00008a98   0x00008a98   0x000000b4   Code   RO          764    i.rt_completion_wait_flags  completion_up.o
    0x00008b4c   0x00008b4c   0x00000060   Code   RO          766    i.rt_completion_wakeup_by_errno  completion_up.o
    0x00008bac   0x00008bac   0x0000001c   Code   RO         2440    i.rt_components_board_init  components.o
    0x00008bc8   0x00008bc8   0x0000001c   Code   RO         2441    i.rt_components_init  components.o
    0x00008be4   0x00008be4   0x0000000c   Code   RO         3188    i.rt_console_get_device  kservice.o
    0x00008bf0   0x00008bf0   0x00000038   Code   RO         3189    i.rt_console_set_device  kservice.o
    0x00008c28   0x00008c28   0x00000014   Code   RO         2504    i.rt_cpu_index      cpu_up.o
    0x00008c3c   0x00008c3c   0x00000008   Code   RO         2505    i.rt_cpu_self       cpu_up.o
    0x00008c44   0x00008c44   0x0000000c   Code   RO         3769    i.rt_critical_level  scheduler_up.o
    0x00008c50   0x00008c50   0x00000044   Code   RO         2554    i.rt_defunct_execute  defunct.o
    0x00008c94   0x00008c94   0x0000004a   Code   RO          586    i.rt_device_close   device.o
    0x00008cde   0x00008cde   0x0000000e   Code   RO          590    i.rt_device_find    device.o
    0x00008cec   0x00008cec   0x000000a8   Code   RO          592    i.rt_device_open    device.o
    0x00008d94   0x00008d94   0x00000048   Code   RO         1444    i.rt_device_pin_register  dev_pin.o
    0x00008ddc   0x00008ddc   0x00000044   Code   RO          593    i.rt_device_read    device.o
    0x00008e20   0x00008e20   0x00000038   Code   RO          594    i.rt_device_register  device.o
    0x00008e58   0x00008e58   0x00000012   Code   RO          595    i.rt_device_set_rx_indicate  device.o
    0x00008e6a   0x00008e6a   0x00000044   Code   RO          598    i.rt_device_write   device.o
    0x00008eae   0x00008eae   0x00000002   PAD
    0x00008eb0   0x00008eb0   0x00000028   Code   RO         3770    i.rt_enter_critical  scheduler_up.o
    0x00008ed8   0x00008ed8   0x00000044   Code   RO         3771    i.rt_exit_critical  scheduler_up.o
    0x00008f1c   0x00008f1c   0x0000000a   Code   RO         3772    i.rt_exit_critical_safe  scheduler_up.o
    0x00008f26   0x00008f26   0x00000002   PAD
    0x00008f28   0x00008f28   0x00000038   Code   RO         3190    i.rt_free           kservice.o
    0x00008f60   0x00008f60   0x00000008   Code   RO         3193    i.rt_hw_backtrace_frame_get  kservice.o
    0x00008f68   0x00008f68   0x00000008   Code   RO         3194    i.rt_hw_backtrace_frame_unwind  kservice.o
    0x00008f70   0x00008f70   0x00000002   Code   RO         1629    i.rt_hw_board_clock_init  board.o
    0x00008f72   0x00008f72   0x00000002   PAD
    0x00008f74   0x00008f74   0x00000030   Code   RO         1819    i.rt_hw_board_init  drv_common.o
    0x00008fa4   0x00008fa4   0x00000002   Code   RO         3195    i.rt_hw_console_output  kservice.o
    0x00008fa6   0x00008fa6   0x00000002   PAD
    0x00008fa8   0x00008fa8   0x00000010   Code   RO         4415    i.rt_hw_cpu_reset   cpuport.o
    0x00008fb8   0x00008fb8   0x000000f4   Code   RO         4416    i.rt_hw_hard_fault_exception  cpuport.o
    0x000090ac   0x000090ac   0x0000001c   Code   RO         1881    i.rt_hw_pin_init    drv_gpio.o
    0x000090c8   0x000090c8   0x000000e0   Code   RO         1560    i.rt_hw_serial_isr  dev_serial.o
    0x000091a8   0x000091a8   0x00000060   Code   RO         1561    i.rt_hw_serial_register  dev_serial.o
    0x00009208   0x00009208   0x00000040   Code   RO         4417    i.rt_hw_stack_init  cpuport.o
    0x00009248   0x00009248   0x0000003c   Code   RO         1820    i.rt_hw_systick_init  drv_common.o
    0x00009284   0x00009284   0x00000068   Code   RO         1966    i.rt_hw_usart_init  drv_usart.o
    0x000092ec   0x000092ec   0x0000003c   Code   RO         3130    i.rt_interrupt_enter  irq.o
    0x00009328   0x00009328   0x0000002c   Code   RO         3132    i.rt_interrupt_get_nest  irq.o
    0x00009354   0x00009354   0x0000003c   Code   RO         3133    i.rt_interrupt_leave  irq.o
    0x00009390   0x00009390   0x00000038   Code   RO         3200    i.rt_kprintf        kservice.o
    0x000093c8   0x000093c8   0x00000006   Code   RO         2649    i.rt_list_init      ipc.o
    0x000093ce   0x000093ce   0x00000006   Code   RO         3773    i.rt_list_init      scheduler_up.o
    0x000093d4   0x000093d4   0x00000006   Code   RO         4065    i.rt_list_init      timer.o
    0x000093da   0x000093da   0x0000000e   Code   RO         2650    i.rt_list_insert_after  ipc.o
    0x000093e8   0x000093e8   0x0000000e   Code   RO         3549    i.rt_list_insert_after  object.o
    0x000093f6   0x000093f6   0x0000000e   Code   RO         4066    i.rt_list_insert_after  timer.o
    0x00009404   0x00009404   0x0000000e   Code   RO         2651    i.rt_list_insert_before  ipc.o
    0x00009412   0x00009412   0x00000010   Code   RO         2065    i.rt_list_isempty   cmd.o
    0x00009422   0x00009422   0x00000010   Code   RO         2652    i.rt_list_isempty   ipc.o
    0x00009432   0x00009432   0x00000010   Code   RO         4067    i.rt_list_isempty   timer.o
    0x00009442   0x00009442   0x00000014   Code   RO         2066    i.rt_list_len       cmd.o
    0x00009456   0x00009456   0x00000012   Code   RO         2653    i.rt_list_remove    ipc.o
    0x00009468   0x00009468   0x00000012   Code   RO         3550    i.rt_list_remove    object.o
    0x0000947a   0x0000947a   0x00000012   Code   RO         4068    i.rt_list_remove    timer.o
    0x0000948c   0x0000948c   0x00000040   Code   RO         3202    i.rt_malloc         kservice.o
    0x000094cc   0x000094cc   0x00000062   Code   RO         4282    i.rt_memcpy         kstring.o
    0x0000952e   0x0000952e   0x00000042   Code   RO         4283    i.rt_memmove        kstring.o
    0x00009570   0x00009570   0x00000048   Code   RO         3205    i.rt_memory_info    kservice.o
    0x000095b8   0x000095b8   0x00000066   Code   RO         4284    i.rt_memset         kstring.o
    0x0000961e   0x0000961e   0x0000008e   Code   RO         2688    i.rt_mutex_drop_thread  ipc.o
    0x000096ac   0x000096ac   0x00000040   Code   RO         2690    i.rt_mutex_init     ipc.o
    0x000096ec   0x000096ec   0x00000128   Code   RO         2691    i.rt_mutex_release  ipc.o
    0x00009814   0x00009814   0x00000012   Code   RO         2693    i.rt_mutex_take     ipc.o
    0x00009826   0x00009826   0x00000002   PAD
    0x00009828   0x00009828   0x00000070   Code   RO         3551    i.rt_object_allocate  object.o
    0x00009898   0x00009898   0x0000004c   Code   RO         3553    i.rt_object_delete  object.o
    0x000098e4   0x000098e4   0x00000048   Code   RO         3554    i.rt_object_detach  object.o
    0x0000992c   0x0000992c   0x00000028   Code   RO         3556    i.rt_object_find    object.o
    0x00009954   0x00009954   0x00000068   Code   RO         3557    i.rt_object_for_each  object.o
    0x000099bc   0x000099bc   0x00000030   Code   RO         3558    i.rt_object_get_information  object.o
    0x000099ec   0x000099ec   0x0000000a   Code   RO         3562    i.rt_object_get_type  object.o
    0x000099f6   0x000099f6   0x00000002   PAD
    0x000099f8   0x000099f8   0x00000058   Code   RO         3563    i.rt_object_init    object.o
    0x00009a50   0x00009a50   0x00000014   Code   RO         3564    i.rt_object_is_systemobject  object.o
    0x00009a64   0x00009a64   0x00000024   Code   RO         1448    i.rt_pin_get        dev_pin.o
    0x00009a88   0x00009a88   0x0000001c   Code   RO         1450    i.rt_pin_mode       dev_pin.o
    0x00009aa4   0x00009aa4   0x00000018   Code   RO         1451    i.rt_pin_read       dev_pin.o
    0x00009abc   0x00009abc   0x0000001c   Code   RO         1452    i.rt_pin_write      dev_pin.o
    0x00009ad8   0x00009ad8   0x0000009c   Code   RO         3774    i.rt_sched_insert_thread  scheduler_up.o
    0x00009b74   0x00009b74   0x00000018   Code   RO         3775    i.rt_sched_lock     scheduler_up.o
    0x00009b8c   0x00009b8c   0x00000058   Code   RO         3776    i.rt_sched_remove_thread  scheduler_up.o
    0x00009be4   0x00009be4   0x00000042   Code   RO         3687    i.rt_sched_thread_change_priority  scheduler_comm.o
    0x00009c26   0x00009c26   0x0000000c   Code   RO         3688    i.rt_sched_thread_close  scheduler_comm.o
    0x00009c32   0x00009c32   0x00000008   Code   RO         3689    i.rt_sched_thread_get_curr_prio  scheduler_comm.o
    0x00009c3a   0x00009c3a   0x00000008   Code   RO         3690    i.rt_sched_thread_get_init_prio  scheduler_comm.o
    0x00009c42   0x00009c42   0x0000000c   Code   RO         3691    i.rt_sched_thread_get_stat  scheduler_comm.o
    0x00009c4e   0x00009c4e   0x0000001a   Code   RO         3692    i.rt_sched_thread_init_ctx  scheduler_comm.o
    0x00009c68   0x00009c68   0x00000022   Code   RO         3778    i.rt_sched_thread_init_priv  scheduler_up.o
    0x00009c8a   0x00009c8a   0x0000000e   Code   RO         3693    i.rt_sched_thread_is_suspended  scheduler_comm.o
    0x00009c98   0x00009c98   0x0000004e   Code   RO         3694    i.rt_sched_thread_ready  scheduler_comm.o
    0x00009ce6   0x00009ce6   0x00000012   Code   RO         3779    i.rt_sched_thread_startup  scheduler_up.o
    0x00009cf8   0x00009cf8   0x00000014   Code   RO         3695    i.rt_sched_thread_timer_start  scheduler_comm.o
    0x00009d0c   0x00009d0c   0x0000002e   Code   RO         3696    i.rt_sched_thread_timer_stop  scheduler_comm.o
    0x00009d3a   0x00009d3a   0x00000016   Code   RO         3697    i.rt_sched_thread_yield  scheduler_comm.o
    0x00009d50   0x00009d50   0x00000040   Code   RO         3698    i.rt_sched_tick_increase  scheduler_comm.o
    0x00009d90   0x00009d90   0x0000000e   Code   RO         3780    i.rt_sched_unlock   scheduler_up.o
    0x00009d9e   0x00009d9e   0x0000001a   Code   RO         3781    i.rt_sched_unlock_n_resched  scheduler_up.o
    0x00009db8   0x00009db8   0x00000140   Code   RO         3782    i.rt_schedule       scheduler_up.o
    0x00009ef8   0x00009ef8   0x00000028   Code   RO         2701    i.rt_sem_init       ipc.o
    0x00009f20   0x00009f20   0x00000080   Code   RO         2702    i.rt_sem_release    ipc.o
    0x00009fa0   0x00009fa0   0x00000012   Code   RO         2703    i.rt_sem_take       ipc.o
    0x00009fb2   0x00009fb2   0x00000088   Code   RO         1562    i.rt_serial_close   dev_serial.o
    0x0000a03a   0x0000a03a   0x000000a8   Code   RO         1563    i.rt_serial_control  dev_serial.o
    0x0000a0e2   0x0000a0e2   0x00000034   Code   RO         1564    i.rt_serial_init    dev_serial.o
    0x0000a116   0x0000a116   0x00000164   Code   RO         1565    i.rt_serial_open    dev_serial.o
    0x0000a27a   0x0000a27a   0x00000076   Code   RO         1566    i.rt_serial_read    dev_serial.o
    0x0000a2f0   0x0000a2f0   0x00000036   Code   RO         1567    i.rt_serial_write   dev_serial.o
    0x0000a326   0x0000a326   0x00000002   PAD
    0x0000a328   0x0000a328   0x00000030   Code   RO         4227    i.rt_set_errno      kerrno.o
    0x0000a358   0x0000a358   0x000000c4   Code   RO         3209    i.rt_show_version   kservice.o
    0x0000a41c   0x0000a41c   0x0000011e   Code   RO         3398    i.rt_smem_alloc     mem.o
    0x0000a53a   0x0000a53a   0x00000048   Code   RO         3400    i.rt_smem_free      mem.o
    0x0000a582   0x0000a582   0x00000002   PAD
    0x0000a584   0x0000a584   0x000000fc   Code   RO         3401    i.rt_smem_init      mem.o
    0x0000a680   0x0000a680   0x0000002a   Code   RO         4195    i.rt_snprintf       kstdio.o
    0x0000a6aa   0x0000a6aa   0x0000001e   Code   RO         2379    i.rt_soft_atomic_add  clock.o
    0x0000a6c8   0x0000a6c8   0x0000000e   Code   RO         2506    i.rt_spin_lock      cpu_up.o
    0x0000a6d6   0x0000a6d6   0x00000002   Code   RO         2507    i.rt_spin_lock_init  cpu_up.o
    0x0000a6d8   0x0000a6d8   0x00000016   Code   RO         2508    i.rt_spin_lock_irqsave  cpu_up.o
    0x0000a6ee   0x0000a6ee   0x00000016   Code   RO         2509    i.rt_spin_unlock    cpu_up.o
    0x0000a704   0x0000a704   0x0000001e   Code   RO         2510    i.rt_spin_unlock_irqrestore  cpu_up.o
    0x0000a722   0x0000a722   0x0000001e   Code   RO         4286    i.rt_strcmp         kstring.o
    0x0000a740   0x0000a740   0x00000038   Code   RO         4228    i.rt_strerror       kerrno.o
    0x0000a778   0x0000a778   0x00000014   Code   RO         4289    i.rt_strlen         kstring.o
    0x0000a78c   0x0000a78c   0x0000002a   Code   RO         4290    i.rt_strncmp        kstring.o
    0x0000a7b6   0x0000a7b6   0x00000038   Code   RO         4291    i.rt_strncpy        kstring.o
    0x0000a7ee   0x0000a7ee   0x00000040   Code   RO         2707    i.rt_susp_list_dequeue  ipc.o
    0x0000a82e   0x0000a82e   0x0000006c   Code   RO         2708    i.rt_susp_list_enqueue  ipc.o
    0x0000a89a   0x0000a89a   0x00000002   PAD
    0x0000a89c   0x0000a89c   0x00000044   Code   RO         2709    i.rt_susp_list_print  ipc.o
    0x0000a8e0   0x0000a8e0   0x00000010   Code   RO         3210    i.rt_system_heap_init  kservice.o
    0x0000a8f0   0x0000a8f0   0x00000048   Code   RO         3211    i.rt_system_heap_init_generic  kservice.o
    0x0000a938   0x0000a938   0x00000030   Code   RO         3785    i.rt_system_scheduler_init  scheduler_up.o
    0x0000a968   0x0000a968   0x00000026   Code   RO         3786    i.rt_system_scheduler_start  scheduler_up.o
    0x0000a98e   0x0000a98e   0x00000002   PAD
    0x0000a990   0x0000a990   0x00000028   Code   RO         4069    i.rt_system_timer_init  timer.o
    0x0000a9b8   0x0000a9b8   0x00000002   Code   RO         4070    i.rt_system_timer_thread_init  timer.o
    0x0000a9ba   0x0000a9ba   0x00000044   Code   RO         3901    i.rt_thread_close   thread.o
    0x0000a9fe   0x0000a9fe   0x00000050   Code   RO         3903    i.rt_thread_create  thread.o
    0x0000aa4e   0x0000aa4e   0x00000002   PAD
    0x0000aa50   0x0000aa50   0x00000054   Code   RO         2555    i.rt_thread_defunct_dequeue  defunct.o
    0x0000aaa4   0x0000aaa4   0x00000034   Code   RO         2556    i.rt_thread_defunct_enqueue  defunct.o
    0x0000aad8   0x0000aad8   0x00000010   Code   RO         2557    i.rt_thread_defunct_init  defunct.o
    0x0000aae8   0x0000aae8   0x0000007c   Code   RO         2592    i.rt_thread_idle_init  idle.o
    0x0000ab64   0x0000ab64   0x00000036   Code   RO         3910    i.rt_thread_init    thread.o
    0x0000ab9a   0x0000ab9a   0x00000014   Code   RO         3911    i.rt_thread_mdelay  thread.o
    0x0000abae   0x0000abae   0x00000002   PAD
    0x0000abb0   0x0000abb0   0x00000054   Code   RO         3912    i.rt_thread_resume  thread.o
    0x0000ac04   0x0000ac04   0x0000000a   Code   RO         3914    i.rt_thread_self    thread.o
    0x0000ac0e   0x0000ac0e   0x0000001a   Code   RO         3915    i.rt_thread_startup  thread.o
    0x0000ac28   0x0000ac28   0x00000084   Code   RO         3918    i.rt_thread_suspend_to_list  thread.o
    0x0000acac   0x0000acac   0x00000014   Code   RO         3919    i.rt_thread_suspend_with_flag  thread.o
    0x0000acc0   0x0000acc0   0x00000010   Code   RO         2380    i.rt_tick_from_millisecond  clock.o
    0x0000acd0   0x0000acd0   0x0000001c   Code   RO         2381    i.rt_tick_get       clock.o
    0x0000acec   0x0000acec   0x00000034   Code   RO         2383    i.rt_tick_increase  clock.o
    0x0000ad20   0x0000ad20   0x00000018   Code   RO         4071    i.rt_timer_check    timer.o
    0x0000ad38   0x0000ad38   0x000000ac   Code   RO         4072    i.rt_timer_control  timer.o
    0x0000ade4   0x0000ade4   0x0000002e   Code   RO         4073    i.rt_timer_create   timer.o
    0x0000ae12   0x0000ae12   0x00000002   PAD
    0x0000ae14   0x0000ae14   0x00000044   Code   RO         4075    i.rt_timer_detach   timer.o
    0x0000ae58   0x0000ae58   0x00000026   Code   RO         4078    i.rt_timer_init     timer.o
    0x0000ae7e   0x0000ae7e   0x00000002   PAD
    0x0000ae80   0x0000ae80   0x0000006c   Code   RO         4080    i.rt_timer_start    timer.o
    0x0000aeec   0x0000aeec   0x00000068   Code   RO         4081    i.rt_timer_stop     timer.o
    0x0000af54   0x0000af54   0x00000450   Code   RO         4259    i.rt_vsnprintf      rt_vsnprintf_tiny.o
    0x0000b3a4   0x0000b3a4   0x00000004   Code   RO         2442    i.rti_board_end     components.o
    0x0000b3a8   0x0000b3a8   0x00000004   Code   RO         2443    i.rti_board_start   components.o
    0x0000b3ac   0x0000b3ac   0x00000004   Code   RO         2444    i.rti_end           components.o
    0x0000b3b0   0x0000b3b0   0x00000004   Code   RO         2445    i.rti_start         components.o
    0x0000b3b4   0x0000b3b4   0x0000002e   Code   RO         2446    i.rtthread_startup  components.o
    0x0000b3e2   0x0000b3e2   0x0000005e   Code   RO         9187    i.sector_iterator   ef_env.o
    0x0000b440   0x0000b440   0x00000032   Code   RO         9188    i.sector_statistics_cb  ef_env.o
    0x0000b472   0x0000b472   0x00000002   PAD
    0x0000b474   0x0000b474   0x0000009c   Code   RO         9189    i.set_env           ef_env.o
    0x0000b510   0x0000b510   0x0000002c   Code   RO         9190    i.set_status        ef_env.o
    0x0000b53c   0x0000b53c   0x00000034   Code   RO         2281    i.shell_auto_complete  shell.o
    0x0000b570   0x0000b570   0x00000030   Code   RO         2282    i.shell_handle_history  shell.o
    0x0000b5a0   0x0000b5a0   0x000000be   Code   RO         2283    i.shell_push_history  shell.o
    0x0000b65e   0x0000b65e   0x00000024   Code   RO         4260    i.skip_atoi         rt_vsnprintf_tiny.o
    0x0000b682   0x0000b682   0x00000024   Code   RO         2181    i.str_common        msh.o
    0x0000b6a6   0x0000b6a6   0x00000002   PAD
    0x0000b6a8   0x0000b6a8   0x00000108   Code   RO         9191    i.update_env_cache  ef_env.o
    0x0000b7b0   0x0000b7b0   0x00000066   Code   RO         9192    i.update_sec_status  ef_env.o
    0x0000b816   0x0000b816   0x00000002   PAD
    0x0000b818   0x0000b818   0x00000078   Code   RO         9193    i.update_sector_cache  ef_env.o
    0x0000b890   0x0000b890   0x00000028   Code   RO         1967    i.usart_isr         drv_usart.o
    0x0000b8b8   0x0000b8b8   0x0000000a   Code   RO         2067    i.version           cmd.o
    0x0000b8c2   0x0000b8c2   0x0000002e   Code   RO         9194    i.write_env_hdr     ef_env.o
    0x0000b8f0   0x0000b8f0   0x000000d4   Code   RO         9195    i.write_status      ef_env.o
    0x0000b9c4   0x0000b9c4   0x00000360   Data   RO         1882    .constdata          drv_gpio.o
    0x0000bd24   0x0000bd24   0x0000001c   Data   RO         1968    .constdata          drv_usart.o
    0x0000bd40   0x0000bd40   0x0000007c   Data   RO         2068    .constdata          cmd.o
    0x0000bdbc   0x0000bdbc   0x00000100   Data   RO         3213    .constdata          kservice.o
    0x0000bebc   0x0000bebc   0x00000022   Data   RO         4261    .constdata          rt_vsnprintf_tiny.o
    0x0000bede   0x0000bede   0x00000002   PAD
    0x0000bee0   0x0000bee0   0x0000001a   Data   RO         9001    .constdata          ef_port.o
    0x0000befa   0x0000befa   0x00000077   Data   RO         9197    .constdata          ef_env.o
    0x0000bf71   0x0000bf71   0x00000003   PAD
    0x0000bf74   0x0000bf74   0x00000400   Data   RO         9473    .constdata          ef_utils.o
    0x0000c374   0x0000c374   0x00000081   Data   RO         9526    .constdata          mc_p.l(ctype_o.o)
    0x0000c3f5   0x0000c3f5   0x00000003   PAD
    0x0000c3f8   0x0000c3f8   0x00000004   Data   RO         9527    .constdata          mc_p.l(ctype_o.o)
    0x0000c3fc   0x0000c3fc   0x00000098   Data   RO         1454    .conststring        dev_pin.o
    0x0000c494   0x0000c494   0x00000007   Data   RO         1969    .conststring        drv_usart.o
    0x0000c49b   0x0000c49b   0x00000001   PAD
    0x0000c49c   0x0000c49c   0x000002f0   Data   RO         2069    .conststring        cmd.o
    0x0000c78c   0x0000c78c   0x00000072   Data   RO         3214    .conststring        kservice.o
    0x0000c7fe   0x0000c7fe   0x00000002   PAD
    0x0000c800   0x0000c800   0x00000078   Data   RO         4229    .conststring        kerrno.o
    0x0000c878   0x0000c878   0x0000002f   Data   RO         9002    .conststring        ef_port.o
    0x0000c8a7   0x0000c8a7   0x00000001   PAD
    0x0000c8a8   0x0000c8a8   0x00000049   Data   RO         9128    .conststring        easyflash.o
    0x0000c8f1   0x0000c8f1   0x00000003   PAD
    0x0000c8f4   0x0000c8f4   0x0000012f   Data   RO         9198    .conststring        ef_env.o
    0x0000ca23   0x0000ca23   0x00000011   Data   RO         1455    .rodata.name        dev_pin.o
    0x0000ca34   0x0000ca34   0x00000015   Data   RO         1821    .rodata.name        drv_common.o
    0x0000ca49   0x0000ca49   0x0000005d   Data   RO         2071    .rodata.name        cmd.o
    0x0000caa6   0x0000caa6   0x00000061   Data   RO         2182    .rodata.name        msh.o
    0x0000cb07   0x0000cb07   0x00000026   Data   RO         3216    .rodata.name        kservice.o
    0x0000cb2d   0x0000cb2d   0x00000003   PAD
    0x0000cb30   0x0000cb30   0x00000004   Data   RO         2447    .rti_fn.0           components.o
    0x0000cb34   0x0000cb34   0x00000004   Data   RO         2448    .rti_fn.0.end       components.o
    0x0000cb38   0x0000cb38   0x00000004   Data   RO         1884    .rti_fn.1           drv_gpio.o
    0x0000cb3c   0x0000cb3c   0x00000004   Data   RO         1971    .rti_fn.1           drv_usart.o
    0x0000cb40   0x0000cb40   0x00000004   Data   RO         2449    .rti_fn.1.end       components.o
    0x0000cb44   0x0000cb44   0x00000004   Data   RO         2286    .rti_fn.6           shell.o
    0x0000cb48   0x0000cb48   0x00000004   Data   RO         2450    .rti_fn.6.end       components.o
    0x0000cb4c   0x0000cb4c   0x00000010   Data   RO         1456    FSymTab             dev_pin.o
    0x0000cb5c   0x0000cb5c   0x00000010   Data   RO         1822    FSymTab             drv_common.o
    0x0000cb6c   0x0000cb6c   0x00000030   Data   RO         2072    FSymTab             cmd.o
    0x0000cb9c   0x0000cb9c   0x00000030   Data   RO         2183    FSymTab             msh.o
    0x0000cbcc   0x0000cbcc   0x00000010   Data   RO         3217    FSymTab             kservice.o
    0x0000cbdc   0x0000cbdc   0x00000020   Data   RO         9985    Region$$Table       anon$$obj.o


    Execution Region RW_IRAM1 (Exec base: 0x20000000, Load base: 0x0000cbfc, Size: 0x00000f68, Max: 0x00004000, ABSOLUTE, COMPRESSED[0x0000012c])

    Exec Addr    Load Addr    Size         Type   Attr      Idx    E Section Name        Object

    0x20000000   COMPRESSED   0x00000004   Data   RW          767    .data               completion_up.o
    0x20000004   COMPRESSED   0x00000004   Data   RW         1568    .data               dev_serial.o
    0x20000008   COMPRESSED   0x00000100   Data   RW         1883    .data               drv_gpio.o
    0x20000108   COMPRESSED   0x00000070   Data   RW         1970    .data               drv_usart.o
    0x20000178   COMPRESSED   0x00000084   Data   RW         2070    .data               cmd.o
    0x200001fc   COMPRESSED   0x00000014   Data   RW         2285    .data               shell.o
    0x20000210   COMPRESSED   0x00000008   Data   RW         2387    .data               clock.o
    0x20000218   COMPRESSED   0x00000008   Data   RW         2511    .data               cpu_up.o
    0x20000220   COMPRESSED   0x0000000c   Data   RW         2558    .data               defunct.o
    0x2000022c   COMPRESSED   0x00000004   Data   RW         2595    .data               idle.o
    0x20000230   COMPRESSED   0x0000000c   Data   RW         3135    .data               irq.o
    0x2000023c   COMPRESSED   0x00000018   Data   RW         3215    .data               kservice.o
    0x20000254   COMPRESSED   0x00000104   Data   RW         3568    .data               object.o
    0x20000358   COMPRESSED   0x00000010   Data   RW         3788    .data               scheduler_up.o
    0x20000368   COMPRESSED   0x00000008   Data   RW         3921    .data               thread.o
    0x20000370   COMPRESSED   0x00000018   Data   RW         4082    .data               timer.o
    0x20000388   COMPRESSED   0x0000007c   Data   RW         4230    .data               kerrno.o
    0x20000404   COMPRESSED   0x0000000c   Data   RW         4418    .data               cpuport.o
    0x20000410   COMPRESSED   0x00000004   Data   RW         7297    .data               system_ht32f5xxxx_01.o
    0x20000414   COMPRESSED   0x00000010   Data   RW         7438    .data               main.o
    0x20000424   COMPRESSED   0x00000003   Data   RW         7538    .data               app_data.o
    0x20000427   COMPRESSED   0x00000001   PAD
    0x20000428   COMPRESSED   0x00000006   Data   RW         7869    .data               abs_key.o
    0x2000042e   COMPRESSED   0x00000003   Data   RW         7994    .data               bsp_lcd.o
    0x20000431   COMPRESSED   0x0000000e   Data   RW         8319    .data               bsp_rtc.o
    0x2000043f   COMPRESSED   0x00000001   Data   RW         9129    .data               easyflash.o
    0x20000440   COMPRESSED   0x00000010   Data   RW         9199    .data               ef_env.o
    0x20000450   COMPRESSED   0x00000004   Data   RW         9923    .data               mc_p.l(errno.o)
    0x20000454        -       0x00000048   Zero   RW         1453    .bss                dev_pin.o
    0x2000049c        -       0x00000081   Zero   RW         2284    .bss                shell.o
    0x2000051d   COMPRESSED   0x00000003   PAD
    0x20000520        -       0x000002a4   Zero   RW         2594    .bss                idle.o
    0x200007c4        -       0x000000b0   Zero   RW         3212    .bss                kservice.o
    0x20000874        -       0x00000100   Zero   RW         3787    .bss                scheduler_up.o
    0x20000974        -       0x0000015c   Zero   RW         7537    .bss                app_data.o
    0x20000ad0        -       0x0000003c   Zero   RW         7682    .bss                abs_lora.o
    0x20000b0c        -       0x000000d0   Zero   RW         8131    .bss                bsp_lora.o
    0x20000bdc        -       0x00000018   Zero   RW         8318    .bss                bsp_rtc.o
    0x20000bf4        -       0x00000174   Zero   RW         9196    .bss                ef_env.o
    0x20000d68        -       0x00000200   Zero   RW         1808    STACK               startup_ht32f5xxxx_01.o


==============================================================================

Image component sizes


      Code (inc. data)   RO Data    RW Data    ZI Data      Debug   Object Name

       138          0          0          6          0       1701   abs_key.o
       664        406          0          0          0       3630   abs_lcd.o
       334         36          0          0         60      26385   abs_lora.o
      1160        174          0          3        348       3130   app_data.o
         2          0          0          0          0      51387   board.o
       116         16          0          0          0       1311   bsp_beep.o
       200          4          0          0          0       1191   bsp_debug.o
       224         14          0          0          0       1504   bsp_ht32led.o
       100         10          0          0          0        928   bsp_key.o
       340         36          0          3          0       2250   bsp_lcd.o
       116         16          0          0          0       1304   bsp_led.o
       392         38          0          0        208       4015   bsp_lora.o
       726         76          0         14         24       4851   bsp_rtc.o
         0          0          0          0          0        392   cjson.o
       126         12          0          8          0       5044   clock.o
      4336       1504       1017        132          0      18619   cmd.o
        34          0          0          0          0      19078   completion_comm.o
       282         10          0          4          0       3328   completion_up.o
       190         30         16          0          0       5360   components.o
       224         32          0          0          0        772   context_rvds.o
       118         10          0          8          0       4076   cpu_up.o
       324        170          0         12          0       3412   cpuport.o
       220         26          0         12          0       5926   defunct.o
      1532        624        185          0         72      12158   dev_pin.o
      1542         40          0          4          0      10403   dev_serial.o
       466          4          0          0          0       4972   device.o
       136         22         37          0          0       2896   drv_common.o
      2310         96        868        256          0      18484   drv_gpio.o
       710         42         39        112          0      13972   drv_usart.o
       176         94         73          1          0       1093   easyflash.o
      6864       1712        422         16        372      39443   ef_env.o
       308        102         73          0          0       5511   ef_port.o
        48          6       1024          0          0       1244   ef_utils.o
       132         18          0          0          0       2410   ht32_cm0plus_misc.o
        92         10          0          0          0        975   ht32_msp.o
       352         40          0          0          0       6009   ht32f5xxxx_ckcu.o
       140         16          0          0          0       5763   ht32f5xxxx_exti.o
       156         16          0          0          0       2102   ht32f5xxxx_flash.o
       356         12          0          0          0       7875   ht32f5xxxx_gpio.o
       104         26          0          0          0       2465   ht32f5xxxx_pwrcu.o
       236         44          0          0          0       5145   ht32f5xxxx_rtc.o
       208          4          0          0          0       5398   ht32f5xxxx_usart.o
       160         28          0          4        676       1862   idle.o
      2092         48          0          0          0      17862   ipc.o
       164         24          0         12          0       4978   irq.o
       104         20        120        124          0       1853   kerrno.o
      1294        414        424         24        176      13900   kservice.o
        42          0          0          0          0        698   kstdio.o
       414          0          0          0          0       4807   kstring.o
      1040        462          0         16          0       5171   main.o
       716         70          0          0          0       4702   mem.o
      1536        278        145          0          0      13062   msh.o
        64          0          0          0          0        620   msh_parse.o
       636         28          0        260          0      11571   object.o
      1748         16         34          0          0       4623   rt_vsnprintf_tiny.o
       376          0          0          0          0       9591   scheduler_comm.o
       942         80          0         16        256      13140   scheduler_up.o
      2218        224          4         20        129      10415   shell.o
       356        238          0          0        512        836   startup_ht32f5xxxx_01.o
         0          0          0          0          0      23334   syscall_mem.o
       376         22          0          4          0       2315   system_ht32f5xxxx_01.o
       994         20          0          8          0      13479   thread.o
      1248         90          0         24          0      13971   timer.o

    ----------------------------------------------------------------------
     42830       7610       4528       1104       2836     490702   Object Totals
         0          0         32          0          0          0   (incl. Generated)
        76          0         15          1          3          0   (incl. Padding)

    ----------------------------------------------------------------------

      Code (inc. data)   RO Data    RW Data    ZI Data      Debug   Library Member Name

        86          0          0          0          0          0   __dczerorl2.o
        30          0          0          0          0         60   _chval.o
       166          0          0          0          0         84   _strtoul.o
        26          0          0          0          0         72   atoi.o
         8          4        133          0          0         60   ctype_o.o
         0          0          0          0          0          0   entry.o
         0          0          0          0          0          0   entry10a.o
         0          0          0          0          0          0   entry11a.o
         8          4          0          0          0          0   entry2.o
         4          0          0          0          0          0   entry5.o
         0          0          0          0          0          0   entry7b.o
         0          0          0          0          0          0   entry8b.o
         8          4          0          0          0          0   entry9a.o
         8          4          0          4          0         60   errno.o
        30          0          0          0          0          0   handlers.o
        36          8          0          0          0         68   init.o
         0          0          0          0          0          0   iusefp.o
        32          0          0          0          0         68   llshl.o
        38          0          0          0          0         68   llsshr.o
        34          0          0          0          0         68   llushr.o
        26          0          0          0          0         72   memcmp.o
        36          0          0          0          0         60   memcpya.o
        36          0          0          0          0        100   memseta.o
      2306        100          0          0          0        544   printfa.o
        20          0          0          0          0         60   strchr.o
        28          0          0          0          0         68   strcmp.o
        18          0          0          0          0         60   strcpy.o
        14          0          0          0          0         60   strlen.o
        30          0          0          0          0         72   strncmp.o
        26          0          0          0          0         68   strncpy.o
        40          0          0          0          0         72   strstr.o
       112          4          0          0          0         76   strtol.o
       118          0          0          0          0         84   strtoul.o
        44          0          0          0          0         72   uidiv.o
        96          0          0          0          0         84   uldiv.o
        40          2          0          0          0         68   cdrcmple.o
       356          4          0          0          0        140   dadd.o
       240          6          0          0          0         84   ddiv.o
       236          0          0          0          0        216   depilogue.o
        72         10          0          0          0         72   dfixi.o
        64         10          0          0          0         68   dfixul.o
        40          6          0          0          0         68   dflti.o
       208          6          0          0          0         88   dmul.o

    ----------------------------------------------------------------------
      4726        172        136          4          0       2964   Library Totals
         6          0          3          0          0          0   (incl. Padding)

    ----------------------------------------------------------------------

      Code (inc. data)   RO Data    RW Data    ZI Data      Debug   Library Name

      3464        128        133          4          0       2160   mc_p.l
      1256         44          0          0          0        804   mf_p.l

    ----------------------------------------------------------------------
      4726        172        136          4          0       2964   Library Totals

    ----------------------------------------------------------------------

==============================================================================


      Code (inc. data)   RO Data    RW Data    ZI Data      Debug   

     47556       7782       4664       1108       2836     473898   Grand Totals
     47556       7782       4664        300       2836     473898   ELF Image Totals (compressed)
     47556       7782       4664        300          0          0   ROM Totals

==============================================================================

    Total RO  Size (Code + RO Data)                52220 (  51.00kB)
    Total RW  Size (RW Data + ZI Data)              3944 (   3.85kB)
    Total ROM Size (Code + RO Data + RW Data)      52520 (  51.29kB)

==============================================================================

